#-----------------------------------------------------------
# Vivado v2025.1 (64-bit)
# SW Build 6140274 on Wed May 21 22:58:25 MDT 2025
# IP Build 6138677 on Thu May 22 03:10:11 MDT 2025
# SharedData Build 6139179 on Tue May 20 17:58:58 MDT 2025
# Start of session at: Mon May 11 18:00:27 2026
# Process ID         : 1743714
# Current directory  : /home/nathan37/nextpnr-xilinx
# Command line       : vivado -mode tcl
# Log file           : /home/nathan37/nextpnr-xilinx/vivado.log
# Journal file       : /home/nathan37/nextpnr-xilinx/vivado.jou
# Running On         : fastx3-20.ews.illinois.edu
# Platform           : RedHatEnterprise
# Operating System   : Red Hat Enterprise Linux 9.7 (Plow)
# Processor Detail   : Intel(R) Xeon(R) Silver 4216 CPU @ 2.10GHz
# CPU Frequency      : 2095.077 MHz
# CPU Physical cores : 10
# CPU Logical cores  : 10
# Host memory        : 24893 MB
# Swap memory        : 4294 MB
# Total Virtual      : 29188 MB
# Available Virtual  : 7836 MB
#-----------------------------------------------------------
# 1. Synthesize the test file
read_verilog /tmp/bufr_test.v
/tmp/bufr_test.v
synth_design -top top -part xc7s50csga324-1
Command: synth_design -top top -part xc7s50csga324-1
Starting synth_design
Attempting to get a license for feature 'Synthesis' and/or device 'xc7s50'
INFO: [Common 17-349] Got license for feature 'Synthesis' and/or device 'xc7s50'
INFO: [Synth 8-7079] Multithreading enabled for synth_design using a maximum of 7 processes.
INFO: [Synth 8-7078] Launching helper process for spawning children vivado processes
INFO: [Synth 8-7075] Helper process launched with PID 1746048
---------------------------------------------------------------------------------
Starting Synthesize : Time (s): cpu = 00:00:06 ; elapsed = 00:00:06 . Memory (MB): peak = 2277.109 ; gain = 431.508 ; free physical = 617 ; free virtual = 6998
---------------------------------------------------------------------------------
INFO: [Synth 8-6157] synthesizing module 'top' [/tmp/bufr_test.v:1]
INFO: [Synth 8-6157] synthesizing module 'BUFR' [/software/xilinx-2025.1/2025.1/Vivado/scripts/rt/data/unisim_comp.v:3017]
	Parameter BUFR_DIVIDE bound to: BYPASS - type: string 
INFO: [Synth 8-6155] done synthesizing module 'BUFR' (0#1) [/software/xilinx-2025.1/2025.1/Vivado/scripts/rt/data/unisim_comp.v:3017]
INFO: [Synth 8-6155] done synthesizing module 'top' (0#1) [/tmp/bufr_test.v:1]
---------------------------------------------------------------------------------
Finished Synthesize : Time (s): cpu = 00:00:08 ; elapsed = 00:00:08 . Memory (MB): peak = 2349.078 ; gain = 503.477 ; free physical = 588 ; free virtual = 6949
---------------------------------------------------------------------------------
---------------------------------------------------------------------------------
Finished Constraint Validation : Time (s): cpu = 00:00:09 ; elapsed = 00:00:09 . Memory (MB): peak = 2366.891 ; gain = 521.289 ; free physical = 719 ; free virtual = 7015
---------------------------------------------------------------------------------
---------------------------------------------------------------------------------
Start Loading Part and Timing Information
---------------------------------------------------------------------------------
Loading part: xc7s50csga324-1
INFO: [Device 21-403] Loading part xc7s50csga324-1
---------------------------------------------------------------------------------
Finished Loading Part and Timing Information : Time (s): cpu = 00:00:09 ; elapsed = 00:00:09 . Memory (MB): peak = 2366.891 ; gain = 521.289 ; free physical = 717 ; free virtual = 7012
---------------------------------------------------------------------------------
---------------------------------------------------------------------------------
Finished RTL Optimization Phase 2 : Time (s): cpu = 00:00:09 ; elapsed = 00:00:10 . Memory (MB): peak = 2366.891 ; gain = 521.289 ; free physical = 707 ; free virtual = 7003
---------------------------------------------------------------------------------
No constraint files found.
---------------------------------------------------------------------------------
Start RTL Component Statistics 
---------------------------------------------------------------------------------
Detailed RTL Component Info : 
---------------------------------------------------------------------------------
Finished RTL Component Statistics 
---------------------------------------------------------------------------------
---------------------------------------------------------------------------------
Start Part Resource Summary
---------------------------------------------------------------------------------
Part Resources:
DSPs: 120 (col length:60)
BRAMs: 150 (col length: RAMB18 60 RAMB36 30)
---------------------------------------------------------------------------------
Finished Part Resource Summary
---------------------------------------------------------------------------------
No constraint files found.
---------------------------------------------------------------------------------
Start Cross Boundary and Area Optimization
---------------------------------------------------------------------------------
WARNING: [Synth 8-7080] Parallel synthesis criteria is not met
---------------------------------------------------------------------------------
Finished Cross Boundary and Area Optimization : Time (s): cpu = 00:00:13 ; elapsed = 00:00:15 . Memory (MB): peak = 2433.703 ; gain = 588.102 ; free physical = 609 ; free virtual = 6924
---------------------------------------------------------------------------------
No constraint files found.
---------------------------------------------------------------------------------
Start Timing Optimization
---------------------------------------------------------------------------------
---------------------------------------------------------------------------------
Finished Timing Optimization : Time (s): cpu = 00:00:13 ; elapsed = 00:00:16 . Memory (MB): peak = 2457.516 ; gain = 611.914 ; free physical = 600 ; free virtual = 6915
---------------------------------------------------------------------------------
---------------------------------------------------------------------------------
Start Technology Mapping
---------------------------------------------------------------------------------
---------------------------------------------------------------------------------
Finished Technology Mapping : Time (s): cpu = 00:00:13 ; elapsed = 00:00:16 . Memory (MB): peak = 2457.516 ; gain = 611.914 ; free physical = 593 ; free virtual = 6908
---------------------------------------------------------------------------------
---------------------------------------------------------------------------------
Start IO Insertion
---------------------------------------------------------------------------------
---------------------------------------------------------------------------------
Start Flattening Before IO Insertion
---------------------------------------------------------------------------------
---------------------------------------------------------------------------------
Finished Flattening Before IO Insertion
---------------------------------------------------------------------------------
---------------------------------------------------------------------------------
Start Final Netlist Cleanup
---------------------------------------------------------------------------------
---------------------------------------------------------------------------------
Finished Final Netlist Cleanup
---------------------------------------------------------------------------------
---------------------------------------------------------------------------------
Finished IO Insertion : Time (s): cpu = 00:00:18 ; elapsed = 00:00:21 . Memory (MB): peak = 2630.328 ; gain = 784.727 ; free physical = 618 ; free virtual = 6854
---------------------------------------------------------------------------------
---------------------------------------------------------------------------------
Start Renaming Generated Instances
---------------------------------------------------------------------------------
---------------------------------------------------------------------------------
Finished Renaming Generated Instances : Time (s): cpu = 00:00:18 ; elapsed = 00:00:21 . Memory (MB): peak = 2630.328 ; gain = 784.727 ; free physical = 618 ; free virtual = 6854
---------------------------------------------------------------------------------
---------------------------------------------------------------------------------
Start Rebuilding User Hierarchy
---------------------------------------------------------------------------------
---------------------------------------------------------------------------------
Finished Rebuilding User Hierarchy : Time (s): cpu = 00:00:18 ; elapsed = 00:00:21 . Memory (MB): peak = 2630.328 ; gain = 784.727 ; free physical = 618 ; free virtual = 6854
---------------------------------------------------------------------------------
---------------------------------------------------------------------------------
Start Renaming Generated Ports
---------------------------------------------------------------------------------
---------------------------------------------------------------------------------
Finished Renaming Generated Ports : Time (s): cpu = 00:00:18 ; elapsed = 00:00:21 . Memory (MB): peak = 2630.328 ; gain = 784.727 ; free physical = 618 ; free virtual = 6854
---------------------------------------------------------------------------------
---------------------------------------------------------------------------------
Start Handling Custom Attributes
---------------------------------------------------------------------------------
---------------------------------------------------------------------------------
Finished Handling Custom Attributes : Time (s): cpu = 00:00:18 ; elapsed = 00:00:21 . Memory (MB): peak = 2630.328 ; gain = 784.727 ; free physical = 618 ; free virtual = 6854
---------------------------------------------------------------------------------
---------------------------------------------------------------------------------
Start Renaming Generated Nets
---------------------------------------------------------------------------------
---------------------------------------------------------------------------------
Finished Renaming Generated Nets : Time (s): cpu = 00:00:18 ; elapsed = 00:00:21 . Memory (MB): peak = 2630.328 ; gain = 784.727 ; free physical = 618 ; free virtual = 6854
---------------------------------------------------------------------------------
---------------------------------------------------------------------------------
Start Writing Synthesis Report
---------------------------------------------------------------------------------

Report BlackBoxes: 
+-+--------------+----------+
| |BlackBox name |Instances |
+-+--------------+----------+
+-+--------------+----------+

Report Cell Usage: 
+------+-----+------+
|      |Cell |Count |
+------+-----+------+
|1     |BUFR |     1|
|2     |IBUF |     1|
|3     |OBUF |     1|
+------+-----+------+

Report Instance Areas: 
+------+---------+-------+------+
|      |Instance |Module |Cells |
+------+---------+-------+------+
|1     |top      |       |     3|
+------+---------+-------+------+
---------------------------------------------------------------------------------
Finished Writing Synthesis Report : Time (s): cpu = 00:00:18 ; elapsed = 00:00:21 . Memory (MB): peak = 2630.328 ; gain = 784.727 ; free physical = 618 ; free virtual = 6854
---------------------------------------------------------------------------------
Synthesis finished with 0 errors, 0 critical warnings and 1 warnings.
Synthesis Optimization Runtime : Time (s): cpu = 00:00:18 ; elapsed = 00:00:21 . Memory (MB): peak = 2630.328 ; gain = 784.727 ; free physical = 618 ; free virtual = 6854
Synthesis Optimization Complete : Time (s): cpu = 00:00:18 ; elapsed = 00:00:21 . Memory (MB): peak = 2630.336 ; gain = 784.727 ; free physical = 618 ; free virtual = 6854
INFO: [Project 1-571] Translating synthesized netlist
Netlist sorting complete. Time (s): cpu = 00:00:00 ; elapsed = 00:00:00 . Memory (MB): peak = 2646.172 ; gain = 0.000 ; free physical = 756 ; free virtual = 6993
INFO: [Netlist 29-17] Analyzing 1 Unisim elements for replacement
INFO: [Netlist 29-28] Unisim Transformation completed in 0 CPU seconds
INFO: [Project 1-570] Preparing netlist for logic optimization
INFO: [Opt 31-138] Pushed 0 inverter(s) to 0 load pin(s).
Netlist sorting complete. Time (s): cpu = 00:00:00 ; elapsed = 00:00:00 . Memory (MB): peak = 2735.766 ; gain = 0.000 ; free physical = 659 ; free virtual = 6904
INFO: [Project 1-111] Unisim Transformation Summary:
No Unisim elements were transformed.

Synth Design complete | Checksum: 34d7fa03
INFO: [Common 17-83] Releasing license: Synthesis
16 Infos, 1 Warnings, 0 Critical Warnings and 0 Errors encountered.
synth_design completed successfully
synth_design: Time (s): cpu = 00:00:26 ; elapsed = 00:00:26 . Memory (MB): peak = 2735.801 ; gain = 890.199 ; free physical = 716 ; free virtual = 6962
INFO: [Common 17-2834] synth_design peak Physical Memory [PSS] (MB): overall = 1759.810; main = 1656.044; forked = 254.913
INFO: [Common 17-2834] synth_design peak Virtual Memory [VSS] (MB): overall = 4183.375; main = 2735.770; forked = 1586.855
design_1
# 2. Force placement to see where the silicon actually puts them
place_design
Command: place_design
Attempting to get a license for feature 'Implementation' and/or device 'xc7s50'
INFO: [Common 17-349] Got license for feature 'Implementation' and/or device 'xc7s50'
INFO: [Common 17-83] Releasing license: Implementation
INFO: [DRC 23-27] Running DRC with 8 threads
INFO: [Vivado_Tcl 4-198] DRC finished with 0 Errors
INFO: [Vivado_Tcl 4-199] Please refer to the DRC report (report_drc) for more information.
Running DRC as a precondition to command place_design
INFO: [DRC 23-27] Running DRC with 8 threads
INFO: [Vivado_Tcl 4-198] DRC finished with 0 Errors
INFO: [Vivado_Tcl 4-199] Please refer to the DRC report (report_drc) for more information.
INFO: [Place 30-611] Multithreading enabled for place_design using a maximum of 8 CPUs

Starting Placer Task

Phase 1 Placer Initialization

Phase 1.1 Placer Initialization Netlist Sorting
Netlist sorting complete. Time (s): cpu = 00:00:00 ; elapsed = 00:00:00 . Memory (MB): peak = 2783.789 ; gain = 0.000 ; free physical = 652 ; free virtual = 6898
Phase 1.1 Placer Initialization Netlist Sorting | Checksum: de024676

Time (s): cpu = 00:00:00.05 ; elapsed = 00:00:00.06 . Memory (MB): peak = 2783.789 ; gain = 0.000 ; free physical = 652 ; free virtual = 6898
INFO: [Timing 38-35] Done setting XDC timing constraints.
INFO: [Opt 31-138] Pushed 0 inverter(s) to 0 load pin(s).
Netlist sorting complete. Time (s): cpu = 00:00:00 ; elapsed = 00:00:00 . Memory (MB): peak = 2876.602 ; gain = 0.000 ; free physical = 557 ; free virtual = 6821

Phase 1.2 IO Placement/ Clock Placement/ Build Placer Device
Phase 1.2 IO Placement/ Clock Placement/ Build Placer Device | Checksum: fc4fed66

Time (s): cpu = 00:00:08 ; elapsed = 00:00:08 . Memory (MB): peak = 2964.645 ; gain = 180.855 ; free physical = 554 ; free virtual = 6818

Phase 1.3 Build Placer Netlist Model
Phase 1.3 Build Placer Netlist Model | Checksum: 178efa026

Time (s): cpu = 00:00:08 ; elapsed = 00:00:08 . Memory (MB): peak = 2964.645 ; gain = 180.855 ; free physical = 552 ; free virtual = 6816

Phase 1.4 Constrain Clocks/Macros
Phase 1.4 Constrain Clocks/Macros | Checksum: 178efa026

Time (s): cpu = 00:00:08 ; elapsed = 00:00:08 . Memory (MB): peak = 2964.645 ; gain = 180.855 ; free physical = 550 ; free virtual = 6816
Phase 1 Placer Initialization | Checksum: 178efa026

Time (s): cpu = 00:00:08 ; elapsed = 00:00:08 . Memory (MB): peak = 2964.645 ; gain = 180.855 ; free physical = 550 ; free virtual = 6815

Phase 2 Final Placement Cleanup
Netlist sorting complete. Time (s): cpu = 00:00:00 ; elapsed = 00:00:00 . Memory (MB): peak = 2964.645 ; gain = 0.000 ; free physical = 550 ; free virtual = 6815

Time (s): cpu = 00:00:08 ; elapsed = 00:00:08 . Memory (MB): peak = 2964.645 ; gain = 180.855 ; free physical = 550 ; free virtual = 6815
INFO: [Place 30-281] No place-able instance is found; design doesn't contain any instance or all instances are placed
Ending Placer Task | Checksum: fc4fed66

Time (s): cpu = 00:00:08 ; elapsed = 00:00:08 . Memory (MB): peak = 2964.645 ; gain = 180.855 ; free physical = 550 ; free virtual = 6815
12 Infos, 0 Warnings, 0 Critical Warnings and 0 Errors encountered.
place_design completed successfully
place_design: Time (s): cpu = 00:00:08 ; elapsed = 00:00:09 . Memory (MB): peak = 2964.645 ; gain = 228.844 ; free physical = 550 ; free virtual = 6815
# 3. Dump the Ground Truth data
puts "\n=================================================="

==================================================
puts "            VIVADO PHYSICAL MAPPING               "
            VIVADO PHYSICAL MAPPING               
puts "=================================================="
==================================================
foreach ref {BUFR BUFIO} {
    set cells [get_cells -hier -filter "REF_NAME == $ref"]
    if {[llength $cells] == 0} {
        puts "No cells found for $ref"
    } else {
        foreach cell $cells {
            set site [get_sites -of_objects $cell]
            puts "Primitive: $ref"
            puts "  Cell:      $cell"
            puts "  LOC:       [get_property LOC $cell]"
            puts "  BEL:       [get_property BEL $cell]"
            puts "  SITE_TYPE: [get_property SITE_TYPE $site]"
            puts "--------------------------------------------------"
        }
    }
}
Primitive: BUFR
  Cell:      u_bufr
  LOC:       BUFR_X0Y1
  BEL:       BUFR.BUFR
  SITE_TYPE: BUFR
--------------------------------------------------
WARNING: [Vivado 12-180] No cells matched 'get_cells -hier -filter {REF_NAME == BUFIO}'.
No cells found for BUFIO
# Clear previous state
close_project -quiet
# Synthesize and Place
read_verilog /tmp/bufr_test.v
/tmp/bufr_test.v
synth_design -top top -part xc7s50csga324-1
Command: synth_design -top top -part xc7s50csga324-1
Starting synth_design
Attempting to get a license for feature 'Synthesis' and/or device 'xc7s50'
INFO: [Common 17-349] Got license for feature 'Synthesis' and/or device 'xc7s50'
INFO: [Synth 8-7079] Multithreading enabled for synth_design using a maximum of 7 processes.
---------------------------------------------------------------------------------
Starting Synthesize : Time (s): cpu = 00:00:06 ; elapsed = 00:00:06 . Memory (MB): peak = 2964.645 ; gain = 0.000 ; free physical = 812 ; free virtual = 6891
---------------------------------------------------------------------------------
INFO: [Synth 8-6157] synthesizing module 'top' [/tmp/bufr_test.v:1]
INFO: [Synth 8-6157] synthesizing module 'BUFR' [/software/xilinx-2025.1/2025.1/Vivado/scripts/rt/data/unisim_comp.v:3017]
	Parameter BUFR_DIVIDE bound to: BYPASS - type: string 
INFO: [Synth 8-6155] done synthesizing module 'BUFR' (0#1) [/software/xilinx-2025.1/2025.1/Vivado/scripts/rt/data/unisim_comp.v:3017]
INFO: [Synth 8-6157] synthesizing module 'BUFIO' [/software/xilinx-2025.1/2025.1/Vivado/scripts/rt/data/unisim_comp.v:2951]
INFO: [Synth 8-6155] done synthesizing module 'BUFIO' (0#1) [/software/xilinx-2025.1/2025.1/Vivado/scripts/rt/data/unisim_comp.v:2951]
INFO: [Synth 8-6155] done synthesizing module 'top' (0#1) [/tmp/bufr_test.v:1]
---------------------------------------------------------------------------------
Finished Synthesize : Time (s): cpu = 00:00:08 ; elapsed = 00:00:08 . Memory (MB): peak = 2974.621 ; gain = 9.977 ; free physical = 739 ; free virtual = 6817
---------------------------------------------------------------------------------
---------------------------------------------------------------------------------
Finished Constraint Validation : Time (s): cpu = 00:00:08 ; elapsed = 00:00:08 . Memory (MB): peak = 2977.590 ; gain = 12.945 ; free physical = 743 ; free virtual = 6822
---------------------------------------------------------------------------------
---------------------------------------------------------------------------------
Start Loading Part and Timing Information
---------------------------------------------------------------------------------
Loading part: xc7s50csga324-1
---------------------------------------------------------------------------------
Finished Loading Part and Timing Information : Time (s): cpu = 00:00:08 ; elapsed = 00:00:08 . Memory (MB): peak = 2977.590 ; gain = 12.945 ; free physical = 743 ; free virtual = 6822
---------------------------------------------------------------------------------
---------------------------------------------------------------------------------
Finished RTL Optimization Phase 2 : Time (s): cpu = 00:00:08 ; elapsed = 00:00:08 . Memory (MB): peak = 2977.590 ; gain = 12.945 ; free physical = 738 ; free virtual = 6818
---------------------------------------------------------------------------------
No constraint files found.
---------------------------------------------------------------------------------
Start RTL Component Statistics 
---------------------------------------------------------------------------------
Detailed RTL Component Info : 
---------------------------------------------------------------------------------
Finished RTL Component Statistics 
---------------------------------------------------------------------------------
---------------------------------------------------------------------------------
Start Part Resource Summary
---------------------------------------------------------------------------------
Part Resources:
DSPs: 120 (col length:60)
BRAMs: 150 (col length: RAMB18 60 RAMB36 30)
---------------------------------------------------------------------------------
Finished Part Resource Summary
---------------------------------------------------------------------------------
No constraint files found.
---------------------------------------------------------------------------------
Start Cross Boundary and Area Optimization
---------------------------------------------------------------------------------
WARNING: [Synth 8-7080] Parallel synthesis criteria is not met
---------------------------------------------------------------------------------
Finished Cross Boundary and Area Optimization : Time (s): cpu = 00:00:08 ; elapsed = 00:00:09 . Memory (MB): peak = 2977.590 ; gain = 12.945 ; free physical = 740 ; free virtual = 6820
---------------------------------------------------------------------------------
No constraint files found.
---------------------------------------------------------------------------------
Start Timing Optimization
---------------------------------------------------------------------------------
---------------------------------------------------------------------------------
Finished Timing Optimization : Time (s): cpu = 00:00:08 ; elapsed = 00:00:09 . Memory (MB): peak = 2977.590 ; gain = 12.945 ; free physical = 736 ; free virtual = 6816
---------------------------------------------------------------------------------
---------------------------------------------------------------------------------
Start Technology Mapping
---------------------------------------------------------------------------------
---------------------------------------------------------------------------------
Finished Technology Mapping : Time (s): cpu = 00:00:08 ; elapsed = 00:00:09 . Memory (MB): peak = 2985.598 ; gain = 20.953 ; free physical = 732 ; free virtual = 6812
---------------------------------------------------------------------------------
---------------------------------------------------------------------------------
Start IO Insertion
---------------------------------------------------------------------------------
---------------------------------------------------------------------------------
Start Flattening Before IO Insertion
---------------------------------------------------------------------------------
---------------------------------------------------------------------------------
Finished Flattening Before IO Insertion
---------------------------------------------------------------------------------
---------------------------------------------------------------------------------
Start Final Netlist Cleanup
---------------------------------------------------------------------------------
---------------------------------------------------------------------------------
Finished Final Netlist Cleanup
---------------------------------------------------------------------------------
---------------------------------------------------------------------------------
Finished IO Insertion : Time (s): cpu = 00:00:13 ; elapsed = 00:00:14 . Memory (MB): peak = 2985.598 ; gain = 20.953 ; free physical = 722 ; free virtual = 6804
---------------------------------------------------------------------------------
---------------------------------------------------------------------------------
Start Renaming Generated Instances
---------------------------------------------------------------------------------
---------------------------------------------------------------------------------
Finished Renaming Generated Instances : Time (s): cpu = 00:00:13 ; elapsed = 00:00:14 . Memory (MB): peak = 2985.598 ; gain = 20.953 ; free physical = 722 ; free virtual = 6804
---------------------------------------------------------------------------------
---------------------------------------------------------------------------------
Start Rebuilding User Hierarchy
---------------------------------------------------------------------------------
---------------------------------------------------------------------------------
Finished Rebuilding User Hierarchy : Time (s): cpu = 00:00:13 ; elapsed = 00:00:14 . Memory (MB): peak = 2985.598 ; gain = 20.953 ; free physical = 722 ; free virtual = 6804
---------------------------------------------------------------------------------
---------------------------------------------------------------------------------
Start Renaming Generated Ports
---------------------------------------------------------------------------------
---------------------------------------------------------------------------------
Finished Renaming Generated Ports : Time (s): cpu = 00:00:13 ; elapsed = 00:00:14 . Memory (MB): peak = 2985.598 ; gain = 20.953 ; free physical = 722 ; free virtual = 6804
---------------------------------------------------------------------------------
---------------------------------------------------------------------------------
Start Handling Custom Attributes
---------------------------------------------------------------------------------
---------------------------------------------------------------------------------
Finished Handling Custom Attributes : Time (s): cpu = 00:00:13 ; elapsed = 00:00:14 . Memory (MB): peak = 2985.598 ; gain = 20.953 ; free physical = 722 ; free virtual = 6804
---------------------------------------------------------------------------------
---------------------------------------------------------------------------------
Start Renaming Generated Nets
---------------------------------------------------------------------------------
---------------------------------------------------------------------------------
Finished Renaming Generated Nets : Time (s): cpu = 00:00:13 ; elapsed = 00:00:14 . Memory (MB): peak = 2985.598 ; gain = 20.953 ; free physical = 722 ; free virtual = 6804
---------------------------------------------------------------------------------
---------------------------------------------------------------------------------
Start Writing Synthesis Report
---------------------------------------------------------------------------------

Report BlackBoxes: 
+-+--------------+----------+
| |BlackBox name |Instances |
+-+--------------+----------+
+-+--------------+----------+

Report Cell Usage: 
+------+------+------+
|      |Cell  |Count |
+------+------+------+
|1     |BUFIO |     1|
|2     |BUFR  |     1|
|3     |IBUF  |     1|
|4     |OBUF  |     2|
+------+------+------+
---------------------------------------------------------------------------------
Finished Writing Synthesis Report : Time (s): cpu = 00:00:13 ; elapsed = 00:00:14 . Memory (MB): peak = 2985.598 ; gain = 20.953 ; free physical = 722 ; free virtual = 6804
---------------------------------------------------------------------------------
Synthesis finished with 0 errors, 0 critical warnings and 1 warnings.
Synthesis Optimization Runtime : Time (s): cpu = 00:00:13 ; elapsed = 00:00:14 . Memory (MB): peak = 2985.598 ; gain = 20.953 ; free physical = 722 ; free virtual = 6804
Synthesis Optimization Complete : Time (s): cpu = 00:00:13 ; elapsed = 00:00:14 . Memory (MB): peak = 2985.605 ; gain = 20.953 ; free physical = 722 ; free virtual = 6804
INFO: [Project 1-571] Translating synthesized netlist
Netlist sorting complete. Time (s): cpu = 00:00:00 ; elapsed = 00:00:00 . Memory (MB): peak = 2985.605 ; gain = 0.000 ; free physical = 722 ; free virtual = 6804
INFO: [Netlist 29-17] Analyzing 1 Unisim elements for replacement
INFO: [Netlist 29-28] Unisim Transformation completed in 0 CPU seconds
INFO: [Project 1-570] Preparing netlist for logic optimization
INFO: [Opt 31-138] Pushed 0 inverter(s) to 0 load pin(s).
Netlist sorting complete. Time (s): cpu = 00:00:00 ; elapsed = 00:00:00 . Memory (MB): peak = 2985.605 ; gain = 0.000 ; free physical = 883 ; free virtual = 6967
INFO: [Project 1-111] Unisim Transformation Summary:
No Unisim elements were transformed.

Synth Design complete | Checksum: b15b967d
INFO: [Common 17-83] Releasing license: Synthesis
15 Infos, 1 Warnings, 0 Critical Warnings and 0 Errors encountered.
synth_design completed successfully
synth_design: Time (s): cpu = 00:00:21 ; elapsed = 00:00:18 . Memory (MB): peak = 2985.633 ; gain = 20.988 ; free physical = 885 ; free virtual = 6968
INFO: [Common 17-2834] synth_design peak Physical Memory [PSS] (MB): overall = 2075.307; main = 1850.244; forked = 254.158
INFO: [Common 17-2834] synth_design peak Virtual Memory [VSS] (MB): overall = 4572.457; main = 2985.602; forked = 1586.855
design_1
place_design
Command: place_design
Attempting to get a license for feature 'Implementation' and/or device 'xc7s50'
INFO: [Common 17-349] Got license for feature 'Implementation' and/or device 'xc7s50'
INFO: [Common 17-83] Releasing license: Implementation
INFO: [DRC 23-27] Running DRC with 8 threads
INFO: [Vivado_Tcl 4-198] DRC finished with 0 Errors
INFO: [Vivado_Tcl 4-199] Please refer to the DRC report (report_drc) for more information.
Running DRC as a precondition to command place_design
INFO: [DRC 23-27] Running DRC with 8 threads
INFO: [Vivado_Tcl 4-198] DRC finished with 0 Errors
INFO: [Vivado_Tcl 4-199] Please refer to the DRC report (report_drc) for more information.
INFO: [Place 30-611] Multithreading enabled for place_design using a maximum of 8 CPUs

Starting Placer Task

Phase 1 Placer Initialization

Phase 1.1 Placer Initialization Netlist Sorting
Netlist sorting complete. Time (s): cpu = 00:00:00 ; elapsed = 00:00:00 . Memory (MB): peak = 2985.633 ; gain = 0.000 ; free physical = 887 ; free virtual = 6970
Phase 1.1 Placer Initialization Netlist Sorting | Checksum: 180164cc7

Time (s): cpu = 00:00:00.01 ; elapsed = 00:00:00 . Memory (MB): peak = 2985.633 ; gain = 0.000 ; free physical = 887 ; free virtual = 6970
INFO: [Timing 38-35] Done setting XDC timing constraints.
INFO: [Opt 31-138] Pushed 0 inverter(s) to 0 load pin(s).
Netlist sorting complete. Time (s): cpu = 00:00:00 ; elapsed = 00:00:00 . Memory (MB): peak = 3017.598 ; gain = 0.000 ; free physical = 886 ; free virtual = 6965

Phase 1.2 IO Placement/ Clock Placement/ Build Placer Device
ERROR: [Place 30-569] BUFIO instance 'u_bufio' is driving 'I' pin of instance 'clk_out_i_OBUF_inst'{OBUF}. This will lead to unroutable situation. A BUFIO can drive only clock pins of IO tile
Phase 1.2 IO Placement/ Clock Placement/ Build Placer Device | Checksum: 180164cc7

Time (s): cpu = 00:00:07 ; elapsed = 00:00:08 . Memory (MB): peak = 3073.625 ; gain = 87.992 ; free physical = 885 ; free virtual = 6964
Phase 1 Placer Initialization | Checksum: 180164cc7

Time (s): cpu = 00:00:07 ; elapsed = 00:00:08 . Memory (MB): peak = 3073.625 ; gain = 87.992 ; free physical = 885 ; free virtual = 6964
ERROR: [Place 30-99] Placer failed with error: 'Implementation Feasibility check failed, Please see the previously displayed individual error or warning messages for more details.'
Please review all ERROR, CRITICAL WARNING, and WARNING messages during placement to understand the cause for failure.
Ending Placer Task | Checksum: 180164cc7

Time (s): cpu = 00:00:07 ; elapsed = 00:00:08 . Memory (MB): peak = 3073.625 ; gain = 87.992 ; free physical = 885 ; free virtual = 6964
11 Infos, 0 Warnings, 0 Critical Warnings and 3 Errors encountered.
place_design failed
ERROR: [Common 17-69] Command failed: Placer could not place all instances
# Extract the Physical Mapping
foreach ref {BUFR BUFIO} {
    set cells [get_cells -hier -filter "REF_NAME == $ref"]
    foreach cell $cells {
        puts "Primitive: $ref | LOC: [get_property LOC $cell] | BEL: [get_property BEL $cell] | SITE_TYPE: [get_property SITE_TYPE [get_sites -of_objects $cell]]"
    }
}
ERROR: [Common 17-55] 'get_property' expects at least one object.
Resolution: If [get_<value>] was used to populate the object, check to make sure this command returns at least one valid object.
reset
WARNING: [Common 17-259] Unknown Tcl command 'reset' sending command to the OS shell for execution. It is recommended to use 'exec' to send the command to the OS shell.
# 1. Reset and Load
close_project -quiet
read_verilog /tmp/bufr_test.v
/tmp/bufr_test.v
synth_design -top top -part xc7s50csga324-1
Command: synth_design -top top -part xc7s50csga324-1
Starting synth_design
Attempting to get a license for feature 'Synthesis' and/or device 'xc7s50'
INFO: [Common 17-349] Got license for feature 'Synthesis' and/or device 'xc7s50'
INFO: [Synth 8-7079] Multithreading enabled for synth_design using a maximum of 7 processes.
---------------------------------------------------------------------------------
Starting Synthesize : Time (s): cpu = 00:00:05 ; elapsed = 00:00:06 . Memory (MB): peak = 3073.660 ; gain = 0.000 ; free physical = 889 ; free virtual = 6850
---------------------------------------------------------------------------------
INFO: [Synth 8-6157] synthesizing module 'top' [/tmp/bufr_test.v:1]
INFO: [Synth 8-6157] synthesizing module 'BUFR' [/software/xilinx-2025.1/2025.1/Vivado/scripts/rt/data/unisim_comp.v:3017]
	Parameter BUFR_DIVIDE bound to: BYPASS - type: string 
INFO: [Synth 8-6155] done synthesizing module 'BUFR' (0#1) [/software/xilinx-2025.1/2025.1/Vivado/scripts/rt/data/unisim_comp.v:3017]
INFO: [Synth 8-6157] synthesizing module 'BUFIO' [/software/xilinx-2025.1/2025.1/Vivado/scripts/rt/data/unisim_comp.v:2951]
INFO: [Synth 8-6155] done synthesizing module 'BUFIO' (0#1) [/software/xilinx-2025.1/2025.1/Vivado/scripts/rt/data/unisim_comp.v:2951]
INFO: [Synth 8-6157] synthesizing module 'IDDR' [/software/xilinx-2025.1/2025.1/Vivado/scripts/rt/data/unisim_comp.v:78842]
	Parameter DDR_CLK_EDGE bound to: OPPOSITE_EDGE - type: string 
INFO: [Synth 8-6155] done synthesizing module 'IDDR' (0#1) [/software/xilinx-2025.1/2025.1/Vivado/scripts/rt/data/unisim_comp.v:78842]
INFO: [Synth 8-6155] done synthesizing module 'top' (0#1) [/tmp/bufr_test.v:1]
---------------------------------------------------------------------------------
Finished Synthesize : Time (s): cpu = 00:00:07 ; elapsed = 00:00:08 . Memory (MB): peak = 3073.660 ; gain = 0.000 ; free physical = 864 ; free virtual = 6825
---------------------------------------------------------------------------------
---------------------------------------------------------------------------------
Finished Constraint Validation : Time (s): cpu = 00:00:07 ; elapsed = 00:00:08 . Memory (MB): peak = 3073.660 ; gain = 0.000 ; free physical = 864 ; free virtual = 6826
---------------------------------------------------------------------------------
---------------------------------------------------------------------------------
Start Loading Part and Timing Information
---------------------------------------------------------------------------------
Loading part: xc7s50csga324-1
---------------------------------------------------------------------------------
Finished Loading Part and Timing Information : Time (s): cpu = 00:00:07 ; elapsed = 00:00:08 . Memory (MB): peak = 3073.660 ; gain = 0.000 ; free physical = 864 ; free virtual = 6826
---------------------------------------------------------------------------------
---------------------------------------------------------------------------------
Finished RTL Optimization Phase 2 : Time (s): cpu = 00:00:07 ; elapsed = 00:00:08 . Memory (MB): peak = 3073.660 ; gain = 0.000 ; free physical = 858 ; free virtual = 6821
---------------------------------------------------------------------------------
No constraint files found.
---------------------------------------------------------------------------------
Start RTL Component Statistics 
---------------------------------------------------------------------------------
Detailed RTL Component Info : 
+---Registers : 
	                1 Bit    Registers := 1     
---------------------------------------------------------------------------------
Finished RTL Component Statistics 
---------------------------------------------------------------------------------
---------------------------------------------------------------------------------
Start Part Resource Summary
---------------------------------------------------------------------------------
Part Resources:
DSPs: 120 (col length:60)
BRAMs: 150 (col length: RAMB18 60 RAMB36 30)
---------------------------------------------------------------------------------
Finished Part Resource Summary
---------------------------------------------------------------------------------
No constraint files found.
---------------------------------------------------------------------------------
Start Cross Boundary and Area Optimization
---------------------------------------------------------------------------------
WARNING: [Synth 8-7080] Parallel synthesis criteria is not met
---------------------------------------------------------------------------------
Finished Cross Boundary and Area Optimization : Time (s): cpu = 00:00:08 ; elapsed = 00:00:08 . Memory (MB): peak = 3073.660 ; gain = 0.000 ; free physical = 849 ; free virtual = 6815
---------------------------------------------------------------------------------
No constraint files found.
---------------------------------------------------------------------------------
Start Timing Optimization
---------------------------------------------------------------------------------
---------------------------------------------------------------------------------
Finished Timing Optimization : Time (s): cpu = 00:00:08 ; elapsed = 00:00:09 . Memory (MB): peak = 3073.660 ; gain = 0.000 ; free physical = 849 ; free virtual = 6814
---------------------------------------------------------------------------------
---------------------------------------------------------------------------------
Start Technology Mapping
---------------------------------------------------------------------------------
---------------------------------------------------------------------------------
Finished Technology Mapping : Time (s): cpu = 00:00:08 ; elapsed = 00:00:09 . Memory (MB): peak = 3073.660 ; gain = 0.000 ; free physical = 848 ; free virtual = 6814
---------------------------------------------------------------------------------
---------------------------------------------------------------------------------
Start IO Insertion
---------------------------------------------------------------------------------
---------------------------------------------------------------------------------
Start Flattening Before IO Insertion
---------------------------------------------------------------------------------
---------------------------------------------------------------------------------
Finished Flattening Before IO Insertion
---------------------------------------------------------------------------------
---------------------------------------------------------------------------------
Start Final Netlist Cleanup
---------------------------------------------------------------------------------
---------------------------------------------------------------------------------
Finished Final Netlist Cleanup
---------------------------------------------------------------------------------
---------------------------------------------------------------------------------
Finished IO Insertion : Time (s): cpu = 00:00:12 ; elapsed = 00:00:13 . Memory (MB): peak = 3073.660 ; gain = 0.000 ; free physical = 843 ; free virtual = 6817
---------------------------------------------------------------------------------
---------------------------------------------------------------------------------
Start Renaming Generated Instances
---------------------------------------------------------------------------------
---------------------------------------------------------------------------------
Finished Renaming Generated Instances : Time (s): cpu = 00:00:12 ; elapsed = 00:00:13 . Memory (MB): peak = 3073.660 ; gain = 0.000 ; free physical = 843 ; free virtual = 6817
---------------------------------------------------------------------------------
---------------------------------------------------------------------------------
Start Rebuilding User Hierarchy
---------------------------------------------------------------------------------
---------------------------------------------------------------------------------
Finished Rebuilding User Hierarchy : Time (s): cpu = 00:00:12 ; elapsed = 00:00:13 . Memory (MB): peak = 3073.660 ; gain = 0.000 ; free physical = 843 ; free virtual = 6817
---------------------------------------------------------------------------------
---------------------------------------------------------------------------------
Start Renaming Generated Ports
---------------------------------------------------------------------------------
---------------------------------------------------------------------------------
Finished Renaming Generated Ports : Time (s): cpu = 00:00:12 ; elapsed = 00:00:13 . Memory (MB): peak = 3073.660 ; gain = 0.000 ; free physical = 843 ; free virtual = 6817
---------------------------------------------------------------------------------
---------------------------------------------------------------------------------
Start Handling Custom Attributes
---------------------------------------------------------------------------------
---------------------------------------------------------------------------------
Finished Handling Custom Attributes : Time (s): cpu = 00:00:12 ; elapsed = 00:00:13 . Memory (MB): peak = 3073.660 ; gain = 0.000 ; free physical = 843 ; free virtual = 6817
---------------------------------------------------------------------------------
---------------------------------------------------------------------------------
Start Renaming Generated Nets
---------------------------------------------------------------------------------
---------------------------------------------------------------------------------
Finished Renaming Generated Nets : Time (s): cpu = 00:00:12 ; elapsed = 00:00:13 . Memory (MB): peak = 3073.660 ; gain = 0.000 ; free physical = 843 ; free virtual = 6817
---------------------------------------------------------------------------------
---------------------------------------------------------------------------------
Start Writing Synthesis Report
---------------------------------------------------------------------------------

Report BlackBoxes: 
+-+--------------+----------+
| |BlackBox name |Instances |
+-+--------------+----------+
+-+--------------+----------+

Report Cell Usage: 
+------+------+------+
|      |Cell  |Count |
+------+------+------+
|1     |BUFIO |     1|
|2     |BUFR  |     1|
|3     |IDDR  |     1|
|4     |LUT1  |     1|
|5     |FDRE  |     1|
|6     |IBUF  |     1|
|7     |OBUF  |     2|
+------+------+------+
---------------------------------------------------------------------------------
Finished Writing Synthesis Report : Time (s): cpu = 00:00:12 ; elapsed = 00:00:13 . Memory (MB): peak = 3073.660 ; gain = 0.000 ; free physical = 843 ; free virtual = 6817
---------------------------------------------------------------------------------
Synthesis finished with 0 errors, 0 critical warnings and 1 warnings.
Synthesis Optimization Runtime : Time (s): cpu = 00:00:12 ; elapsed = 00:00:13 . Memory (MB): peak = 3073.660 ; gain = 0.000 ; free physical = 843 ; free virtual = 6817
Synthesis Optimization Complete : Time (s): cpu = 00:00:12 ; elapsed = 00:00:13 . Memory (MB): peak = 3073.660 ; gain = 0.000 ; free physical = 843 ; free virtual = 6817
INFO: [Project 1-571] Translating synthesized netlist
Netlist sorting complete. Time (s): cpu = 00:00:00.01 ; elapsed = 00:00:00 . Memory (MB): peak = 3073.660 ; gain = 0.000 ; free physical = 843 ; free virtual = 6817
INFO: [Netlist 29-17] Analyzing 2 Unisim elements for replacement
INFO: [Netlist 29-28] Unisim Transformation completed in 0 CPU seconds
INFO: [Project 1-570] Preparing netlist for logic optimization
INFO: [Opt 31-138] Pushed 0 inverter(s) to 0 load pin(s).
Netlist sorting complete. Time (s): cpu = 00:00:00 ; elapsed = 00:00:00 . Memory (MB): peak = 3073.660 ; gain = 0.000 ; free physical = 1008 ; free virtual = 6983
INFO: [Project 1-111] Unisim Transformation Summary:
No Unisim elements were transformed.

Synth Design complete | Checksum: 8c28bd28
INFO: [Common 17-83] Releasing license: Synthesis
17 Infos, 1 Warnings, 0 Critical Warnings and 0 Errors encountered.
synth_design completed successfully
synth_design: Time (s): cpu = 00:00:20 ; elapsed = 00:00:17 . Memory (MB): peak = 3073.660 ; gain = 0.035 ; free physical = 1010 ; free virtual = 6984
INFO: [Common 17-2834] synth_design peak Physical Memory [PSS] (MB): overall = 2109.927; main = 1885.763; forked = 253.461
INFO: [Common 17-2834] synth_design peak Virtual Memory [VSS] (MB): overall = 4660.484; main = 3073.629; forked = 1586.855
design_1
# 2. Place Design (This will now succeed because of the IDDR load)
place_design
Command: place_design
Attempting to get a license for feature 'Implementation' and/or device 'xc7s50'
INFO: [Common 17-349] Got license for feature 'Implementation' and/or device 'xc7s50'
INFO: [Common 17-83] Releasing license: Implementation
INFO: [DRC 23-27] Running DRC with 8 threads
INFO: [Vivado_Tcl 4-198] DRC finished with 0 Errors
INFO: [Vivado_Tcl 4-199] Please refer to the DRC report (report_drc) for more information.
Running DRC as a precondition to command place_design
INFO: [DRC 23-27] Running DRC with 8 threads
INFO: [Vivado_Tcl 4-198] DRC finished with 0 Errors
INFO: [Vivado_Tcl 4-199] Please refer to the DRC report (report_drc) for more information.
INFO: [Place 30-611] Multithreading enabled for place_design using a maximum of 8 CPUs

Starting Placer Task

Phase 1 Placer Initialization

Phase 1.1 Placer Initialization Netlist Sorting
Netlist sorting complete. Time (s): cpu = 00:00:00 ; elapsed = 00:00:00 . Memory (MB): peak = 3088.469 ; gain = 0.000 ; free physical = 991 ; free virtual = 6972
Phase 1.1 Placer Initialization Netlist Sorting | Checksum: 180164cc7

Time (s): cpu = 00:00:00 ; elapsed = 00:00:00 . Memory (MB): peak = 3088.469 ; gain = 0.000 ; free physical = 991 ; free virtual = 6972
INFO: [Timing 38-35] Done setting XDC timing constraints.
INFO: [Opt 31-138] Pushed 0 inverter(s) to 0 load pin(s).
Netlist sorting complete. Time (s): cpu = 00:00:00 ; elapsed = 00:00:00 . Memory (MB): peak = 3120.469 ; gain = 0.000 ; free physical = 943 ; free virtual = 6937

Phase 1.2 IO Placement/ Clock Placement/ Build Placer Device
ERROR: [Place 30-806] Clock placer fails to converge to a solution. Please try to LOC the following instances, which may allow clock placer to converge and find a legal solution:
	Driver inst: u_bufio
	Load inst: u_iddr


ERROR: [Place 30-74] Invalid exception caught: Placer fails to converge to a solution
Phase 1.2 IO Placement/ Clock Placement/ Build Placer Device | Checksum: 11ece8c9b

Time (s): cpu = 00:00:07 ; elapsed = 00:00:08 . Memory (MB): peak = 3128.473 ; gain = 40.004 ; free physical = 944 ; free virtual = 6937
Phase 1 Placer Initialization | Checksum: 11ece8c9b

Time (s): cpu = 00:00:07 ; elapsed = 00:00:08 . Memory (MB): peak = 3128.473 ; gain = 40.004 ; free physical = 944 ; free virtual = 6937
ERROR: [Place 30-99] Placer failed with error: 'IO Clock Placer failed'
Please review all ERROR, CRITICAL WARNING, and WARNING messages during placement to understand the cause for failure.
Ending Placer Task | Checksum: 11ece8c9b

Time (s): cpu = 00:00:07 ; elapsed = 00:00:08 . Memory (MB): peak = 3128.473 ; gain = 40.004 ; free physical = 944 ; free virtual = 6937
11 Infos, 0 Warnings, 0 Critical Warnings and 4 Errors encountered.
place_design failed
ERROR: [Common 17-69] Command failed: Placer could not place all instances
# 3. Extract the Ground Truth
puts "\n=================================================="

==================================================
puts "            VIVADO PHYSICAL MAPPING               "
            VIVADO PHYSICAL MAPPING               
puts "=================================================="
==================================================
foreach ref {BUFR BUFIO} {
    set cells [get_cells -hier -filter "REF_NAME == $ref"]
    foreach cell $cells {
        set site [get_sites -of_objects $cell]
        puts "Primitive: $ref"
        puts "  LOC:       [get_property LOC $cell]"
        puts "  BEL:       [get_property BEL $cell]"
        puts "  SITE_TYPE: [get_property SITE_TYPE $site]"
        puts "--------------------------------------------------"
    }
}
Primitive: BUFR
  LOC:       
  BEL:       
ERROR: [Common 17-55] 'get_property' expects at least one object.
Resolution: If [get_<value>] was used to populate the object, check to make sure this command returns at least one valid object.
reset
WARNING: [Common 17-259] Unknown Tcl command 'reset' sending command to the OS shell for execution. It is recommended to use 'exec' to send the command to the OS shell.
# Anchor the clock to a specific Clock-Capable (CC) pin
set_property PACKAGE_PIN L16 [get_ports clk_in]
ERROR: [Vivado 12-1411] Cannot set LOC property of ports, u_bufio. Illegal to place instance u_bufio on site TIEOFF_X0Y44. The location site type (TIEOFF) and bel type (HARD0) do not match the cell type (BUFIO). Instance u_bufio belongs to a shape with reference instance clk_in_IBUF_inst. Shape elements have relative placement respect to each other. The invalid location might results from a constraint on any of the instance in the shape.
set_property IOSTANDARD LVCMOS33 [get_ports clk_in]
# Run placement again
place_design
Command: place_design
Attempting to get a license for feature 'Implementation' and/or device 'xc7s50'
INFO: [Common 17-349] Got license for feature 'Implementation' and/or device 'xc7s50'
INFO: [Common 17-83] Releasing license: Implementation
INFO: [DRC 23-27] Running DRC with 8 threads
INFO: [Vivado_Tcl 4-198] DRC finished with 0 Errors
INFO: [Vivado_Tcl 4-199] Please refer to the DRC report (report_drc) for more information.
Running DRC as a precondition to command place_design
INFO: [DRC 23-27] Running DRC with 8 threads
INFO: [Vivado_Tcl 4-198] DRC finished with 0 Errors
INFO: [Vivado_Tcl 4-199] Please refer to the DRC report (report_drc) for more information.
INFO: [Place 30-611] Multithreading enabled for place_design using a maximum of 8 CPUs

Starting Placer Task

Phase 1 Placer Initialization

Phase 1.1 Placer Initialization Netlist Sorting
Netlist sorting complete. Time (s): cpu = 00:00:00 ; elapsed = 00:00:00 . Memory (MB): peak = 3128.473 ; gain = 0.000 ; free physical = 748 ; free virtual = 6833
Phase 1.1 Placer Initialization Netlist Sorting | Checksum: 11ece8c9b

Time (s): cpu = 00:00:00 ; elapsed = 00:00:00 . Memory (MB): peak = 3128.473 ; gain = 0.000 ; free physical = 749 ; free virtual = 6834
INFO: [Timing 38-35] Done setting XDC timing constraints.
INFO: [Opt 31-138] Pushed 0 inverter(s) to 0 load pin(s).
Netlist sorting complete. Time (s): cpu = 00:00:00 ; elapsed = 00:00:00 . Memory (MB): peak = 3128.473 ; gain = 0.000 ; free physical = 749 ; free virtual = 6834

Phase 1.2 IO Placement/ Clock Placement/ Build Placer Device
INFO: [Timing 38-35] Done setting XDC timing constraints.
Phase 1.2 IO Placement/ Clock Placement/ Build Placer Device | Checksum: 15b04a88e

Time (s): cpu = 00:00:00.32 ; elapsed = 00:00:00.21 . Memory (MB): peak = 3128.473 ; gain = 0.000 ; free physical = 743 ; free virtual = 6828

Phase 1.3 Build Placer Netlist Model
Phase 1.3 Build Placer Netlist Model | Checksum: 1f9065e89

Time (s): cpu = 00:00:00.39 ; elapsed = 00:00:00.25 . Memory (MB): peak = 3128.473 ; gain = 0.000 ; free physical = 746 ; free virtual = 6831

Phase 1.4 Constrain Clocks/Macros
Phase 1.4 Constrain Clocks/Macros | Checksum: 1f9065e89

Time (s): cpu = 00:00:00.39 ; elapsed = 00:00:00.25 . Memory (MB): peak = 3128.473 ; gain = 0.000 ; free physical = 746 ; free virtual = 6831
Phase 1 Placer Initialization | Checksum: 1f9065e89

Time (s): cpu = 00:00:00.39 ; elapsed = 00:00:00.26 . Memory (MB): peak = 3128.473 ; gain = 0.000 ; free physical = 746 ; free virtual = 6831

Phase 2 Global Placement

Phase 2.1 Floorplanning
Phase 2.1 Floorplanning | Checksum: 15b2f8f39

Time (s): cpu = 00:00:00.39 ; elapsed = 00:00:00.27 . Memory (MB): peak = 3128.473 ; gain = 0.000 ; free physical = 746 ; free virtual = 6831

Phase 2.2 Update Timing before SLR Path Opt
Phase 2.2 Update Timing before SLR Path Opt | Checksum: 15b2f8f39

Time (s): cpu = 00:00:00.4 ; elapsed = 00:00:00.27 . Memory (MB): peak = 3128.473 ; gain = 0.000 ; free physical = 746 ; free virtual = 6831

Phase 2.3 Post-Processing in Floorplanning
Phase 2.3 Post-Processing in Floorplanning | Checksum: 15b2f8f39

Time (s): cpu = 00:00:00.4 ; elapsed = 00:00:00.27 . Memory (MB): peak = 3128.473 ; gain = 0.000 ; free physical = 746 ; free virtual = 6831

Phase 2.4 Global Place Phase1
Phase 2.4 Global Place Phase1 | Checksum: 24eee83f1

Time (s): cpu = 00:00:00.75 ; elapsed = 00:00:00.4 . Memory (MB): peak = 3152.484 ; gain = 24.012 ; free physical = 740 ; free virtual = 6825

Phase 2.5 Global Place Phase2
WARNING: [Place 46-29] Timing had been disabled during Placer and, therefore, physical synthesis in Placer will be skipped.
Phase 2.5 Global Place Phase2 | Checksum: 173c6ea93

Time (s): cpu = 00:00:00.89 ; elapsed = 00:00:00.47 . Memory (MB): peak = 3152.484 ; gain = 24.012 ; free physical = 742 ; free virtual = 6828
Phase 2 Global Placement | Checksum: 173c6ea93

Time (s): cpu = 00:00:00.9 ; elapsed = 00:00:00.47 . Memory (MB): peak = 3152.484 ; gain = 24.012 ; free physical = 742 ; free virtual = 6828

Phase 3 Detail Placement

Phase 3.1 Commit Multi Column Macros
Phase 3.1 Commit Multi Column Macros | Checksum: 173c6ea93

Time (s): cpu = 00:00:00.92 ; elapsed = 00:00:00.48 . Memory (MB): peak = 3152.484 ; gain = 24.012 ; free physical = 742 ; free virtual = 6828

Phase 3.2 Commit Most Macros & LUTRAMs
Phase 3.2 Commit Most Macros & LUTRAMs | Checksum: 1b47b1ba4

Time (s): cpu = 00:00:00.92 ; elapsed = 00:00:00.49 . Memory (MB): peak = 3152.484 ; gain = 24.012 ; free physical = 743 ; free virtual = 6828

Phase 3.3 Area Swap Optimization
Phase 3.3 Area Swap Optimization | Checksum: 2593e816f

Time (s): cpu = 00:00:00.95 ; elapsed = 00:00:00.49 . Memory (MB): peak = 3152.484 ; gain = 24.012 ; free physical = 743 ; free virtual = 6828

Phase 3.4 Pipeline Register Optimization
Phase 3.4 Pipeline Register Optimization | Checksum: 2593e816f

Time (s): cpu = 00:00:00.96 ; elapsed = 00:00:00.49 . Memory (MB): peak = 3152.484 ; gain = 24.012 ; free physical = 743 ; free virtual = 6828

Phase 3.5 Small Shape Detail Placement
Phase 3.5 Small Shape Detail Placement | Checksum: 1da7af1a2

Time (s): cpu = 00:00:01 ; elapsed = 00:00:00.58 . Memory (MB): peak = 3152.484 ; gain = 24.012 ; free physical = 742 ; free virtual = 6827

Phase 3.6 Re-assign LUT pins
Phase 3.6 Re-assign LUT pins | Checksum: 1da7af1a2

Time (s): cpu = 00:00:01 ; elapsed = 00:00:00.58 . Memory (MB): peak = 3152.484 ; gain = 24.012 ; free physical = 742 ; free virtual = 6827

Phase 3.7 Pipeline Register Optimization
Phase 3.7 Pipeline Register Optimization | Checksum: 1da7af1a2

Time (s): cpu = 00:00:01 ; elapsed = 00:00:00.59 . Memory (MB): peak = 3152.484 ; gain = 24.012 ; free physical = 742 ; free virtual = 6827
Phase 3 Detail Placement | Checksum: 1da7af1a2

Time (s): cpu = 00:00:01 ; elapsed = 00:00:00.59 . Memory (MB): peak = 3152.484 ; gain = 24.012 ; free physical = 742 ; free virtual = 6827

Phase 4 Post Placement Optimization and Clean-Up

Phase 4.1 Post Commit Optimization
Phase 4.1 Post Commit Optimization | Checksum: 1da7af1a2

Time (s): cpu = 00:00:01 ; elapsed = 00:00:00.62 . Memory (MB): peak = 3152.484 ; gain = 24.012 ; free physical = 742 ; free virtual = 6827

Phase 4.2 Post Placement Cleanup
Phase 4.2 Post Placement Cleanup | Checksum: 1da7af1a2

Time (s): cpu = 00:00:01 ; elapsed = 00:00:00.62 . Memory (MB): peak = 3152.484 ; gain = 24.012 ; free physical = 742 ; free virtual = 6827

Phase 4.3 Placer Reporting

Phase 4.3.1 Print Estimated Congestion
INFO: [Place 30-612] Post-Placement Estimated Congestion 
 ____________________________________________________
|           | Global Congestion | Short Congestion  |
| Direction | Region Size       | Region Size       |
|___________|___________________|___________________|
|      North|                1x1|                1x1|
|___________|___________________|___________________|
|      South|                1x1|                1x1|
|___________|___________________|___________________|
|       East|                1x1|                1x1|
|___________|___________________|___________________|
|       West|                1x1|                1x1|
|___________|___________________|___________________|

Phase 4.3.1 Print Estimated Congestion | Checksum: 1da7af1a2

Time (s): cpu = 00:00:01 ; elapsed = 00:00:00.62 . Memory (MB): peak = 3152.484 ; gain = 24.012 ; free physical = 742 ; free virtual = 6827
Phase 4.3 Placer Reporting | Checksum: 1da7af1a2

Time (s): cpu = 00:00:01 ; elapsed = 00:00:00.62 . Memory (MB): peak = 3152.484 ; gain = 24.012 ; free physical = 742 ; free virtual = 6827

Phase 4.4 Final Placement Cleanup
Netlist sorting complete. Time (s): cpu = 00:00:00 ; elapsed = 00:00:00 . Memory (MB): peak = 3152.484 ; gain = 0.000 ; free physical = 742 ; free virtual = 6827

Time (s): cpu = 00:00:01 ; elapsed = 00:00:00.62 . Memory (MB): peak = 3152.484 ; gain = 24.012 ; free physical = 742 ; free virtual = 6827
Phase 4 Post Placement Optimization and Clean-Up | Checksum: 1da7af1a2

Time (s): cpu = 00:00:01 ; elapsed = 00:00:00.63 . Memory (MB): peak = 3152.484 ; gain = 24.012 ; free physical = 742 ; free virtual = 6827
Ending Placer Task | Checksum: 154fba609

Time (s): cpu = 00:00:01 ; elapsed = 00:00:00.63 . Memory (MB): peak = 3152.484 ; gain = 24.012 ; free physical = 742 ; free virtual = 6827
13 Infos, 1 Warnings, 0 Critical Warnings and 0 Errors encountered.
place_design completed successfully
puts "\n=================================================="

==================================================
puts "        SPARTAN-7 ARCHITECTURE AUDIT              "
        SPARTAN-7 ARCHITECTURE AUDIT              
puts "=================================================="
==================================================
foreach type {BUFR BUFIO} {
    # Find the first available site of this type
    set test_site [lindex [get_sites -filter "SITE_TYPE == $type"] 0]
    
    if {$test_site == ""} {
        puts "ERROR: No sites found for type $type"
    } else {
        # Get all Basic Elements (BELs) inside that site
        set bels [get_bels -of_objects [get_sites $test_site]]
        puts "Site Type: $type"
        puts "  Example Site: $test_site"
        puts "  Internal BELs: $bels"
        
        # Check if there is a primary BEL matching the primitive name
        foreach b $bels {
             set b_type [get_property BEL_TYPE [get_bels $b]]
             puts "    BEL: $b (Type: $b_type)"
        }
        puts "--------------------------------------------------"
    }
}
Site Type: BUFR
  Example Site: BUFR_X0Y9
  Internal BELs: BUFR_X0Y9/BUFR
WARNING: [Common 17-142] Invalid property name 'BEL_TYPE'.  Please use the 'list_property' command to find properties supported by the target 'bel' object.
    BEL: BUFR_X0Y9/BUFR (Type: )
--------------------------------------------------
Site Type: BUFIO
  Example Site: BUFIO_X0Y9
  Internal BELs: BUFIO_X0Y9/BUFIO
WARNING: [Common 17-142] Invalid property name 'BEL_TYPE'.  Please use the 'list_property' command to find properties supported by the target 'bel' object.
    BEL: BUFIO_X0Y9/BUFIO (Type: )
--------------------------------------------------
reset
WARNING: [Common 17-259] Unknown Tcl command 'reset' sending command to the OS shell for execution. It is recommended to use 'exec' to send the command to the OS shell.
link_design -part xc7s50csga324-1
Command: link_design -part xc7s50csga324-1
Design is defaulting to srcset: sources_1
Design is defaulting to constrset: constrs_1
Removing all libraries
analyzing package 'attributes'
ERROR: [Designutils 20-61] HDL source contains RTL constructs which is not supported in the structural netlist [bufr_test.v:12]
ERROR: [Designutils 20-13] HDL Source containing RTL statements cannot be used to create a structural netlist [bufr_test.v:1]
0 Infos, 0 Warnings, 0 Critical Warnings and 3 Errors encountered.
link_design failed
ERROR: [Vivado 12-442] Failed to open design - please see the console for details
set xadc_site [get_sites -filter {SITE_TYPE == XADC}]
XADC_X0Y0
puts "XADC site: $xadc_site"
XADC site: XADC_X0Y0
set tile [get_tiles -of_objects $xadc_site]
MONITOR_BOT_X46Y79
puts "Tile: $tile"
Tile: MONITOR_BOT_X46Y79
puts "Tile X: [get_property COLUMN $tile]"
Tile X: 46
puts "Tile Y: [get_property ROW $tile]"
Tile Y: 77
# Get the grid coordinates for ROI string
puts "Grid X: [get_property GRID_POINT_X $tile]"
Grid X: 46
