#-----------------------------------------------------------
# Vivado v2025.1 (64-bit)
# SW Build 6140274 on Wed May 21 22:58:25 MDT 2025
# IP Build 6138677 on Thu May 22 03:10:11 MDT 2025
# SharedData Build 6139179 on Tue May 20 17:58:58 MDT 2025
# Start of session at: Mon May 11 22:15:04 2026
# Process ID         : 262819
# Current directory  : /home/nathan37/nextpnr-xilinx
# Command line       : vivado -mode tcl
# Log file           : /home/nathan37/nextpnr-xilinx/vivado.log
# Journal file       : /home/nathan37/nextpnr-xilinx/vivado.jou
# Running On         : fastx3-23.ews.illinois.edu
# Platform           : RedHatEnterprise
# Operating System   : Red Hat Enterprise Linux 9.7 (Plow)
# Processor Detail   : Intel(R) Xeon(R) Silver 4216 CPU @ 2.10GHz
# CPU Frequency      : 2095.078 MHz
# CPU Physical cores : 10
# CPU Logical cores  : 10
# Host memory        : 24893 MB
# Swap memory        : 4294 MB
# Total Virtual      : 29188 MB
# Available Virtual  : 22395 MB
#-----------------------------------------------------------
reset
WARNING: [Common 17-259] Unknown Tcl command 'reset' sending command to the OS shell for execution. It is recommended to use 'exec' to send the command to the OS shell.
# 1. Link the design to your specific Spartan-7 part
link_design -part xc7s50csga324-1
Command: link_design -part xc7s50csga324-1
Design is defaulting to srcset: sources_1
Design is defaulting to constrset: constrs_1
INFO: [Device 21-403] Loading part xc7s50csga324-1
Netlist sorting complete. Time (s): cpu = 00:00:00 ; elapsed = 00:00:00 . Memory (MB): peak = 1976.742 ; gain = 0.000 ; free physical = 10748 ; free virtual = 20710
INFO: [Project 1-570] Preparing netlist for logic optimization
INFO: [Opt 31-138] Pushed 0 inverter(s) to 0 load pin(s).
Netlist sorting complete. Time (s): cpu = 00:00:00 ; elapsed = 00:00:00 . Memory (MB): peak = 2068.305 ; gain = 0.000 ; free physical = 10654 ; free virtual = 20616
INFO: [Project 1-111] Unisim Transformation Summary:
No Unisim elements were transformed.

4 Infos, 0 Warnings, 0 Critical Warnings and 0 Errors encountered.
link_design completed successfully
link_design: Time (s): cpu = 00:00:15 ; elapsed = 00:00:09 . Memory (MB): peak = 2068.340 ; gain = 368.762 ; free physical = 10655 ; free virtual = 20617
design_1
# 2. Now the tile object will be findable
set tile [get_tiles MONITOR_BOT_X46Y79]
MONITOR_BOT_X46Y79
# 3. List all PIPs (Programmable Interconnect Points) in that tile
foreach pip [get_pips -of_objects $tile] {
    puts "$pip"
}
MONITOR_BOT_X46Y79/MONITOR_BOT.MONITOR_ALM0->MONITOR_LOGIC_OUTS_B11_2
MONITOR_BOT_X46Y79/MONITOR_BOT.MONITOR_ALM1->MONITOR_LOGIC_OUTS_B12_2
MONITOR_BOT_X46Y79/MONITOR_BOT.MONITOR_ALM2->MONITOR_LOGIC_OUTS_B13_2
MONITOR_BOT_X46Y79/MONITOR_BOT.MONITOR_ALM3->MONITOR_LOGIC_OUTS_B14_2
MONITOR_BOT_X46Y79/MONITOR_BOT.MONITOR_ALM4->MONITOR_LOGIC_OUTS_B15_2
MONITOR_BOT_X46Y79/MONITOR_BOT.MONITOR_ALM5->MONITOR_LOGIC_OUTS_B16_2
MONITOR_BOT_X46Y79/MONITOR_BOT.MONITOR_ALM6->MONITOR_LOGIC_OUTS_B17_2
MONITOR_BOT_X46Y79/MONITOR_BOT.MONITOR_ALM7->MONITOR_LOGIC_OUTS_B18_2
MONITOR_BOT_X46Y79/MONITOR_BOT.MONITOR_BUSY->MONITOR_LOGIC_OUTS_B20_1
MONITOR_BOT_X46Y79/MONITOR_BOT.MONITOR_CHANNEL0->MONITOR_LOGIC_OUTS_B15_1
MONITOR_BOT_X46Y79/MONITOR_BOT.MONITOR_CHANNEL1->MONITOR_LOGIC_OUTS_B16_1
MONITOR_BOT_X46Y79/MONITOR_BOT.MONITOR_CHANNEL2->MONITOR_LOGIC_OUTS_B17_1
MONITOR_BOT_X46Y79/MONITOR_BOT.MONITOR_CHANNEL3->MONITOR_LOGIC_OUTS_B18_1
MONITOR_BOT_X46Y79/MONITOR_BOT.MONITOR_CHANNEL4->MONITOR_LOGIC_OUTS_B19_1
MONITOR_BOT_X46Y79/MONITOR_BOT.MONITOR_CLK1_0->MONITOR_DCLK
MONITOR_BOT_X46Y79/MONITOR_BOT.MONITOR_CLK1_1->MONITOR_CONVSTCLK
MONITOR_BOT_X46Y79/MONITOR_BOT.MONITOR_CTRL1_2->MONITOR_RESET
MONITOR_BOT_X46Y79/MONITOR_BOT.MONITOR_DO0->MONITOR_LOGIC_OUTS_B8_0
MONITOR_BOT_X46Y79/MONITOR_BOT.MONITOR_DO1->MONITOR_LOGIC_OUTS_B9_0
MONITOR_BOT_X46Y79/MONITOR_BOT.MONITOR_DO2->MONITOR_LOGIC_OUTS_B10_0
MONITOR_BOT_X46Y79/MONITOR_BOT.MONITOR_DO3->MONITOR_LOGIC_OUTS_B11_0
MONITOR_BOT_X46Y79/MONITOR_BOT.MONITOR_DO4->MONITOR_LOGIC_OUTS_B12_0
MONITOR_BOT_X46Y79/MONITOR_BOT.MONITOR_DO5->MONITOR_LOGIC_OUTS_B13_0
MONITOR_BOT_X46Y79/MONITOR_BOT.MONITOR_DO6->MONITOR_LOGIC_OUTS_B14_0
MONITOR_BOT_X46Y79/MONITOR_BOT.MONITOR_DO7->MONITOR_LOGIC_OUTS_B15_0
MONITOR_BOT_X46Y79/MONITOR_BOT.MONITOR_DO8->MONITOR_LOGIC_OUTS_B16_0
MONITOR_BOT_X46Y79/MONITOR_BOT.MONITOR_DO9->MONITOR_LOGIC_OUTS_B17_0
MONITOR_BOT_X46Y79/MONITOR_BOT.MONITOR_DO10->MONITOR_LOGIC_OUTS_B18_0
MONITOR_BOT_X46Y79/MONITOR_BOT.MONITOR_DO11->MONITOR_LOGIC_OUTS_B19_0
MONITOR_BOT_X46Y79/MONITOR_BOT.MONITOR_DO12->MONITOR_LOGIC_OUTS_B20_0
MONITOR_BOT_X46Y79/MONITOR_BOT.MONITOR_DO13->MONITOR_LOGIC_OUTS_B21_0
MONITOR_BOT_X46Y79/MONITOR_BOT.MONITOR_DO14->MONITOR_LOGIC_OUTS_B22_0
MONITOR_BOT_X46Y79/MONITOR_BOT.MONITOR_DO15->MONITOR_LOGIC_OUTS_B23_0
MONITOR_BOT_X46Y79/MONITOR_BOT.MONITOR_DRDY->MONITOR_LOGIC_OUTS_B14_1
MONITOR_BOT_X46Y79/MONITOR_BOT.MONITOR_EOC->MONITOR_LOGIC_OUTS_B22_1
MONITOR_BOT_X46Y79/MONITOR_BOT.MONITOR_EOS->MONITOR_LOGIC_OUTS_B23_1
MONITOR_BOT_X46Y79/MONITOR_BOT.MONITOR_HORIZ_VAUXN3->MONITOR_VERT_VAUXN3
MONITOR_BOT_X46Y79/MONITOR_BOT.MONITOR_HORIZ_VAUXN7->MONITOR_VERT_VAUXN7
MONITOR_BOT_X46Y79/MONITOR_BOT.MONITOR_HORIZ_VAUXN10->MONITOR_VERT_VAUXN10
MONITOR_BOT_X46Y79/MONITOR_BOT.MONITOR_HORIZ_VAUXN11->MONITOR_VERT_VAUXN11
MONITOR_BOT_X46Y79/MONITOR_BOT.MONITOR_HORIZ_VAUXN14->MONITOR_VERT_VAUXN14
MONITOR_BOT_X46Y79/MONITOR_BOT.MONITOR_HORIZ_VAUXN15->MONITOR_VERT_VAUXN15
MONITOR_BOT_X46Y79/MONITOR_BOT.MONITOR_HORIZ_VAUXP3->MONITOR_VERT_VAUXP3
MONITOR_BOT_X46Y79/MONITOR_BOT.MONITOR_HORIZ_VAUXP7->MONITOR_VERT_VAUXP7
MONITOR_BOT_X46Y79/MONITOR_BOT.MONITOR_HORIZ_VAUXP10->MONITOR_VERT_VAUXP10
MONITOR_BOT_X46Y79/MONITOR_BOT.MONITOR_HORIZ_VAUXP11->MONITOR_VERT_VAUXP11
MONITOR_BOT_X46Y79/MONITOR_BOT.MONITOR_HORIZ_VAUXP14->MONITOR_VERT_VAUXP14
MONITOR_BOT_X46Y79/MONITOR_BOT.MONITOR_HORIZ_VAUXP15->MONITOR_VERT_VAUXP15
MONITOR_BOT_X46Y79/MONITOR_BOT.MONITOR_IMUX28_0->MONITOR_DI0
MONITOR_BOT_X46Y79/MONITOR_BOT.MONITOR_IMUX29_0->MONITOR_DI1
MONITOR_BOT_X46Y79/MONITOR_BOT.MONITOR_IMUX30_0->MONITOR_DI2
MONITOR_BOT_X46Y79/MONITOR_BOT.MONITOR_IMUX31_0->MONITOR_DI3
MONITOR_BOT_X46Y79/MONITOR_BOT.MONITOR_IMUX32_0->MONITOR_DI4
MONITOR_BOT_X46Y79/MONITOR_BOT.MONITOR_IMUX33_0->MONITOR_DI5
MONITOR_BOT_X46Y79/MONITOR_BOT.MONITOR_IMUX34_0->MONITOR_DI6
MONITOR_BOT_X46Y79/MONITOR_BOT.MONITOR_IMUX34_1->MONITOR_DADDR0
MONITOR_BOT_X46Y79/MONITOR_BOT.MONITOR_IMUX35_0->MONITOR_DI7
MONITOR_BOT_X46Y79/MONITOR_BOT.MONITOR_IMUX35_1->MONITOR_DADDR1
MONITOR_BOT_X46Y79/MONITOR_BOT.MONITOR_IMUX36_0->MONITOR_DI8
MONITOR_BOT_X46Y79/MONITOR_BOT.MONITOR_IMUX36_1->MONITOR_DADDR2
MONITOR_BOT_X46Y79/MONITOR_BOT.MONITOR_IMUX37_0->MONITOR_DI9
MONITOR_BOT_X46Y79/MONITOR_BOT.MONITOR_IMUX37_1->MONITOR_DADDR3
MONITOR_BOT_X46Y79/MONITOR_BOT.MONITOR_IMUX38_0->MONITOR_DI10
MONITOR_BOT_X46Y79/MONITOR_BOT.MONITOR_IMUX38_1->MONITOR_DADDR4
MONITOR_BOT_X46Y79/MONITOR_BOT.MONITOR_IMUX39_0->MONITOR_DI11
MONITOR_BOT_X46Y79/MONITOR_BOT.MONITOR_IMUX39_1->MONITOR_DADDR5
MONITOR_BOT_X46Y79/MONITOR_BOT.MONITOR_IMUX40_0->MONITOR_DI12
MONITOR_BOT_X46Y79/MONITOR_BOT.MONITOR_IMUX40_1->MONITOR_DADDR6
MONITOR_BOT_X46Y79/MONITOR_BOT.MONITOR_IMUX41_0->MONITOR_DI13
MONITOR_BOT_X46Y79/MONITOR_BOT.MONITOR_IMUX41_1->MONITOR_DEN
MONITOR_BOT_X46Y79/MONITOR_BOT.MONITOR_IMUX42_0->MONITOR_DI14
MONITOR_BOT_X46Y79/MONITOR_BOT.MONITOR_IMUX42_1->MONITOR_DWE
MONITOR_BOT_X46Y79/MONITOR_BOT.MONITOR_IMUX43_0->MONITOR_DI15
MONITOR_BOT_X46Y79/MONITOR_BOT.MONITOR_IMUX43_1->MONITOR_CONVST
MONITOR_BOT_X46Y79/MONITOR_BOT.MONITOR_JTAGBUSY->MONITOR_LOGIC_OUTS_B13_1
MONITOR_BOT_X46Y79/MONITOR_BOT.MONITOR_JTAGLOCKED->MONITOR_LOGIC_OUTS_B11_1
MONITOR_BOT_X46Y79/MONITOR_BOT.MONITOR_JTAGMODIFIED->MONITOR_LOGIC_OUTS_B12_1
MONITOR_BOT_X46Y79/MONITOR_BOT.MONITOR_MUXADDR0->MONITOR_LOGIC_OUTS_B19_2
MONITOR_BOT_X46Y79/MONITOR_BOT.MONITOR_MUXADDR1->MONITOR_LOGIC_OUTS_B20_2
MONITOR_BOT_X46Y79/MONITOR_BOT.MONITOR_MUXADDR2->MONITOR_LOGIC_OUTS_B21_2
MONITOR_BOT_X46Y79/MONITOR_BOT.MONITOR_MUXADDR3->MONITOR_LOGIC_OUTS_B22_2
MONITOR_BOT_X46Y79/MONITOR_BOT.MONITOR_MUXADDR4->MONITOR_LOGIC_OUTS_B23_2
MONITOR_BOT_X46Y79/MONITOR_BOT.MONITOR_OT->MONITOR_LOGIC_OUTS_B21_1
MONITOR_BOT_X46Y79/MONITOR_BOT.MONITOR_SEG_VN->MONITOR_VN
MONITOR_BOT_X46Y79/MONITOR_BOT.MONITOR_SEG_VP->MONITOR_VP
MONITOR_BOT_X46Y79/MONITOR_BOT.MONITOR_VERT_VAUXN0->MONITOR_VAUXN0
MONITOR_BOT_X46Y79/MONITOR_BOT.MONITOR_VERT_VAUXN1->MONITOR_VAUXN1
MONITOR_BOT_X46Y79/MONITOR_BOT.MONITOR_VERT_VAUXN2->MONITOR_VAUXN2
MONITOR_BOT_X46Y79/MONITOR_BOT.MONITOR_VERT_VAUXN3->MONITOR_VAUXN3
MONITOR_BOT_X46Y79/MONITOR_BOT.MONITOR_VERT_VAUXN4->MONITOR_VAUXN4
MONITOR_BOT_X46Y79/MONITOR_BOT.MONITOR_VERT_VAUXN5->MONITOR_VAUXN5
MONITOR_BOT_X46Y79/MONITOR_BOT.MONITOR_VERT_VAUXN6->MONITOR_VAUXN6
MONITOR_BOT_X46Y79/MONITOR_BOT.MONITOR_VERT_VAUXN7->MONITOR_VAUXN7
MONITOR_BOT_X46Y79/MONITOR_BOT.MONITOR_VERT_VAUXN8->MONITOR_VAUXN8
MONITOR_BOT_X46Y79/MONITOR_BOT.MONITOR_VERT_VAUXN9->MONITOR_VAUXN9
MONITOR_BOT_X46Y79/MONITOR_BOT.MONITOR_VERT_VAUXN10->MONITOR_VAUXN10
MONITOR_BOT_X46Y79/MONITOR_BOT.MONITOR_VERT_VAUXN11->MONITOR_VAUXN11
MONITOR_BOT_X46Y79/MONITOR_BOT.MONITOR_VERT_VAUXN12->MONITOR_VAUXN12
MONITOR_BOT_X46Y79/MONITOR_BOT.MONITOR_VERT_VAUXN13->MONITOR_VAUXN13
MONITOR_BOT_X46Y79/MONITOR_BOT.MONITOR_VERT_VAUXN14->MONITOR_VAUXN14
MONITOR_BOT_X46Y79/MONITOR_BOT.MONITOR_VERT_VAUXN15->MONITOR_VAUXN15
MONITOR_BOT_X46Y79/MONITOR_BOT.MONITOR_VERT_VAUXP0->MONITOR_VAUXP0
MONITOR_BOT_X46Y79/MONITOR_BOT.MONITOR_VERT_VAUXP1->MONITOR_VAUXP1
MONITOR_BOT_X46Y79/MONITOR_BOT.MONITOR_VERT_VAUXP2->MONITOR_VAUXP2
MONITOR_BOT_X46Y79/MONITOR_BOT.MONITOR_VERT_VAUXP3->MONITOR_VAUXP3
MONITOR_BOT_X46Y79/MONITOR_BOT.MONITOR_VERT_VAUXP4->MONITOR_VAUXP4
MONITOR_BOT_X46Y79/MONITOR_BOT.MONITOR_VERT_VAUXP5->MONITOR_VAUXP5
MONITOR_BOT_X46Y79/MONITOR_BOT.MONITOR_VERT_VAUXP6->MONITOR_VAUXP6
MONITOR_BOT_X46Y79/MONITOR_BOT.MONITOR_VERT_VAUXP7->MONITOR_VAUXP7
MONITOR_BOT_X46Y79/MONITOR_BOT.MONITOR_VERT_VAUXP8->MONITOR_VAUXP8
MONITOR_BOT_X46Y79/MONITOR_BOT.MONITOR_VERT_VAUXP9->MONITOR_VAUXP9
MONITOR_BOT_X46Y79/MONITOR_BOT.MONITOR_VERT_VAUXP10->MONITOR_VAUXP10
MONITOR_BOT_X46Y79/MONITOR_BOT.MONITOR_VERT_VAUXP11->MONITOR_VAUXP11
MONITOR_BOT_X46Y79/MONITOR_BOT.MONITOR_VERT_VAUXP12->MONITOR_VAUXP12
MONITOR_BOT_X46Y79/MONITOR_BOT.MONITOR_VERT_VAUXP13->MONITOR_VAUXP13
MONITOR_BOT_X46Y79/MONITOR_BOT.MONITOR_VERT_VAUXP14->MONITOR_VAUXP14
MONITOR_BOT_X46Y79/MONITOR_BOT.MONITOR_VERT_VAUXP15->MONITOR_VAUXP15
set site [get_sites XADC_X0Y0]
XADC_X0Y0
set tile_name "MONITOR_BOT_X46Y79"
MONITOR_BOT_X46Y79
foreach pin [get_site_pins -of_objects $site] {
    # 1. Get the physical node connected to the site pin
    set node [get_nodes -of_objects $pin]
    
    # 2. Find the wire segment of that node that lives specifically in your tile
    set wire [get_wires -of_objects $node -filter "TILE_NAME == $tile_name"]
    
    # 3. Get the pin direction
    set dir [get_property DIRECTION $pin]
    
    puts "$pin ($dir) -> Tile Wire: $wire"
}
XADC_X0Y0/CONVST (IN) -> Tile Wire: MONITOR_BOT_X46Y79/MONITOR_CONVST
XADC_X0Y0/CONVSTCLK (IN) -> Tile Wire: MONITOR_BOT_X46Y79/MONITOR_CONVSTCLK
XADC_X0Y0/DADDR0 (IN) -> Tile Wire: MONITOR_BOT_X46Y79/MONITOR_DADDR0
XADC_X0Y0/DADDR1 (IN) -> Tile Wire: MONITOR_BOT_X46Y79/MONITOR_DADDR1
XADC_X0Y0/DADDR2 (IN) -> Tile Wire: MONITOR_BOT_X46Y79/MONITOR_DADDR2
XADC_X0Y0/DADDR3 (IN) -> Tile Wire: MONITOR_BOT_X46Y79/MONITOR_DADDR3
XADC_X0Y0/DADDR4 (IN) -> Tile Wire: MONITOR_BOT_X46Y79/MONITOR_DADDR4
XADC_X0Y0/DADDR5 (IN) -> Tile Wire: MONITOR_BOT_X46Y79/MONITOR_DADDR5
XADC_X0Y0/DADDR6 (IN) -> Tile Wire: MONITOR_BOT_X46Y79/MONITOR_DADDR6
XADC_X0Y0/DCLK (IN) -> Tile Wire: MONITOR_BOT_X46Y79/MONITOR_DCLK
XADC_X0Y0/DEN (IN) -> Tile Wire: MONITOR_BOT_X46Y79/MONITOR_DEN
XADC_X0Y0/DI0 (IN) -> Tile Wire: MONITOR_BOT_X46Y79/MONITOR_DI0
XADC_X0Y0/DI1 (IN) -> Tile Wire: MONITOR_BOT_X46Y79/MONITOR_DI1
XADC_X0Y0/DI2 (IN) -> Tile Wire: MONITOR_BOT_X46Y79/MONITOR_DI2
XADC_X0Y0/DI3 (IN) -> Tile Wire: MONITOR_BOT_X46Y79/MONITOR_DI3
XADC_X0Y0/DI4 (IN) -> Tile Wire: MONITOR_BOT_X46Y79/MONITOR_DI4
XADC_X0Y0/DI5 (IN) -> Tile Wire: MONITOR_BOT_X46Y79/MONITOR_DI5
XADC_X0Y0/DI6 (IN) -> Tile Wire: MONITOR_BOT_X46Y79/MONITOR_DI6
XADC_X0Y0/DI7 (IN) -> Tile Wire: MONITOR_BOT_X46Y79/MONITOR_DI7
XADC_X0Y0/DI8 (IN) -> Tile Wire: MONITOR_BOT_X46Y79/MONITOR_DI8
XADC_X0Y0/DI9 (IN) -> Tile Wire: MONITOR_BOT_X46Y79/MONITOR_DI9
XADC_X0Y0/DI10 (IN) -> Tile Wire: MONITOR_BOT_X46Y79/MONITOR_DI10
XADC_X0Y0/DI11 (IN) -> Tile Wire: MONITOR_BOT_X46Y79/MONITOR_DI11
XADC_X0Y0/DI12 (IN) -> Tile Wire: MONITOR_BOT_X46Y79/MONITOR_DI12
XADC_X0Y0/DI13 (IN) -> Tile Wire: MONITOR_BOT_X46Y79/MONITOR_DI13
XADC_X0Y0/DI14 (IN) -> Tile Wire: MONITOR_BOT_X46Y79/MONITOR_DI14
XADC_X0Y0/DI15 (IN) -> Tile Wire: MONITOR_BOT_X46Y79/MONITOR_DI15
XADC_X0Y0/DWE (IN) -> Tile Wire: MONITOR_BOT_X46Y79/MONITOR_DWE
XADC_X0Y0/RESET (IN) -> Tile Wire: MONITOR_BOT_X46Y79/MONITOR_RESET
XADC_X0Y0/TESTADCCLK0 (IN) -> Tile Wire: MONITOR_BOT_X46Y79/MONITOR_TESTADCCLK0
XADC_X0Y0/TESTADCCLK1 (IN) -> Tile Wire: MONITOR_BOT_X46Y79/MONITOR_TESTADCCLK1
XADC_X0Y0/TESTADCCLK2 (IN) -> Tile Wire: MONITOR_BOT_X46Y79/MONITOR_TESTADCCLK2
XADC_X0Y0/TESTADCCLK3 (IN) -> Tile Wire: MONITOR_BOT_X46Y79/MONITOR_TESTADCCLK3
XADC_X0Y0/TESTADCIN0 (IN) -> Tile Wire: MONITOR_BOT_X46Y79/MONITOR_TESTADCIN0
XADC_X0Y0/TESTADCIN1 (IN) -> Tile Wire: MONITOR_BOT_X46Y79/MONITOR_TESTADCIN1
XADC_X0Y0/TESTADCIN2 (IN) -> Tile Wire: MONITOR_BOT_X46Y79/MONITOR_TESTADCIN2
XADC_X0Y0/TESTADCIN3 (IN) -> Tile Wire: MONITOR_BOT_X46Y79/MONITOR_TESTADCIN3
XADC_X0Y0/TESTADCIN4 (IN) -> Tile Wire: MONITOR_BOT_X46Y79/MONITOR_TESTADCIN4
XADC_X0Y0/TESTADCIN5 (IN) -> Tile Wire: MONITOR_BOT_X46Y79/MONITOR_TESTADCIN5
XADC_X0Y0/TESTADCIN6 (IN) -> Tile Wire: MONITOR_BOT_X46Y79/MONITOR_TESTADCIN6
XADC_X0Y0/TESTADCIN7 (IN) -> Tile Wire: MONITOR_BOT_X46Y79/MONITOR_TESTADCIN7
XADC_X0Y0/TESTADCIN8 (IN) -> Tile Wire: MONITOR_BOT_X46Y79/MONITOR_TESTADCIN8
XADC_X0Y0/TESTADCIN9 (IN) -> Tile Wire: MONITOR_BOT_X46Y79/MONITOR_TESTADCIN9
XADC_X0Y0/TESTADCIN10 (IN) -> Tile Wire: MONITOR_BOT_X46Y79/MONITOR_TESTADCIN10
XADC_X0Y0/TESTADCIN11 (IN) -> Tile Wire: MONITOR_BOT_X46Y79/MONITOR_TESTADCIN11
XADC_X0Y0/TESTADCIN12 (IN) -> Tile Wire: MONITOR_BOT_X46Y79/MONITOR_TESTADCIN12
XADC_X0Y0/TESTADCIN13 (IN) -> Tile Wire: MONITOR_BOT_X46Y79/MONITOR_TESTADCIN13
XADC_X0Y0/TESTADCIN14 (IN) -> Tile Wire: MONITOR_BOT_X46Y79/MONITOR_TESTADCIN14
XADC_X0Y0/TESTADCIN15 (IN) -> Tile Wire: MONITOR_BOT_X46Y79/MONITOR_TESTADCIN15
XADC_X0Y0/TESTADCIN16 (IN) -> Tile Wire: MONITOR_BOT_X46Y79/MONITOR_TESTADCIN16
XADC_X0Y0/TESTADCIN17 (IN) -> Tile Wire: MONITOR_BOT_X46Y79/MONITOR_TESTADCIN17
XADC_X0Y0/TESTADCIN18 (IN) -> Tile Wire: MONITOR_BOT_X46Y79/MONITOR_TESTADCIN18
XADC_X0Y0/TESTADCIN19 (IN) -> Tile Wire: MONITOR_BOT_X46Y79/MONITOR_TESTADCIN19
XADC_X0Y0/TESTADCIN20 (IN) -> Tile Wire: MONITOR_BOT_X46Y79/MONITOR_TESTADCIN20
XADC_X0Y0/TESTADCIN21 (IN) -> Tile Wire: MONITOR_BOT_X46Y79/MONITOR_TESTADCIN21
XADC_X0Y0/TESTADCIN22 (IN) -> Tile Wire: MONITOR_BOT_X46Y79/MONITOR_TESTADCIN22
XADC_X0Y0/TESTADCIN23 (IN) -> Tile Wire: MONITOR_BOT_X46Y79/MONITOR_TESTADCIN23
XADC_X0Y0/TESTADCIN24 (IN) -> Tile Wire: MONITOR_BOT_X46Y79/MONITOR_TESTADCIN24
XADC_X0Y0/TESTADCIN25 (IN) -> Tile Wire: MONITOR_BOT_X46Y79/MONITOR_TESTADCIN25
XADC_X0Y0/TESTADCIN26 (IN) -> Tile Wire: MONITOR_BOT_X46Y79/MONITOR_TESTADCIN26
XADC_X0Y0/TESTADCIN27 (IN) -> Tile Wire: MONITOR_BOT_X46Y79/MONITOR_TESTADCIN27
XADC_X0Y0/TESTADCIN28 (IN) -> Tile Wire: MONITOR_BOT_X46Y79/MONITOR_TESTADCIN28
XADC_X0Y0/TESTADCIN29 (IN) -> Tile Wire: MONITOR_BOT_X46Y79/MONITOR_TESTADCIN29
XADC_X0Y0/TESTADCIN210 (IN) -> Tile Wire: MONITOR_BOT_X46Y79/MONITOR_TESTADCIN210
XADC_X0Y0/TESTADCIN211 (IN) -> Tile Wire: MONITOR_BOT_X46Y79/MONITOR_TESTADCIN211
XADC_X0Y0/TESTADCIN212 (IN) -> Tile Wire: MONITOR_BOT_X46Y79/MONITOR_TESTADCIN212
XADC_X0Y0/TESTADCIN213 (IN) -> Tile Wire: MONITOR_BOT_X46Y79/MONITOR_TESTADCIN213
XADC_X0Y0/TESTADCIN214 (IN) -> Tile Wire: MONITOR_BOT_X46Y79/MONITOR_TESTADCIN214
XADC_X0Y0/TESTADCIN215 (IN) -> Tile Wire: MONITOR_BOT_X46Y79/MONITOR_TESTADCIN215
XADC_X0Y0/TESTADCIN216 (IN) -> Tile Wire: MONITOR_BOT_X46Y79/MONITOR_TESTADCIN216
XADC_X0Y0/TESTADCIN217 (IN) -> Tile Wire: MONITOR_BOT_X46Y79/MONITOR_TESTADCIN217
XADC_X0Y0/TESTADCIN218 (IN) -> Tile Wire: MONITOR_BOT_X46Y79/MONITOR_TESTADCIN218
XADC_X0Y0/TESTADCIN219 (IN) -> Tile Wire: MONITOR_BOT_X46Y79/MONITOR_TESTADCIN219
XADC_X0Y0/TESTCAPTURE (IN) -> Tile Wire: MONITOR_BOT_X46Y79/MONITOR_TESTCAPTURE
XADC_X0Y0/TESTDRCK (IN) -> Tile Wire: MONITOR_BOT_X46Y79/MONITOR_TESTDRCK
XADC_X0Y0/TESTENJTAG (IN) -> Tile Wire: MONITOR_BOT_X46Y79/MONITOR_TESTENJTAG
XADC_X0Y0/TESTRST (IN) -> Tile Wire: MONITOR_BOT_X46Y79/MONITOR_TESTRST
XADC_X0Y0/TESTSCANCLK0 (IN) -> Tile Wire: MONITOR_BOT_X46Y79/MONITOR_TESTSCANCLK0
XADC_X0Y0/TESTSCANCLK1 (IN) -> Tile Wire: MONITOR_BOT_X46Y79/MONITOR_TESTSCANCLK1
XADC_X0Y0/TESTSCANCLK2 (IN) -> Tile Wire: MONITOR_BOT_X46Y79/MONITOR_TESTSCANCLK2
XADC_X0Y0/TESTSCANCLK3 (IN) -> Tile Wire: MONITOR_BOT_X46Y79/MONITOR_TESTSCANCLK3
XADC_X0Y0/TESTSCANCLK4 (IN) -> Tile Wire: MONITOR_BOT_X46Y79/MONITOR_TESTSCANCLK4
XADC_X0Y0/TESTSCANMODE0 (IN) -> Tile Wire: MONITOR_BOT_X46Y79/MONITOR_TESTSCANMODE0
XADC_X0Y0/TESTSCANMODE1 (IN) -> Tile Wire: MONITOR_BOT_X46Y79/MONITOR_TESTSCANMODE1
XADC_X0Y0/TESTSCANMODE2 (IN) -> Tile Wire: MONITOR_BOT_X46Y79/MONITOR_TESTSCANMODE2
XADC_X0Y0/TESTSCANMODE3 (IN) -> Tile Wire: MONITOR_BOT_X46Y79/MONITOR_TESTSCANMODE3
XADC_X0Y0/TESTSCANMODE4 (IN) -> Tile Wire: MONITOR_BOT_X46Y79/MONITOR_TESTSCANMODE4
XADC_X0Y0/TESTSCANRESET (IN) -> Tile Wire: MONITOR_BOT_X46Y79/MONITOR_TESTSCANRESET
XADC_X0Y0/TESTSE0 (IN) -> Tile Wire: MONITOR_BOT_X46Y79/MONITOR_TESTSE0
XADC_X0Y0/TESTSE1 (IN) -> Tile Wire: MONITOR_BOT_X46Y79/MONITOR_TESTSE1
XADC_X0Y0/TESTSE2 (IN) -> Tile Wire: MONITOR_BOT_X46Y79/MONITOR_TESTSE2
XADC_X0Y0/TESTSE3 (IN) -> Tile Wire: MONITOR_BOT_X46Y79/MONITOR_TESTSE3
XADC_X0Y0/TESTSE4 (IN) -> Tile Wire: MONITOR_BOT_X46Y79/MONITOR_TESTSE4
XADC_X0Y0/TESTSEL (IN) -> Tile Wire: MONITOR_BOT_X46Y79/MONITOR_TESTSEL
XADC_X0Y0/TESTSHIFT (IN) -> Tile Wire: MONITOR_BOT_X46Y79/MONITOR_TESTSHIFT
XADC_X0Y0/TESTSI0 (IN) -> Tile Wire: MONITOR_BOT_X46Y79/MONITOR_TESTSI0
XADC_X0Y0/TESTSI1 (IN) -> Tile Wire: MONITOR_BOT_X46Y79/MONITOR_TESTSI1
XADC_X0Y0/TESTSI2 (IN) -> Tile Wire: MONITOR_BOT_X46Y79/MONITOR_TESTSI2
XADC_X0Y0/TESTSI3 (IN) -> Tile Wire: MONITOR_BOT_X46Y79/MONITOR_TESTSI3
XADC_X0Y0/TESTSI4 (IN) -> Tile Wire: MONITOR_BOT_X46Y79/MONITOR_TESTSI4
XADC_X0Y0/TESTTDI (IN) -> Tile Wire: MONITOR_BOT_X46Y79/MONITOR_TESTTDI
XADC_X0Y0/TESTUPDATE (IN) -> Tile Wire: MONITOR_BOT_X46Y79/MONITOR_TESTUPDATE
XADC_X0Y0/VAUXN0 (IN) -> Tile Wire: MONITOR_BOT_X46Y79/MONITOR_VAUXN0
XADC_X0Y0/VAUXN1 (IN) -> Tile Wire: MONITOR_BOT_X46Y79/MONITOR_VAUXN1
XADC_X0Y0/VAUXN2 (IN) -> Tile Wire: MONITOR_BOT_X46Y79/MONITOR_VAUXN2
XADC_X0Y0/VAUXN3 (IN) -> Tile Wire: MONITOR_BOT_X46Y79/MONITOR_VAUXN3
XADC_X0Y0/VAUXN4 (IN) -> Tile Wire: MONITOR_BOT_X46Y79/MONITOR_VAUXN4
XADC_X0Y0/VAUXN5 (IN) -> Tile Wire: MONITOR_BOT_X46Y79/MONITOR_VAUXN5
XADC_X0Y0/VAUXN6 (IN) -> Tile Wire: MONITOR_BOT_X46Y79/MONITOR_VAUXN6
XADC_X0Y0/VAUXN7 (IN) -> Tile Wire: MONITOR_BOT_X46Y79/MONITOR_VAUXN7
XADC_X0Y0/VAUXN8 (IN) -> Tile Wire: MONITOR_BOT_X46Y79/MONITOR_VAUXN8
XADC_X0Y0/VAUXN9 (IN) -> Tile Wire: MONITOR_BOT_X46Y79/MONITOR_VAUXN9
XADC_X0Y0/VAUXN10 (IN) -> Tile Wire: MONITOR_BOT_X46Y79/MONITOR_VAUXN10
XADC_X0Y0/VAUXN11 (IN) -> Tile Wire: MONITOR_BOT_X46Y79/MONITOR_VAUXN11
XADC_X0Y0/VAUXN12 (IN) -> Tile Wire: MONITOR_BOT_X46Y79/MONITOR_VAUXN12
XADC_X0Y0/VAUXN13 (IN) -> Tile Wire: MONITOR_BOT_X46Y79/MONITOR_VAUXN13
XADC_X0Y0/VAUXN14 (IN) -> Tile Wire: MONITOR_BOT_X46Y79/MONITOR_VAUXN14
XADC_X0Y0/VAUXN15 (IN) -> Tile Wire: MONITOR_BOT_X46Y79/MONITOR_VAUXN15
XADC_X0Y0/VAUXP0 (IN) -> Tile Wire: MONITOR_BOT_X46Y79/MONITOR_VAUXP0
XADC_X0Y0/VAUXP1 (IN) -> Tile Wire: MONITOR_BOT_X46Y79/MONITOR_VAUXP1
XADC_X0Y0/VAUXP2 (IN) -> Tile Wire: MONITOR_BOT_X46Y79/MONITOR_VAUXP2
XADC_X0Y0/VAUXP3 (IN) -> Tile Wire: MONITOR_BOT_X46Y79/MONITOR_VAUXP3
XADC_X0Y0/VAUXP4 (IN) -> Tile Wire: MONITOR_BOT_X46Y79/MONITOR_VAUXP4
XADC_X0Y0/VAUXP5 (IN) -> Tile Wire: MONITOR_BOT_X46Y79/MONITOR_VAUXP5
XADC_X0Y0/VAUXP6 (IN) -> Tile Wire: MONITOR_BOT_X46Y79/MONITOR_VAUXP6
XADC_X0Y0/VAUXP7 (IN) -> Tile Wire: MONITOR_BOT_X46Y79/MONITOR_VAUXP7
XADC_X0Y0/VAUXP8 (IN) -> Tile Wire: MONITOR_BOT_X46Y79/MONITOR_VAUXP8
XADC_X0Y0/VAUXP9 (IN) -> Tile Wire: MONITOR_BOT_X46Y79/MONITOR_VAUXP9
XADC_X0Y0/VAUXP10 (IN) -> Tile Wire: MONITOR_BOT_X46Y79/MONITOR_VAUXP10
XADC_X0Y0/VAUXP11 (IN) -> Tile Wire: MONITOR_BOT_X46Y79/MONITOR_VAUXP11
XADC_X0Y0/VAUXP12 (IN) -> Tile Wire: MONITOR_BOT_X46Y79/MONITOR_VAUXP12
XADC_X0Y0/VAUXP13 (IN) -> Tile Wire: MONITOR_BOT_X46Y79/MONITOR_VAUXP13
XADC_X0Y0/VAUXP14 (IN) -> Tile Wire: MONITOR_BOT_X46Y79/MONITOR_VAUXP14
XADC_X0Y0/VAUXP15 (IN) -> Tile Wire: MONITOR_BOT_X46Y79/MONITOR_VAUXP15
XADC_X0Y0/VN (IN) -> Tile Wire: MONITOR_BOT_X46Y79/MONITOR_VN
XADC_X0Y0/VP (IN) -> Tile Wire: MONITOR_BOT_X46Y79/MONITOR_VP
XADC_X0Y0/ALM0 (OUT) -> Tile Wire: MONITOR_BOT_X46Y79/MONITOR_ALM0
XADC_X0Y0/ALM1 (OUT) -> Tile Wire: MONITOR_BOT_X46Y79/MONITOR_ALM1
XADC_X0Y0/ALM2 (OUT) -> Tile Wire: MONITOR_BOT_X46Y79/MONITOR_ALM2
XADC_X0Y0/ALM3 (OUT) -> Tile Wire: MONITOR_BOT_X46Y79/MONITOR_ALM3
XADC_X0Y0/ALM4 (OUT) -> Tile Wire: MONITOR_BOT_X46Y79/MONITOR_ALM4
XADC_X0Y0/ALM5 (OUT) -> Tile Wire: MONITOR_BOT_X46Y79/MONITOR_ALM5
XADC_X0Y0/ALM6 (OUT) -> Tile Wire: MONITOR_BOT_X46Y79/MONITOR_ALM6
XADC_X0Y0/ALM7 (OUT) -> Tile Wire: MONITOR_BOT_X46Y79/MONITOR_ALM7
XADC_X0Y0/BUSY (OUT) -> Tile Wire: MONITOR_BOT_X46Y79/MONITOR_BUSY
XADC_X0Y0/CHANNEL0 (OUT) -> Tile Wire: MONITOR_BOT_X46Y79/MONITOR_CHANNEL0
XADC_X0Y0/CHANNEL1 (OUT) -> Tile Wire: MONITOR_BOT_X46Y79/MONITOR_CHANNEL1
XADC_X0Y0/CHANNEL2 (OUT) -> Tile Wire: MONITOR_BOT_X46Y79/MONITOR_CHANNEL2
XADC_X0Y0/CHANNEL3 (OUT) -> Tile Wire: MONITOR_BOT_X46Y79/MONITOR_CHANNEL3
XADC_X0Y0/CHANNEL4 (OUT) -> Tile Wire: MONITOR_BOT_X46Y79/MONITOR_CHANNEL4
XADC_X0Y0/DO0 (OUT) -> Tile Wire: MONITOR_BOT_X46Y79/MONITOR_DO0
XADC_X0Y0/DO1 (OUT) -> Tile Wire: MONITOR_BOT_X46Y79/MONITOR_DO1
XADC_X0Y0/DO2 (OUT) -> Tile Wire: MONITOR_BOT_X46Y79/MONITOR_DO2
XADC_X0Y0/DO3 (OUT) -> Tile Wire: MONITOR_BOT_X46Y79/MONITOR_DO3
XADC_X0Y0/DO4 (OUT) -> Tile Wire: MONITOR_BOT_X46Y79/MONITOR_DO4
XADC_X0Y0/DO5 (OUT) -> Tile Wire: MONITOR_BOT_X46Y79/MONITOR_DO5
XADC_X0Y0/DO6 (OUT) -> Tile Wire: MONITOR_BOT_X46Y79/MONITOR_DO6
XADC_X0Y0/DO7 (OUT) -> Tile Wire: MONITOR_BOT_X46Y79/MONITOR_DO7
XADC_X0Y0/DO8 (OUT) -> Tile Wire: MONITOR_BOT_X46Y79/MONITOR_DO8
XADC_X0Y0/DO9 (OUT) -> Tile Wire: MONITOR_BOT_X46Y79/MONITOR_DO9
XADC_X0Y0/DO10 (OUT) -> Tile Wire: MONITOR_BOT_X46Y79/MONITOR_DO10
XADC_X0Y0/DO11 (OUT) -> Tile Wire: MONITOR_BOT_X46Y79/MONITOR_DO11
XADC_X0Y0/DO12 (OUT) -> Tile Wire: MONITOR_BOT_X46Y79/MONITOR_DO12
XADC_X0Y0/DO13 (OUT) -> Tile Wire: MONITOR_BOT_X46Y79/MONITOR_DO13
XADC_X0Y0/DO14 (OUT) -> Tile Wire: MONITOR_BOT_X46Y79/MONITOR_DO14
XADC_X0Y0/DO15 (OUT) -> Tile Wire: MONITOR_BOT_X46Y79/MONITOR_DO15
XADC_X0Y0/DRDY (OUT) -> Tile Wire: MONITOR_BOT_X46Y79/MONITOR_DRDY
XADC_X0Y0/EOC (OUT) -> Tile Wire: MONITOR_BOT_X46Y79/MONITOR_EOC
XADC_X0Y0/EOS (OUT) -> Tile Wire: MONITOR_BOT_X46Y79/MONITOR_EOS
XADC_X0Y0/JTAGBUSY (OUT) -> Tile Wire: MONITOR_BOT_X46Y79/MONITOR_JTAGBUSY
XADC_X0Y0/JTAGLOCKED (OUT) -> Tile Wire: MONITOR_BOT_X46Y79/MONITOR_JTAGLOCKED
XADC_X0Y0/JTAGMODIFIED (OUT) -> Tile Wire: MONITOR_BOT_X46Y79/MONITOR_JTAGMODIFIED
XADC_X0Y0/MUXADDR0 (OUT) -> Tile Wire: MONITOR_BOT_X46Y79/MONITOR_MUXADDR0
XADC_X0Y0/MUXADDR1 (OUT) -> Tile Wire: MONITOR_BOT_X46Y79/MONITOR_MUXADDR1
XADC_X0Y0/MUXADDR2 (OUT) -> Tile Wire: MONITOR_BOT_X46Y79/MONITOR_MUXADDR2
XADC_X0Y0/MUXADDR3 (OUT) -> Tile Wire: MONITOR_BOT_X46Y79/MONITOR_MUXADDR3
XADC_X0Y0/MUXADDR4 (OUT) -> Tile Wire: MONITOR_BOT_X46Y79/MONITOR_MUXADDR4
XADC_X0Y0/OT (OUT) -> Tile Wire: MONITOR_BOT_X46Y79/MONITOR_OT
XADC_X0Y0/TESTADCOUT0 (OUT) -> Tile Wire: MONITOR_BOT_X46Y79/MONITOR_TESTADCOUT0
XADC_X0Y0/TESTADCOUT1 (OUT) -> Tile Wire: MONITOR_BOT_X46Y79/MONITOR_TESTADCOUT1
XADC_X0Y0/TESTADCOUT2 (OUT) -> Tile Wire: MONITOR_BOT_X46Y79/MONITOR_TESTADCOUT2
XADC_X0Y0/TESTADCOUT3 (OUT) -> Tile Wire: MONITOR_BOT_X46Y79/MONITOR_TESTADCOUT3
XADC_X0Y0/TESTADCOUT4 (OUT) -> Tile Wire: MONITOR_BOT_X46Y79/MONITOR_TESTADCOUT4
XADC_X0Y0/TESTADCOUT5 (OUT) -> Tile Wire: MONITOR_BOT_X46Y79/MONITOR_TESTADCOUT5
XADC_X0Y0/TESTADCOUT6 (OUT) -> Tile Wire: MONITOR_BOT_X46Y79/MONITOR_TESTADCOUT6
XADC_X0Y0/TESTADCOUT7 (OUT) -> Tile Wire: MONITOR_BOT_X46Y79/MONITOR_TESTADCOUT7
XADC_X0Y0/TESTADCOUT8 (OUT) -> Tile Wire: MONITOR_BOT_X46Y79/MONITOR_TESTADCOUT8
XADC_X0Y0/TESTADCOUT9 (OUT) -> Tile Wire: MONITOR_BOT_X46Y79/MONITOR_TESTADCOUT9
XADC_X0Y0/TESTADCOUT10 (OUT) -> Tile Wire: MONITOR_BOT_X46Y79/MONITOR_TESTADCOUT10
XADC_X0Y0/TESTADCOUT11 (OUT) -> Tile Wire: MONITOR_BOT_X46Y79/MONITOR_TESTADCOUT11
XADC_X0Y0/TESTADCOUT12 (OUT) -> Tile Wire: MONITOR_BOT_X46Y79/MONITOR_TESTADCOUT12
XADC_X0Y0/TESTADCOUT13 (OUT) -> Tile Wire: MONITOR_BOT_X46Y79/MONITOR_TESTADCOUT13
XADC_X0Y0/TESTADCOUT14 (OUT) -> Tile Wire: MONITOR_BOT_X46Y79/MONITOR_TESTADCOUT14
XADC_X0Y0/TESTADCOUT15 (OUT) -> Tile Wire: MONITOR_BOT_X46Y79/MONITOR_TESTADCOUT15
XADC_X0Y0/TESTADCOUT16 (OUT) -> Tile Wire: MONITOR_BOT_X46Y79/MONITOR_TESTADCOUT16
XADC_X0Y0/TESTADCOUT17 (OUT) -> Tile Wire: MONITOR_BOT_X46Y79/MONITOR_TESTADCOUT17
XADC_X0Y0/TESTADCOUT18 (OUT) -> Tile Wire: MONITOR_BOT_X46Y79/MONITOR_TESTADCOUT18
XADC_X0Y0/TESTADCOUT19 (OUT) -> Tile Wire: MONITOR_BOT_X46Y79/MONITOR_TESTADCOUT19
XADC_X0Y0/TESTDB0 (OUT) -> Tile Wire: MONITOR_BOT_X46Y79/MONITOR_TESTDB0
XADC_X0Y0/TESTDB1 (OUT) -> Tile Wire: MONITOR_BOT_X46Y79/MONITOR_TESTDB1
XADC_X0Y0/TESTDB2 (OUT) -> Tile Wire: MONITOR_BOT_X46Y79/MONITOR_TESTDB2
XADC_X0Y0/TESTDB3 (OUT) -> Tile Wire: MONITOR_BOT_X46Y79/MONITOR_TESTDB3
XADC_X0Y0/TESTDB4 (OUT) -> Tile Wire: MONITOR_BOT_X46Y79/MONITOR_TESTDB4
XADC_X0Y0/TESTDB5 (OUT) -> Tile Wire: MONITOR_BOT_X46Y79/MONITOR_TESTDB5
XADC_X0Y0/TESTDB6 (OUT) -> Tile Wire: MONITOR_BOT_X46Y79/MONITOR_TESTDB6
XADC_X0Y0/TESTDB7 (OUT) -> Tile Wire: MONITOR_BOT_X46Y79/MONITOR_TESTDB7
XADC_X0Y0/TESTDB8 (OUT) -> Tile Wire: MONITOR_BOT_X46Y79/MONITOR_TESTDB8
XADC_X0Y0/TESTDB9 (OUT) -> Tile Wire: MONITOR_BOT_X46Y79/MONITOR_TESTDB9
XADC_X0Y0/TESTDB10 (OUT) -> Tile Wire: MONITOR_BOT_X46Y79/MONITOR_TESTDB10
XADC_X0Y0/TESTDB11 (OUT) -> Tile Wire: MONITOR_BOT_X46Y79/MONITOR_TESTDB11
XADC_X0Y0/TESTDB12 (OUT) -> Tile Wire: MONITOR_BOT_X46Y79/MONITOR_TESTDB12
XADC_X0Y0/TESTDB13 (OUT) -> Tile Wire: MONITOR_BOT_X46Y79/MONITOR_TESTDB13
XADC_X0Y0/TESTDB14 (OUT) -> Tile Wire: MONITOR_BOT_X46Y79/MONITOR_TESTDB14
XADC_X0Y0/TESTDB15 (OUT) -> Tile Wire: MONITOR_BOT_X46Y79/MONITOR_TESTDB15
XADC_X0Y0/TESTSO0 (OUT) -> Tile Wire: MONITOR_BOT_X46Y79/MONITOR_TESTSO0
XADC_X0Y0/TESTSO1 (OUT) -> Tile Wire: MONITOR_BOT_X46Y79/MONITOR_TESTSO1
XADC_X0Y0/TESTSO2 (OUT) -> Tile Wire: MONITOR_BOT_X46Y79/MONITOR_TESTSO2
XADC_X0Y0/TESTSO3 (OUT) -> Tile Wire: MONITOR_BOT_X46Y79/MONITOR_TESTSO3
XADC_X0Y0/TESTSO4 (OUT) -> Tile Wire: MONITOR_BOT_X46Y79/MONITOR_TESTSO4
XADC_X0Y0/TESTTDO (OUT) -> Tile Wire: MONITOR_BOT_X46Y79/MONITOR_TESTTDO
reset
WARNING: [Common 17-259] Unknown Tcl command 'reset' sending command to the OS shell for execution. It is recommended to use 'exec' to send the command to the OS shell.
cd ~/nextpnr-xilinx
python3 << 'PYEOF'
WARNING: [Common 17-259] Unknown Tcl command 'python3 << 'PYEOF'' sending command to the OS shell for execution. It is recommended to use 'exec' to send the command to the OS shell.
import json, re
ambiguous command name "import": import_files import_ip import_synplify import_xise import_xst
# Complete site pin data from Vivado TCL ground truth
# Format: pin_name -> (direction, tile_wire)
# tile_wire strips MONITOR_BOT_X46Y79/ prefix
vivado_pins = {}
invalid command name "vivado_pins"
raw = """CONVST IN MONITOR_CONVST
extra characters after close-quote
CONVSTCLK IN MONITOR_CONVSTCLK
invalid command name "CONVSTCLK"
DADDR0 IN MONITOR_DADDR0
invalid command name "DADDR0"
DADDR1 IN MONITOR_DADDR1
invalid command name "DADDR1"
DADDR2 IN MONITOR_DADDR2
invalid command name "DADDR2"
DADDR3 IN MONITOR_DADDR3
invalid command name "DADDR3"
DADDR4 IN MONITOR_DADDR4
invalid command name "DADDR4"
DADDR5 IN MONITOR_DADDR5
invalid command name "DADDR5"
DADDR6 IN MONITOR_DADDR6
invalid command name "DADDR6"
DCLK IN MONITOR_DCLK
invalid command name "DCLK"
DEN IN MONITOR_DEN
invalid command name "DEN"
DI0 IN MONITOR_DI0
invalid command name "DI0"
DI1 IN MONITOR_DI1
invalid command name "DI1"
DI2 IN MONITOR_DI2
invalid command name "DI2"
DI3 IN MONITOR_DI3
invalid command name "DI3"
DI4 IN MONITOR_DI4
invalid command name "DI4"
DI5 IN MONITOR_DI5
invalid command name "DI5"
DI6 IN MONITOR_DI6
invalid command name "DI6"
DI7 IN MONITOR_DI7
invalid command name "DI7"
DI8 IN MONITOR_DI8
invalid command name "DI8"
DI9 IN MONITOR_DI9
invalid command name "DI9"
DI10 IN MONITOR_DI10
invalid command name "DI10"
DI11 IN MONITOR_DI11
invalid command name "DI11"
DI12 IN MONITOR_DI12
invalid command name "DI12"
DI13 IN MONITOR_DI13
invalid command name "DI13"
DI14 IN MONITOR_DI14
invalid command name "DI14"
DI15 IN MONITOR_DI15
invalid command name "DI15"
DWE IN MONITOR_DWE
invalid command name "DWE"
RESET IN MONITOR_RESET
invalid command name "RESET"
VAUXN0 IN MONITOR_VAUXN0
invalid command name "VAUXN0"
VAUXN1 IN MONITOR_VAUXN1
invalid command name "VAUXN1"
VAUXN2 IN MONITOR_VAUXN2
invalid command name "VAUXN2"
VAUXN3 IN MONITOR_VAUXN3
invalid command name "VAUXN3"
VAUXN4 IN MONITOR_VAUXN4
invalid command name "VAUXN4"
VAUXN5 IN MONITOR_VAUXN5
invalid command name "VAUXN5"
VAUXN6 IN MONITOR_VAUXN6
invalid command name "VAUXN6"
VAUXN7 IN MONITOR_VAUXN7
invalid command name "VAUXN7"
VAUXN8 IN MONITOR_VAUXN8
invalid command name "VAUXN8"
VAUXN9 IN MONITOR_VAUXN9
invalid command name "VAUXN9"
VAUXN10 IN MONITOR_VAUXN10
invalid command name "VAUXN10"
VAUXN11 IN MONITOR_VAUXN11
invalid command name "VAUXN11"
VAUXN12 IN MONITOR_VAUXN12
invalid command name "VAUXN12"
VAUXN13 IN MONITOR_VAUXN13
invalid command name "VAUXN13"
VAUXN14 IN MONITOR_VAUXN14
invalid command name "VAUXN14"
VAUXN15 IN MONITOR_VAUXN15
invalid command name "VAUXN15"
VAUXP0 IN MONITOR_VAUXP0
invalid command name "VAUXP0"
VAUXP1 IN MONITOR_VAUXP1
invalid command name "VAUXP1"
VAUXP2 IN MONITOR_VAUXP2
invalid command name "VAUXP2"
VAUXP3 IN MONITOR_VAUXP3
invalid command name "VAUXP3"
VAUXP4 IN MONITOR_VAUXP4
invalid command name "VAUXP4"
VAUXP5 IN MONITOR_VAUXP5
invalid command name "VAUXP5"
VAUXP6 IN MONITOR_VAUXP6
invalid command name "VAUXP6"
VAUXP7 IN MONITOR_VAUXP7
invalid command name "VAUXP7"
VAUXP8 IN MONITOR_VAUXP8
invalid command name "VAUXP8"
VAUXP9 IN MONITOR_VAUXP9
invalid command name "VAUXP9"
VAUXP10 IN MONITOR_VAUXP10
invalid command name "VAUXP10"
VAUXP11 IN MONITOR_VAUXP11
invalid command name "VAUXP11"
VAUXP12 IN MONITOR_VAUXP12
invalid command name "VAUXP12"
VAUXP13 IN MONITOR_VAUXP13
invalid command name "VAUXP13"
VAUXP14 IN MONITOR_VAUXP14
invalid command name "VAUXP14"
VAUXP15 IN MONITOR_VAUXP15
invalid command name "VAUXP15"
VN IN MONITOR_VN
invalid command name "VN"
VP IN MONITOR_VP
invalid command name "VP"
ALM0 OUT MONITOR_ALM0
invalid command name "ALM0"
ALM1 OUT MONITOR_ALM1
invalid command name "ALM1"
ALM2 OUT MONITOR_ALM2
invalid command name "ALM2"
ALM3 OUT MONITOR_ALM3
invalid command name "ALM3"
ALM4 OUT MONITOR_ALM4
invalid command name "ALM4"
ALM5 OUT MONITOR_ALM5
invalid command name "ALM5"
ALM6 OUT MONITOR_ALM6
invalid command name "ALM6"
ALM7 OUT MONITOR_ALM7
invalid command name "ALM7"
BUSY OUT MONITOR_BUSY
invalid command name "BUSY"
CHANNEL0 OUT MONITOR_CHANNEL0
invalid command name "CHANNEL0"
CHANNEL1 OUT MONITOR_CHANNEL1
invalid command name "CHANNEL1"
CHANNEL2 OUT MONITOR_CHANNEL2
invalid command name "CHANNEL2"
CHANNEL3 OUT MONITOR_CHANNEL3
invalid command name "CHANNEL3"
CHANNEL4 OUT MONITOR_CHANNEL4
invalid command name "CHANNEL4"
DO0 OUT MONITOR_DO0
invalid command name "DO0"
DO1 OUT MONITOR_DO1
invalid command name "DO1"
DO2 OUT MONITOR_DO2
invalid command name "DO2"
DO3 OUT MONITOR_DO3
invalid command name "DO3"
DO4 OUT MONITOR_DO4
invalid command name "DO4"
DO5 OUT MONITOR_DO5
invalid command name "DO5"
DO6 OUT MONITOR_DO6
invalid command name "DO6"
DO7 OUT MONITOR_DO7
invalid command name "DO7"
DO8 OUT MONITOR_DO8
invalid command name "DO8"
DO9 OUT MONITOR_DO9
invalid command name "DO9"
DO10 OUT MONITOR_DO10
invalid command name "DO10"
DO11 OUT MONITOR_DO11
invalid command name "DO11"
DO12 OUT MONITOR_DO12
invalid command name "DO12"
DO13 OUT MONITOR_DO13
invalid command name "DO13"
DO14 OUT MONITOR_DO14
invalid command name "DO14"
DO15 OUT MONITOR_DO15
invalid command name "DO15"
DRDY OUT MONITOR_DRDY
invalid command name "DRDY"
EOC OUT MONITOR_EOC
invalid command name "EOC"
EOS OUT MONITOR_EOS
invalid command name "EOS"
JTAGBUSY OUT MONITOR_JTAGBUSY
invalid command name "JTAGBUSY"
JTAGLOCKED OUT MONITOR_JTAGLOCKED
invalid command name "JTAGLOCKED"
JTAGMODIFIED OUT MONITOR_JTAGMODIFIED
invalid command name "JTAGMODIFIED"
MUXADDR0 OUT MONITOR_MUXADDR0
invalid command name "MUXADDR0"
MUXADDR1 OUT MONITOR_MUXADDR1
invalid command name "MUXADDR1"
MUXADDR2 OUT MONITOR_MUXADDR2
invalid command name "MUXADDR2"
MUXADDR3 OUT MONITOR_MUXADDR3
invalid command name "MUXADDR3"
MUXADDR4 OUT MONITOR_MUXADDR4
invalid command name "MUXADDR4"
OT OUT MONITOR_OT"""
invalid command name "OT"
BUS_PREFIXES = {'DI', 'DO', 'DADDR', 'ALM', 'CHANNEL', 'MUXADDR', 'VAUXP', 'VAUXN'}
invalid command name "BUS_PREFIXES"
def bel_name(name):
invalid command name "def"
    m = re.match(r'^([A-Za-z]+)(\d+)$', name)
invalid command name "A-Za-z"
    if m and m.group(1) in BUS_PREFIXES:
invalid bareword "m"
in expression "m";
should be "$m" or "{m}" or "m(...)" or ...
        return f'{m.group(1)}[{m.group(2)}]'
invalid command name "m.group(2)"
    return name
name
pins = {}      # flat names for prjxray lookup
invalid command name "pins"
bel_pins = {}  # bracket names for nextpnr port matching
invalid command name "bel_pins"
for line in raw.strip().split('\n'):
wrong # args: should be "for start test next command"
    parts = line.split()
invalid command name "parts"
    name, direction, wire = parts[0], parts[1], parts[2]
invalid command name "name,"
    dir_str = 'INPUT' if direction == 'IN' else 'OUTPUT'
invalid command name "dir_str"
    # pins: flat name, wire without MONITOR_ prefix
    wire_short = wire.replace('MONITOR_', '')
invalid command name "wire_short"
    pins[name] = {'primary': name, 'wire': wire_short, 'dir': dir_str}
wrong # args: should be "namespace subcommand ?arg ...?"
    # bel_pins: bracket name
    bn = bel_name(name)
invalid command name "bn"
    bel_pins[bn] = {'dir': dir_str, 'wire': wire_short}
invalid command name "bn"
# CONVSTCLK and DCLK go through inverters
bel_pins['CONVSTCLK']['wire'] = 'CONVSTCLKINV_OUT'
invalid command name "'CONVSTCLK'"
bel_pins['DCLK']['wire'] = 'DCLKINV_OUT'
invalid command name "'DCLK'"
result = {
    'XADC': {
        'bels': {
            'XADC': {'type': 'XADC', 'class': 'BEL', 'pins': bel_pins},
            'CONVSTCLKINV': {
                'type': 'XADC_CONVSTCLKINV', 'class': 'RBEL',
                'pins': {
                    'CONVSTCLK':   {'dir': 'INPUT',  'wire': 'CONVSTCLK'},
                    'CONVSTCLK_B': {'dir': 'INPUT',  'wire': 'CONVSTCLK'},
                    'OUT':         {'dir': 'OUTPUT', 'wire': 'CONVSTCLKINV_OUT'}
                }
            },
            'DCLKINV': {
                'type': 'XADC_DCLKINV', 'class': 'RBEL',
                'pins': {
                    'DCLK':   {'dir': 'INPUT',  'wire': 'DCLK'},
                    'DCLK_B': {'dir': 'INPUT',  'wire': 'DCLK'},
                    'OUT':    {'dir': 'OUTPUT', 'wire': 'DCLKINV_OUT'}
                }
            }
        },
        'pips': [
            {'bel': 'CONVSTCLKINV', 'from_pin': 'CONVSTCLK',   'to_pin': 'OUT'},
            {'bel': 'CONVSTCLKINV', 'from_pin': 'CONVSTCLK_B', 'to_pin': 'OUT'},
            {'bel': 'DCLKINV',      'from_pin': 'DCLK',        'to_pin': 'OUT'},
            {'bel': 'DCLKINV',      'from_pin': 'DCLK_B',      'to_pin': 'OUT'}
        ],
        'pins': pins
    }
}
invalid command name "result"
with open('xilinx/external/nextpnr-xilinx-meta/spartan7/site_type_XADC.json', 'w') as f:
invalid command name "with"
    json.dump(result, f, indent=2)
invalid command name "json.dump(result,"
print(f'Done: {len(pins)} site pins, {len(bel_pins)} bel pins')
invalid command name "print(f'Done:"
print(f'Input pins: {sum(1 for v in pins.values() if v["dir"]=="INPUT")}')
extra characters after close-brace
print(f'Output pins: {sum(1 for v in pins.values() if v["dir"]=="OUTPUT")}')
extra characters after close-brace
PYEOF
invalid command name "PYEOF"
reset
WARNING: [Common 17-259] Unknown Tcl command 'reset' sending command to the OS shell for execution. It is recommended to use 'exec' to send the command to the OS shell.
cd ~/nextpnr-xilinx
python3 xilinx/python/bbaexport.py --device xc7s50csga324-1 --bba xilinx/xc7s50.bba 2>&1 | tail -3 && \
LD_LIBRARY_PATH=$HOME/boost_libs:/software/xilinx-2025.1/2025.1/Model_Composer/lib/lnx64.o \
./build/bba/bbasm --l xilinx/xc7s50.bba xilinx/xc7s50.bin 2>&1 | tail -3 && \
python3 -c "
import json
d = json.load(open('/tmp/synth.json'))
for name, cell in d.get('modules',{}).get('top',{}).get('cells',{}).items():
    if 'XADC' in cell['type']:
        cell['connections'] = {}
        cell['port_directions'] = {}
json.dump(d, open('/tmp/synth_noroute.json', 'w'))
print('Stripped')
" && \
LD_LIBRARY_PATH=$HOME/boost_libs:/software/xilinx-2025.1/2025.1/Model_Composer/lib/lnx64.o \
~/nextpnr-xilinx/build/nextpnr-xilinx \
    --chipdb ~/nextpnr-xilinx/xilinx/xc7s50.bin \
    --json /tmp/synth_noroute.json \
    --xdc /tmp/xadc_sanity.xdc \
    --fasm /tmp/xadc_sanity.fasm 2>&1 | grep -v 'wasm\|WebAssembly' | tail -5 && \
grep -E "INIT_40|INIT_41" /tmp/xadc_sanity.fasm
can't read "HOME": no such variable
exit
INFO: [Common 17-206] Exiting Vivado at Mon May 11 22:19:39 2026...
