#-----------------------------------------------------------
# Vivado v2025.1 (64-bit)
# SW Build 6140274 on Wed May 21 22:58:25 MDT 2025
# IP Build 6138677 on Thu May 22 03:10:11 MDT 2025
# SharedData Build 6139179 on Tue May 20 17:58:58 MDT 2025
# Start of session at: Mon May 11 22:12:43 2026
# Process ID         : 260538
# Current directory  : /home/nathan37/nextpnr-xilinx
# Command line       : vivado -mode tcl
# Log file           : /home/nathan37/nextpnr-xilinx/vivado.log
# Journal file       : /home/nathan37/nextpnr-xilinx/vivado.jou
# Running On         : fastx3-23.ews.illinois.edu
# Platform           : RedHatEnterprise
# Operating System   : Red Hat Enterprise Linux 9.7 (Plow)
# Processor Detail   : Intel(R) Xeon(R) Silver 4216 CPU @ 2.10GHz
# CPU Frequency      : 2095.078 MHz
# CPU Physical cores : 10
# CPU Logical cores  : 10
# Host memory        : 24893 MB
# Swap memory        : 4294 MB
# Total Virtual      : 29188 MB
# Available Virtual  : 23421 MB
#-----------------------------------------------------------
# Get all PIPs in the XADC tile
set tile [get_tiles MONITOR_BOT_X46Y79]
foreach pip [get_pips -of_objects $tile] {
    puts "$pip"
}
reset
# 1. Link the design to your specific Spartan-7 part
link_design -part xc7s50csga324-1
# 2. Now the tile object will be findable
set tile [get_tiles MONITOR_BOT_X46Y79]
# 3. List all PIPs (Programmable Interconnect Points) in that tile
foreach pip [get_pips -of_objects $tile] {
    puts "$pip"
}
# Get site PIP  what wires connect XADC site pins to tile routingconnections 
set site [get_sites XADC_X0Y0]
foreach pin [get_site_pins -of_objects $site] {
    set net [get_nets -of_objects $pin]
    puts "$pin -> [get_property SITE_PIN_TYPE $pin]"
}
set site [get_sites XADC_X0Y0]
foreach pin [get_site_pins -of_objects $site] {
    # Query the physical wire attached to the pin, not the logical net
    set wire [get_wires -of_objects $pin]
    set dir  [get_property DIRECTION $pin]
    puts "$pin ($dir) -> Tile Wire: $wire"
}
