#-----------------------------------------------------------
# Vivado v2025.1 (64-bit)
# SW Build 6140274 on Wed May 21 22:58:25 MDT 2025
# IP Build 6138677 on Thu May 22 03:10:11 MDT 2025
# SharedData Build 6139179 on Tue May 20 17:58:58 MDT 2025
# Start of session at: Mon May 11 17:21:43 2026
# Process ID         : 1582878
# Current directory  : /home/nathan37/nextpnr-xilinx
# Command line       : vivado -mode batch -source /tmp/nathan37/vivado_srl_diff.tcl -notrace -log /tmp/nathan37/vivado_srl_diff.log
# Log file           : /tmp/nathan37/vivado_srl_diff.log
# Journal file       : /home/nathan37/nextpnr-xilinx/vivado.jou
# Running On         : fastx3-20.ews.illinois.edu
# Platform           : RedHatEnterprise
# Operating System   : Red Hat Enterprise Linux 9.7 (Plow)
# Processor Detail   : Intel(R) Xeon(R) Silver 4216 CPU @ 2.10GHz
# CPU Frequency      : 2095.077 MHz
# CPU Physical cores : 10
# CPU Logical cores  : 10
# Host memory        : 24893 MB
# Swap memory        : 4294 MB
# Total Virtual      : 29188 MB
# Available Virtual  : 9167 MB
#-----------------------------------------------------------
source /tmp/nathan37/vivado_srl_diff.tcl -notrace
