#-----------------------------------------------------------
# Vivado v2025.1 (64-bit)
# SW Build 6140274 on Wed May 21 22:58:25 MDT 2025
# IP Build 6138677 on Thu May 22 03:10:11 MDT 2025
# SharedData Build 6139179 on Tue May 20 17:58:58 MDT 2025
# Start of session at: Mon May 11 19:13:20 2026
# Process ID         : 1876464
# Current directory  : /home/nathan37/nextpnr-xilinx
# Command line       : vivado -mode tcl
# Log file           : /home/nathan37/nextpnr-xilinx/vivado.log
# Journal file       : /home/nathan37/nextpnr-xilinx/vivado.jou
# Running On         : fastx3-20.ews.illinois.edu
# Platform           : RedHatEnterprise
# Operating System   : Red Hat Enterprise Linux 9.7 (Plow)
# Processor Detail   : Intel(R) Xeon(R) Silver 4216 CPU @ 2.10GHz
# CPU Frequency      : 2095.077 MHz
# CPU Physical cores : 10
# CPU Logical cores  : 10
# Host memory        : 24893 MB
# Swap memory        : 4294 MB
# Total Virtual      : 29188 MB
# Available Virtual  : 9362 MB
#-----------------------------------------------------------
reset
WARNING: [Common 17-259] Unknown Tcl command 'reset' sending command to the OS shell for execution. It is recommended to use 'exec' to send the command to the OS shell.
link_design -part xc7s50csga324-1
Command: link_design -part xc7s50csga324-1
Design is defaulting to srcset: sources_1
Design is defaulting to constrset: constrs_1
INFO: [Device 21-403] Loading part xc7s50csga324-1
Netlist sorting complete. Time (s): cpu = 00:00:00 ; elapsed = 00:00:00 . Memory (MB): peak = 1975.641 ; gain = 0.000 ; free physical = 3923 ; free virtual = 8560
INFO: [Project 1-570] Preparing netlist for logic optimization
INFO: [Opt 31-138] Pushed 0 inverter(s) to 0 load pin(s).
Netlist sorting complete. Time (s): cpu = 00:00:00 ; elapsed = 00:00:00 . Memory (MB): peak = 2069.203 ; gain = 0.000 ; free physical = 3853 ; free virtual = 8490
INFO: [Project 1-111] Unisim Transformation Summary:
No Unisim elements were transformed.

4 Infos, 0 Warnings, 0 Critical Warnings and 0 Errors encountered.
link_design completed successfully
link_design: Time (s): cpu = 00:00:15 ; elapsed = 00:00:09 . Memory (MB): peak = 2069.238 ; gain = 434.762 ; free physical = 3850 ; free virtual = 8488
design_1
set xadc_site [get_sites -filter {SITE_TYPE == XADC}]
XADC_X0Y0
puts "XADC site: $xadc_site"
XADC site: XADC_X0Y0
set tile [get_tiles -of_objects $xadc_site]
MONITOR_BOT_X46Y79
puts "Tile: $tile"
Tile: MONITOR_BOT_X46Y79
puts "Tile X: [get_property COLUMN $tile]"
Tile X: 46
puts "Tile Y: [get_property ROW $tile]"
Tile Y: 77
# Get the grid coordinates for ROI string
puts "Grid X: [get_property GRID_POINT_X $tile]"
Grid X: 46
puts "Grid Y: [get_property GRID_POINT_Y $tile]"clear
extra characters after close-quote
