#-----------------------------------------------------------
# Vivado v2025.1 (64-bit)
# SW Build 6140274 on Wed May 21 22:58:25 MDT 2025
# IP Build 6138677 on Thu May 22 03:10:11 MDT 2025
# SharedData Build 6139179 on Tue May 20 17:58:58 MDT 2025
# Start of session at: Mon May 11 22:12:43 2026
# Process ID         : 260538
# Current directory  : /home/nathan37/nextpnr-xilinx
# Command line       : vivado -mode tcl
# Log file           : /home/nathan37/nextpnr-xilinx/vivado.log
# Journal file       : /home/nathan37/nextpnr-xilinx/vivado.jou
# Running On         : fastx3-23.ews.illinois.edu
# Platform           : RedHatEnterprise
# Operating System   : Red Hat Enterprise Linux 9.7 (Plow)
# Processor Detail   : Intel(R) Xeon(R) Silver 4216 CPU @ 2.10GHz
# CPU Frequency      : 2095.078 MHz
# CPU Physical cores : 10
# CPU Logical cores  : 10
# Host memory        : 24893 MB
# Swap memory        : 4294 MB
# Total Virtual      : 29188 MB
# Available Virtual  : 23421 MB
#-----------------------------------------------------------
# Get all PIPs in the XADC tile
set tile [get_tiles MONITOR_BOT_X46Y79]
ERROR: [Common 17-53] User Exception: No open project. Please create or open a project before executing this command.
foreach pip [get_pips -of_objects $tile] {
    puts "$pip"
}
can't read "tile": no such variable
reset
WARNING: [Common 17-259] Unknown Tcl command 'reset' sending command to the OS shell for execution. It is recommended to use 'exec' to send the command to the OS shell.
# 1. Link the design to your specific Spartan-7 part
link_design -part xc7s50csga324-1
Command: link_design -part xc7s50csga324-1
Design is defaulting to srcset: sources_1
Design is defaulting to constrset: constrs_1
INFO: [Device 21-403] Loading part xc7s50csga324-1
Netlist sorting complete. Time (s): cpu = 00:00:00 ; elapsed = 00:00:00 . Memory (MB): peak = 1975.738 ; gain = 0.000 ; free physical = 11642 ; free virtual = 21603
INFO: [Project 1-570] Preparing netlist for logic optimization
INFO: [Opt 31-138] Pushed 0 inverter(s) to 0 load pin(s).
Netlist sorting complete. Time (s): cpu = 00:00:00 ; elapsed = 00:00:00 . Memory (MB): peak = 2068.301 ; gain = 0.000 ; free physical = 11556 ; free virtual = 21518
INFO: [Project 1-111] Unisim Transformation Summary:
No Unisim elements were transformed.

4 Infos, 0 Warnings, 0 Critical Warnings and 0 Errors encountered.
link_design completed successfully
link_design: Time (s): cpu = 00:00:15 ; elapsed = 00:00:09 . Memory (MB): peak = 2068.336 ; gain = 366.793 ; free physical = 11556 ; free virtual = 21517
design_1
# 2. Now the tile object will be findable
set tile [get_tiles MONITOR_BOT_X46Y79]
MONITOR_BOT_X46Y79
# 3. List all PIPs (Programmable Interconnect Points) in that tile
foreach pip [get_pips -of_objects $tile] {
    puts "$pip"
}
MONITOR_BOT_X46Y79/MONITOR_BOT.MONITOR_ALM0->MONITOR_LOGIC_OUTS_B11_2
MONITOR_BOT_X46Y79/MONITOR_BOT.MONITOR_ALM1->MONITOR_LOGIC_OUTS_B12_2
MONITOR_BOT_X46Y79/MONITOR_BOT.MONITOR_ALM2->MONITOR_LOGIC_OUTS_B13_2
MONITOR_BOT_X46Y79/MONITOR_BOT.MONITOR_ALM3->MONITOR_LOGIC_OUTS_B14_2
MONITOR_BOT_X46Y79/MONITOR_BOT.MONITOR_ALM4->MONITOR_LOGIC_OUTS_B15_2
MONITOR_BOT_X46Y79/MONITOR_BOT.MONITOR_ALM5->MONITOR_LOGIC_OUTS_B16_2
MONITOR_BOT_X46Y79/MONITOR_BOT.MONITOR_ALM6->MONITOR_LOGIC_OUTS_B17_2
MONITOR_BOT_X46Y79/MONITOR_BOT.MONITOR_ALM7->MONITOR_LOGIC_OUTS_B18_2
MONITOR_BOT_X46Y79/MONITOR_BOT.MONITOR_BUSY->MONITOR_LOGIC_OUTS_B20_1
MONITOR_BOT_X46Y79/MONITOR_BOT.MONITOR_CHANNEL0->MONITOR_LOGIC_OUTS_B15_1
MONITOR_BOT_X46Y79/MONITOR_BOT.MONITOR_CHANNEL1->MONITOR_LOGIC_OUTS_B16_1
MONITOR_BOT_X46Y79/MONITOR_BOT.MONITOR_CHANNEL2->MONITOR_LOGIC_OUTS_B17_1
MONITOR_BOT_X46Y79/MONITOR_BOT.MONITOR_CHANNEL3->MONITOR_LOGIC_OUTS_B18_1
MONITOR_BOT_X46Y79/MONITOR_BOT.MONITOR_CHANNEL4->MONITOR_LOGIC_OUTS_B19_1
MONITOR_BOT_X46Y79/MONITOR_BOT.MONITOR_CLK1_0->MONITOR_DCLK
MONITOR_BOT_X46Y79/MONITOR_BOT.MONITOR_CLK1_1->MONITOR_CONVSTCLK
MONITOR_BOT_X46Y79/MONITOR_BOT.MONITOR_CTRL1_2->MONITOR_RESET
MONITOR_BOT_X46Y79/MONITOR_BOT.MONITOR_DO0->MONITOR_LOGIC_OUTS_B8_0
MONITOR_BOT_X46Y79/MONITOR_BOT.MONITOR_DO1->MONITOR_LOGIC_OUTS_B9_0
MONITOR_BOT_X46Y79/MONITOR_BOT.MONITOR_DO2->MONITOR_LOGIC_OUTS_B10_0
MONITOR_BOT_X46Y79/MONITOR_BOT.MONITOR_DO3->MONITOR_LOGIC_OUTS_B11_0
MONITOR_BOT_X46Y79/MONITOR_BOT.MONITOR_DO4->MONITOR_LOGIC_OUTS_B12_0
MONITOR_BOT_X46Y79/MONITOR_BOT.MONITOR_DO5->MONITOR_LOGIC_OUTS_B13_0
MONITOR_BOT_X46Y79/MONITOR_BOT.MONITOR_DO6->MONITOR_LOGIC_OUTS_B14_0
MONITOR_BOT_X46Y79/MONITOR_BOT.MONITOR_DO7->MONITOR_LOGIC_OUTS_B15_0
MONITOR_BOT_X46Y79/MONITOR_BOT.MONITOR_DO8->MONITOR_LOGIC_OUTS_B16_0
MONITOR_BOT_X46Y79/MONITOR_BOT.MONITOR_DO9->MONITOR_LOGIC_OUTS_B17_0
MONITOR_BOT_X46Y79/MONITOR_BOT.MONITOR_DO10->MONITOR_LOGIC_OUTS_B18_0
MONITOR_BOT_X46Y79/MONITOR_BOT.MONITOR_DO11->MONITOR_LOGIC_OUTS_B19_0
MONITOR_BOT_X46Y79/MONITOR_BOT.MONITOR_DO12->MONITOR_LOGIC_OUTS_B20_0
MONITOR_BOT_X46Y79/MONITOR_BOT.MONITOR_DO13->MONITOR_LOGIC_OUTS_B21_0
MONITOR_BOT_X46Y79/MONITOR_BOT.MONITOR_DO14->MONITOR_LOGIC_OUTS_B22_0
MONITOR_BOT_X46Y79/MONITOR_BOT.MONITOR_DO15->MONITOR_LOGIC_OUTS_B23_0
MONITOR_BOT_X46Y79/MONITOR_BOT.MONITOR_DRDY->MONITOR_LOGIC_OUTS_B14_1
MONITOR_BOT_X46Y79/MONITOR_BOT.MONITOR_EOC->MONITOR_LOGIC_OUTS_B22_1
MONITOR_BOT_X46Y79/MONITOR_BOT.MONITOR_EOS->MONITOR_LOGIC_OUTS_B23_1
MONITOR_BOT_X46Y79/MONITOR_BOT.MONITOR_HORIZ_VAUXN3->MONITOR_VERT_VAUXN3
MONITOR_BOT_X46Y79/MONITOR_BOT.MONITOR_HORIZ_VAUXN7->MONITOR_VERT_VAUXN7
MONITOR_BOT_X46Y79/MONITOR_BOT.MONITOR_HORIZ_VAUXN10->MONITOR_VERT_VAUXN10
MONITOR_BOT_X46Y79/MONITOR_BOT.MONITOR_HORIZ_VAUXN11->MONITOR_VERT_VAUXN11
MONITOR_BOT_X46Y79/MONITOR_BOT.MONITOR_HORIZ_VAUXN14->MONITOR_VERT_VAUXN14
MONITOR_BOT_X46Y79/MONITOR_BOT.MONITOR_HORIZ_VAUXN15->MONITOR_VERT_VAUXN15
MONITOR_BOT_X46Y79/MONITOR_BOT.MONITOR_HORIZ_VAUXP3->MONITOR_VERT_VAUXP3
MONITOR_BOT_X46Y79/MONITOR_BOT.MONITOR_HORIZ_VAUXP7->MONITOR_VERT_VAUXP7
MONITOR_BOT_X46Y79/MONITOR_BOT.MONITOR_HORIZ_VAUXP10->MONITOR_VERT_VAUXP10
MONITOR_BOT_X46Y79/MONITOR_BOT.MONITOR_HORIZ_VAUXP11->MONITOR_VERT_VAUXP11
MONITOR_BOT_X46Y79/MONITOR_BOT.MONITOR_HORIZ_VAUXP14->MONITOR_VERT_VAUXP14
MONITOR_BOT_X46Y79/MONITOR_BOT.MONITOR_HORIZ_VAUXP15->MONITOR_VERT_VAUXP15
MONITOR_BOT_X46Y79/MONITOR_BOT.MONITOR_IMUX28_0->MONITOR_DI0
MONITOR_BOT_X46Y79/MONITOR_BOT.MONITOR_IMUX29_0->MONITOR_DI1
MONITOR_BOT_X46Y79/MONITOR_BOT.MONITOR_IMUX30_0->MONITOR_DI2
MONITOR_BOT_X46Y79/MONITOR_BOT.MONITOR_IMUX31_0->MONITOR_DI3
MONITOR_BOT_X46Y79/MONITOR_BOT.MONITOR_IMUX32_0->MONITOR_DI4
MONITOR_BOT_X46Y79/MONITOR_BOT.MONITOR_IMUX33_0->MONITOR_DI5
MONITOR_BOT_X46Y79/MONITOR_BOT.MONITOR_IMUX34_0->MONITOR_DI6
MONITOR_BOT_X46Y79/MONITOR_BOT.MONITOR_IMUX34_1->MONITOR_DADDR0
MONITOR_BOT_X46Y79/MONITOR_BOT.MONITOR_IMUX35_0->MONITOR_DI7
MONITOR_BOT_X46Y79/MONITOR_BOT.MONITOR_IMUX35_1->MONITOR_DADDR1
MONITOR_BOT_X46Y79/MONITOR_BOT.MONITOR_IMUX36_0->MONITOR_DI8
MONITOR_BOT_X46Y79/MONITOR_BOT.MONITOR_IMUX36_1->MONITOR_DADDR2
MONITOR_BOT_X46Y79/MONITOR_BOT.MONITOR_IMUX37_0->MONITOR_DI9
MONITOR_BOT_X46Y79/MONITOR_BOT.MONITOR_IMUX37_1->MONITOR_DADDR3
MONITOR_BOT_X46Y79/MONITOR_BOT.MONITOR_IMUX38_0->MONITOR_DI10
MONITOR_BOT_X46Y79/MONITOR_BOT.MONITOR_IMUX38_1->MONITOR_DADDR4
MONITOR_BOT_X46Y79/MONITOR_BOT.MONITOR_IMUX39_0->MONITOR_DI11
MONITOR_BOT_X46Y79/MONITOR_BOT.MONITOR_IMUX39_1->MONITOR_DADDR5
MONITOR_BOT_X46Y79/MONITOR_BOT.MONITOR_IMUX40_0->MONITOR_DI12
MONITOR_BOT_X46Y79/MONITOR_BOT.MONITOR_IMUX40_1->MONITOR_DADDR6
MONITOR_BOT_X46Y79/MONITOR_BOT.MONITOR_IMUX41_0->MONITOR_DI13
MONITOR_BOT_X46Y79/MONITOR_BOT.MONITOR_IMUX41_1->MONITOR_DEN
MONITOR_BOT_X46Y79/MONITOR_BOT.MONITOR_IMUX42_0->MONITOR_DI14
MONITOR_BOT_X46Y79/MONITOR_BOT.MONITOR_IMUX42_1->MONITOR_DWE
MONITOR_BOT_X46Y79/MONITOR_BOT.MONITOR_IMUX43_0->MONITOR_DI15
MONITOR_BOT_X46Y79/MONITOR_BOT.MONITOR_IMUX43_1->MONITOR_CONVST
MONITOR_BOT_X46Y79/MONITOR_BOT.MONITOR_JTAGBUSY->MONITOR_LOGIC_OUTS_B13_1
MONITOR_BOT_X46Y79/MONITOR_BOT.MONITOR_JTAGLOCKED->MONITOR_LOGIC_OUTS_B11_1
MONITOR_BOT_X46Y79/MONITOR_BOT.MONITOR_JTAGMODIFIED->MONITOR_LOGIC_OUTS_B12_1
MONITOR_BOT_X46Y79/MONITOR_BOT.MONITOR_MUXADDR0->MONITOR_LOGIC_OUTS_B19_2
MONITOR_BOT_X46Y79/MONITOR_BOT.MONITOR_MUXADDR1->MONITOR_LOGIC_OUTS_B20_2
MONITOR_BOT_X46Y79/MONITOR_BOT.MONITOR_MUXADDR2->MONITOR_LOGIC_OUTS_B21_2
MONITOR_BOT_X46Y79/MONITOR_BOT.MONITOR_MUXADDR3->MONITOR_LOGIC_OUTS_B22_2
MONITOR_BOT_X46Y79/MONITOR_BOT.MONITOR_MUXADDR4->MONITOR_LOGIC_OUTS_B23_2
MONITOR_BOT_X46Y79/MONITOR_BOT.MONITOR_OT->MONITOR_LOGIC_OUTS_B21_1
MONITOR_BOT_X46Y79/MONITOR_BOT.MONITOR_SEG_VN->MONITOR_VN
MONITOR_BOT_X46Y79/MONITOR_BOT.MONITOR_SEG_VP->MONITOR_VP
MONITOR_BOT_X46Y79/MONITOR_BOT.MONITOR_VERT_VAUXN0->MONITOR_VAUXN0
MONITOR_BOT_X46Y79/MONITOR_BOT.MONITOR_VERT_VAUXN1->MONITOR_VAUXN1
MONITOR_BOT_X46Y79/MONITOR_BOT.MONITOR_VERT_VAUXN2->MONITOR_VAUXN2
MONITOR_BOT_X46Y79/MONITOR_BOT.MONITOR_VERT_VAUXN3->MONITOR_VAUXN3
MONITOR_BOT_X46Y79/MONITOR_BOT.MONITOR_VERT_VAUXN4->MONITOR_VAUXN4
MONITOR_BOT_X46Y79/MONITOR_BOT.MONITOR_VERT_VAUXN5->MONITOR_VAUXN5
MONITOR_BOT_X46Y79/MONITOR_BOT.MONITOR_VERT_VAUXN6->MONITOR_VAUXN6
MONITOR_BOT_X46Y79/MONITOR_BOT.MONITOR_VERT_VAUXN7->MONITOR_VAUXN7
MONITOR_BOT_X46Y79/MONITOR_BOT.MONITOR_VERT_VAUXN8->MONITOR_VAUXN8
MONITOR_BOT_X46Y79/MONITOR_BOT.MONITOR_VERT_VAUXN9->MONITOR_VAUXN9
MONITOR_BOT_X46Y79/MONITOR_BOT.MONITOR_VERT_VAUXN10->MONITOR_VAUXN10
MONITOR_BOT_X46Y79/MONITOR_BOT.MONITOR_VERT_VAUXN11->MONITOR_VAUXN11
MONITOR_BOT_X46Y79/MONITOR_BOT.MONITOR_VERT_VAUXN12->MONITOR_VAUXN12
MONITOR_BOT_X46Y79/MONITOR_BOT.MONITOR_VERT_VAUXN13->MONITOR_VAUXN13
MONITOR_BOT_X46Y79/MONITOR_BOT.MONITOR_VERT_VAUXN14->MONITOR_VAUXN14
MONITOR_BOT_X46Y79/MONITOR_BOT.MONITOR_VERT_VAUXN15->MONITOR_VAUXN15
MONITOR_BOT_X46Y79/MONITOR_BOT.MONITOR_VERT_VAUXP0->MONITOR_VAUXP0
MONITOR_BOT_X46Y79/MONITOR_BOT.MONITOR_VERT_VAUXP1->MONITOR_VAUXP1
MONITOR_BOT_X46Y79/MONITOR_BOT.MONITOR_VERT_VAUXP2->MONITOR_VAUXP2
MONITOR_BOT_X46Y79/MONITOR_BOT.MONITOR_VERT_VAUXP3->MONITOR_VAUXP3
MONITOR_BOT_X46Y79/MONITOR_BOT.MONITOR_VERT_VAUXP4->MONITOR_VAUXP4
MONITOR_BOT_X46Y79/MONITOR_BOT.MONITOR_VERT_VAUXP5->MONITOR_VAUXP5
MONITOR_BOT_X46Y79/MONITOR_BOT.MONITOR_VERT_VAUXP6->MONITOR_VAUXP6
MONITOR_BOT_X46Y79/MONITOR_BOT.MONITOR_VERT_VAUXP7->MONITOR_VAUXP7
MONITOR_BOT_X46Y79/MONITOR_BOT.MONITOR_VERT_VAUXP8->MONITOR_VAUXP8
MONITOR_BOT_X46Y79/MONITOR_BOT.MONITOR_VERT_VAUXP9->MONITOR_VAUXP9
MONITOR_BOT_X46Y79/MONITOR_BOT.MONITOR_VERT_VAUXP10->MONITOR_VAUXP10
MONITOR_BOT_X46Y79/MONITOR_BOT.MONITOR_VERT_VAUXP11->MONITOR_VAUXP11
MONITOR_BOT_X46Y79/MONITOR_BOT.MONITOR_VERT_VAUXP12->MONITOR_VAUXP12
MONITOR_BOT_X46Y79/MONITOR_BOT.MONITOR_VERT_VAUXP13->MONITOR_VAUXP13
MONITOR_BOT_X46Y79/MONITOR_BOT.MONITOR_VERT_VAUXP14->MONITOR_VAUXP14
MONITOR_BOT_X46Y79/MONITOR_BOT.MONITOR_VERT_VAUXP15->MONITOR_VAUXP15
# Get site PIP  what wires connect XADC site pins to tile routingconnections 
set site [get_sites XADC_X0Y0]
XADC_X0Y0
foreach pin [get_site_pins -of_objects $site] {
    set net [get_nets -of_objects $pin]
    puts "$pin -> [get_property SITE_PIN_TYPE $pin]"
}
WARNING: [Vivado 12-1023] No nets matched for command 'get_nets -of_objects XADC_X0Y0/CONVST'.
ERROR: [Common 17-54] The object 'site_pin' does not have a property 'SITE_PIN_TYPE'.
set site [get_sites XADC_X0Y0]
XADC_X0Y0
foreach pin [get_site_pins -of_objects $site] {
    # Query the physical wire attached to the pin, not the logical net
    set wire [get_wires -of_objects $pin]
    set dir  [get_property DIRECTION $pin]
    puts "$pin ($dir) -> Tile Wire: $wire"
}
ERROR: [Common 17-679] Invalid object type, 'site_pin', used with '-of_objects' switch. Supported types are: 'tiles, nodes, pips, or nets'.
exit
INFO: [Common 17-206] Exiting Vivado at Mon May 11 22:18:23 2026...
