    PID USER      PR  NI    VIRT    RES    SHR S  %CPU  %MEM     TIME+ COMMAND
 248687 nathan37  20   0 6492060 361228 145908 S  16.7   1.5   4:28.45 gnome-shell
   1076 root      20   0 2694144 669136 347620 S  11.1   2.8  11:40.49 falcon-sensor-b
 322194 nathan37  20   0  235308   4960   3776 R  11.1   0.0   0:00.03 top
   2282 root      20   0 1573228  97672  17964 S   5.6   0.4   4:08.34 /opt/saltstack/
 248116 nathan37  20   0 4183092 194856  62144 R   5.6   0.8   2:00.99 Xorg
 254147 nathan37  20   0   33.1g 241968 140368 S   5.6   1.0   2:28.85 code
 254213 nathan37  20   0 1395.8g 444568 171920 S   5.6   1.8   0:56.58 code
 254405 nathan37  20   0 1393.9g 276776  86376 S   5.6   1.1   0:09.93 code
      1 root      20   0  176612  19328  11352 S   0.0   0.1   2:06.88 systemd
      2 root      20   0       0      0      0 S   0.0   0.0   0:00.11 kthreadd
      3 root      20   0       0      0      0 S   0.0   0.0   0:00.00 pool_workqueue_
      4 root       0 -20       0      0      0 I   0.0   0.0   0:00.00 kworker/R-rcu_g
      5 root       0 -20       0      0      0 I   0.0   0.0   0:00.00 kworker/R-sync_
      6 root       0 -20       0      0      0 I   0.0   0.0   0:00.00 kworker/R-slub_
      7 root       0 -20       0      0      0 I   0.0   0.0   0:00.00 kworker/R-netns
     10 root      20   0       0      0      0 I   0.0   0.0   0:00.00 kworker/u512:0-events_unbound
     11 root       0 -20       0      0      0 I   0.0   0.0   0:00.00 kworker/R-mm_pe
--
    PID USER      PR  NI    VIRT    RES    SHR S  %CPU  %MEM     TIME+ COMMAND
 248687 nathan37  20   0 6492060 361204 145908 S  20.8   1.5   4:30.54 gnome-shell
 254213 nathan37  20   0 1395.8g 441528 166768 S  11.7   1.8   0:57.75 code
 254147 nathan37  20   0   33.1g 237336 135676 S   8.9   1.0   2:29.74 code
 308004 nathan37  20   0  235136   7444   4360 S   7.1   0.0   0:41.91 htop
 248116 nathan37  20   0 4183092 194856  62144 S   6.4   0.8   2:01.63 Xorg
 296021 nathan37  20   0  235160   7448   4380 S   6.2   0.0   1:23.18 htop
   1076 root      20   0 2694144 668924 347620 S   4.4   2.8  11:40.93 falcon-sensor-b
 248115 nathan37  20   0  319260  93788   6072 S   4.3   0.4   0:21.92 FastX monitor 1
   1337 fastx     20   0   11.0g 203988  36612 S   2.0   0.8   3:26.38 fastx3
 253950 nathan37  20   0 1394.1g 217148 136632 S   1.7   0.9   0:09.40 code
      1 root      20   0  176612  19328  11352 S   1.6   0.1   2:07.04 systemd
   1639 splunkf+  20   0  429724 214864  66792 S   0.7   0.9   1:28.32 splunkd
 321838 setroub+  25   5  546244  88424  23300 S   0.7   0.4   0:00.94 setroubleshootd
 254532 nathan37  20   0 1409.9g 117016  81656 S   0.6   0.5   0:07.41 code
   1143 dbus      20   0    8436   6272   2564 S   0.5   0.0   0:33.01 dbus-broker
 254405 nathan37  20   0 1393.9g 277016  86376 S   0.5   1.1   0:09.98 code
 254432 nathan37  20   0 1393.9g 126308  82740 S   0.5   0.5   0:03.93 code
--
    PID USER      PR  NI    VIRT    RES    SHR S  %CPU  %MEM     TIME+ COMMAND
 254147 nathan37  20   0   33.1g 241192 139360 S  23.2   1.0   2:32.07 code
 248687 nathan37  20   0 6492060 361204 145908 S   6.9   1.5   4:31.23 gnome-shell
 296021 nathan37  20   0  235160   7448   4380 S   6.1   0.0   1:23.79 htop
 308004 nathan37  20   0  235136   7444   4360 S   6.0   0.0   0:42.51 htop
 254213 nathan37  20   0 1395.8g 444092 170784 S   4.9   1.8   0:58.24 code
 248116 nathan37  20   0 4183092 194856  62144 S   2.7   0.8   2:01.90 Xorg
   1076 root      20   0 2694144 668928 347620 S   2.3   2.8  11:41.16 falcon-sensor-b
 254532 nathan37  20   0 1409.9g 116656  81656 S   1.1   0.5   0:07.52 code
 253950 nathan37  20   0 1394.1g 217312 136632 S   0.9   0.9   0:09.49 code
   1337 fastx     20   0   11.0g 201948  36612 S   0.7   0.8   3:26.45 fastx3
   2282 root      20   0 1573228  97672  17964 S   0.6   0.4   4:08.44 /opt/saltstack/
 254405 nathan37  20   0 1393.9g 276908  86376 S   0.4   1.1   0:10.02 code
   1920 zabbix    20   0 2436588  34608  19576 S   0.2   0.1   1:37.87 zabbix_agent2
 249456 nathan37  20   0  712888  54568  39504 S   0.2   0.2   0:17.22 gnome-terminal-
 322194 nathan37  20   0  235308   4972   3776 R   0.2   0.0   0:00.07 top
     17 root      20   0       0      0      0 I   0.1   0.0   0:08.20 rcu_preempt
     32 root      rt   0       0      0      0 S   0.1   0.0   0:00.24 migration/2
--
    PID USER      PR  NI    VIRT    RES    SHR S  %CPU  %MEM     TIME+ COMMAND
 254147 nathan37  20   0   33.1g 238804 137060 S  62.9   1.0   2:38.38 code
 248687 nathan37  20   0 6492060 361204 145908 S  12.9   1.5   4:32.52 gnome-shell
 254213 nathan37  20   0 1395.8g 440668 168260 S  11.0   1.8   0:59.34 code
 308004 nathan37  20   0  235136   7444   4360 S   6.0   0.0   0:43.11 htop
 296021 nathan37  20   0  235160   7448   4380 S   5.9   0.0   1:24.38 htop
 248116 nathan37  20   0 4183092 194856  62144 S   5.0   0.8   2:02.40 Xorg
 253950 nathan37  20   0 1394.1g 217668 136632 S   1.0   0.9   0:09.59 code
   1337 fastx     20   0   11.0g 202024  36612 S   0.8   0.8   3:26.53 fastx3
 254532 nathan37  20   0 1409.9g 116548  81656 S   0.8   0.5   0:07.60 code
   1076 root      20   0 2694144 668776 347620 S   0.7   2.8  11:41.23 falcon-sensor-b
   2282 root      20   0 1573228  97672  17964 S   0.5   0.4   4:08.49 /opt/saltstack/
 254405 nathan37  20   0 1393.9g 276764  86376 S   0.5   1.1   0:10.07 code
 249456 nathan37  20   0  712888  54568  39504 S   0.4   0.2   0:17.26 gnome-terminal-
   1639 splunkf+  20   0  429724 214156  66792 S   0.3   0.9   1:28.36 splunkd
   1920 zabbix    20   0 2436588  35332  19576 S   0.2   0.1   1:37.89 zabbix_agent2
 249033 nathan37  20   0  397880  40356  33360 S   0.2   0.2   0:04.79 vmtoolsd
     39 root      20   0       0      0      0 S   0.1   0.0   0:00.26 ksoftirqd/3
--
    PID USER      PR  NI    VIRT    RES    SHR S  %CPU  %MEM     TIME+ COMMAND
 296021 nathan37  20   0  235160   7448   4380 S   7.1   0.0   1:25.09 htop
 308004 nathan37  20   0  235136   7444   4360 S   6.1   0.0   0:43.72 htop
 248687 nathan37  20   0 6492060 361204 145908 S   5.8   1.5   4:33.10 gnome-shell
 254147 nathan37  20   0   33.1g 239540 137592 S   4.8   1.0   2:38.86 code
   1337 fastx     20   0   11.0g 199048  36612 S   3.1   0.8   3:26.84 fastx3
   1076 root      20   0 2694144 668828 347620 S   2.3   2.8  11:41.46 falcon-sensor-b
 254213 nathan37  20   0 1395.8g 444380 168968 S   2.3   1.8   0:59.57 code
 248116 nathan37  20   0 4183092 194856  62144 R   1.9   0.8   2:02.59 Xorg
 254532 nathan37  20   0 1409.9g 116964  81656 S   0.6   0.5   0:07.66 code
   2282 root      20   0 1573228  97672  17964 S   0.5   0.4   4:08.54 /opt/saltstack/
 253950 nathan37  20   0 1394.1g 216156 136632 S   0.4   0.9   0:09.63 code
 249456 nathan37  20   0  712888  54568  39504 S   0.3   0.2   0:17.29 gnome-terminal-
 322194 nathan37  20   0  235308   4972   3776 R   0.3   0.0   0:00.11 top
   1920 zabbix    20   0 2436588  36432  19576 S   0.2   0.1   1:37.91 zabbix_agent2
     17 root      20   0       0      0      0 I   0.1   0.0   0:08.21 rcu_preempt
     75 root      20   0       0      0      0 S   0.1   0.0   0:00.26 ksoftirqd/9
   1168 root      20   0  460996  12516   8020 S   0.1   0.1   0:28.74 vmtoolsd
--
    PID USER      PR  NI    VIRT    RES    SHR S  %CPU  %MEM     TIME+ COMMAND
 254147 nathan37  20   0   33.1g 240352 138576 S  23.3   1.0   2:41.20 code
 248687 nathan37  20   0 6492060 361204 145908 S  22.5   1.5   4:35.36 gnome-shell
 308004 nathan37  20   0  235136   7444   4360 S   7.1   0.0   0:44.43 htop
 248116 nathan37  20   0 4183092 194856  62144 S   6.3   0.8   2:03.22 Xorg
 296021 nathan37  20   0  235160   7448   4380 S   6.0   0.0   1:25.69 htop
 254213 nathan37  20   0 1395.8g 446788 169840 S   5.8   1.8   1:00.15 code
   1076 root      20   0 2694144 668696 347620 S   1.3   2.8  11:41.59 falcon-sensor-b
   1337 fastx     20   0   11.0g 198616  36612 S   1.1   0.8   3:26.95 fastx3
 253950 nathan37  20   0 1394.1g 216056 136632 S   0.8   0.9   0:09.71 code
 254532 nathan37  20   0 1409.9g 116960  81656 S   0.6   0.5   0:07.72 code
   2282 root      20   0 1573228  97672  17964 S   0.5   0.4   4:08.59 /opt/saltstack/
   1920 zabbix    20   0 2436588  37008  19576 S   0.3   0.2   1:37.94 zabbix_agent2
 249456 nathan37  20   0  712888  54568  39504 S   0.3   0.2   0:17.32 gnome-terminal-
 254405 nathan37  20   0 1393.9g 276812  86376 S   0.2   1.1   0:10.10 code
 258013 nathan37  20   0 4253404 125376  15768 S   0.2   0.5   0:01.00 cpptools-srv
     33 root      20   0       0      0      0 S   0.1   0.0   0:00.35 ksoftirqd/2
     69 root      20   0       0      0      0 S   0.1   0.0   0:00.37 ksoftirqd/8
--
    PID USER      PR  NI    VIRT    RES    SHR S  %CPU  %MEM     TIME+ COMMAND
 308004 nathan37  20   0  235136   7444   4360 S   5.9   0.0   0:45.02 htop
 296021 nathan37  20   0  235160   7448   4380 S   5.8   0.0   1:26.27 htop
 248687 nathan37  20   0 6492060 361204 145908 S   2.4   1.5   4:35.60 gnome-shell
 248116 nathan37  20   0 4183092 194856  62144 S   0.7   0.8   2:03.29 Xorg
   1076 root      20   0 2694144 668688 347620 S   0.5   2.8  11:41.64 falcon-sensor-b
   2282 root      20   0 1573228  97672  17964 S   0.5   0.4   4:08.64 /opt/saltstack/
   1337 fastx     20   0   11.0g 199072  36612 S   0.3   0.8   3:26.98 fastx3
 249456 nathan37  20   0  712888  54568  39504 S   0.3   0.2   0:17.35 gnome-terminal-
 254213 nathan37  20   0 1395.8g 445184 168272 S   0.3   1.8   1:00.18 code
 254532 nathan37  20   0 1409.9g 116956  81656 S   0.3   0.5   0:07.75 code
   1920 zabbix    20   0 2436588  34640  19576 S   0.2   0.1   1:37.96 zabbix_agent2
   2215 gdm       20   0 5768736 242264 119768 S   0.2   1.0   0:14.16 gnome-shell
 322194 nathan37  20   0  235308   4972   3776 R   0.2   0.0   0:00.14 top
     17 root      20   0       0      0      0 I   0.1   0.0   0:08.22 rcu_preempt
   1375 root      20   0  908576  23576  11516 S   0.1   0.1   0:27.00 fail2ban-server
 249013 root      20   0  454972  64048  29712 S   0.1   0.3   0:00.97 rhsm-service
 249033 nathan37  20   0  397880  40356  33360 S   0.1   0.2   0:04.82 vmtoolsd
--
    PID USER      PR  NI    VIRT    RES    SHR S  %CPU  %MEM     TIME+ COMMAND
 324185 root      20   0  437448  59616  18048 S   9.8   0.2   0:00.98 SetroubleshootP
 324161 setroub+  25   5  544708  85988  23292 S   8.2   0.4   0:00.82 setroubleshootd
 296021 nathan37  20   0  235160   7448   4380 S   6.2   0.0   1:26.89 htop
 308004 nathan37  20   0  235136   7444   4360 S   6.2   0.0   0:45.64 htop
 248115 nathan37  20   0  319260  93788   6072 S   5.1   0.4   0:22.43 FastX monitor 1
   1076 root      20   0 2694144 667972 347620 S   3.3   2.7  11:41.97 falcon-sensor-b
   1337 fastx     20   0   11.0g 200312  36612 S   3.3   0.8   3:27.31 fastx3
 248687 nathan37  20   0 6492060 361204 145908 S   1.8   1.5   4:35.78 gnome-shell
      1 root      20   0  176612  19328  11352 S   1.6   0.1   2:07.20 systemd
 248116 nathan37  20   0 4183092 194856  62144 S   0.7   0.8   2:03.36 Xorg
   1639 splunkf+  20   0  429724 214944  66792 S   0.6   0.9   1:28.44 splunkd
   1143 dbus      20   0    8436   6272   2564 S   0.5   0.0   0:33.06 dbus-broker
   2282 root      20   0 1573228  97672  17964 S   0.5   0.4   4:08.69 /opt/saltstack/
 254213 nathan37  20   0 1395.8g 444968 168272 S   0.4   1.8   1:00.22 code
   1920 zabbix    20   0 2436588  36236  19576 S   0.3   0.1   1:37.99 zabbix_agent2
 249456 nathan37  20   0  712888  54576  39504 S   0.3   0.2   0:17.38 gnome-terminal-
   1168 root      20   0  460996  12516   8020 S   0.2   0.1   0:28.76 vmtoolsd
--
    PID USER      PR  NI    VIRT    RES    SHR S  %CPU  %MEM     TIME+ COMMAND
 254147 nathan37  20   0   33.1g 247100 144064 S  93.6   1.0   2:50.61 code
 248687 nathan37  20   0 6492060 361204 145908 S  22.4   1.5   4:38.03 gnome-shell
 254213 nathan37  20   0 1395.9g 447560 175176 S  13.8   1.8   1:01.60 code
 248116 nathan37  20   0 4183092 194856  62144 S   8.9   0.8   2:04.25 Xorg
 296021 nathan37  20   0  235160   7448   4380 S   7.0   0.0   1:27.59 htop
 308004 nathan37  20   0  235136   7444   4360 S   6.1   0.0   0:46.25 htop
   1337 fastx     20   0   11.0g 200684  36612 S   1.7   0.8   3:27.48 fastx3
 253950 nathan37  20   0 1394.1g 216000 136632 S   1.5   0.9   0:09.86 code
   1076 root      20   0 2694144 667968 347620 S   0.5   2.7  11:42.02 falcon-sensor-b
   2282 root      20   0 1573228  97672  17964 S   0.5   0.4   4:08.74 /opt/saltstack/
 249456 nathan37  20   0  712888  54576  39504 S   0.3   0.2   0:17.41 gnome-terminal-
 254405 nathan37  20   0 1393.9g 276764  86376 S   0.3   1.1   0:10.14 code
 322194 nathan37  20   0  235308   4972   3776 R   0.3   0.0   0:00.18 top
   1639 splunkf+  20   0  429724 214944  66792 S   0.2   0.9   1:28.46 splunkd
   1920 zabbix    20   0 2436588  34520  19576 S   0.2   0.1   1:38.01 zabbix_agent2
 254532 nathan37  20   0 1409.9g 116964  81656 S   0.2   0.5   0:07.79 code
      1 root      20   0  176612  19328  11352 S   0.1   0.1   2:07.21 systemd
--
    PID USER      PR  NI    VIRT    RES    SHR S  %CPU  %MEM     TIME+ COMMAND
 248687 nathan37  20   0 6492060 361208 145908 S  35.5   1.5   4:41.59 gnome-shell
 248116 nathan37  20   0 4183092 194856  62144 S   8.8   0.8   2:05.13 Xorg
 254213 nathan37  20   0 1395.8g 445456 172664 S   8.8   1.8   1:02.48 code
 254147 nathan37  20   0   33.1g 244200 142516 S   7.6   1.0   2:51.37 code
 308004 nathan37  20   0  235136   7444   4360 S   7.1   0.0   0:46.96 htop
 296021 nathan37  20   0  235160   7448   4380 S   6.0   0.0   1:28.19 htop
   1076 root      20   0 2694144 667936 347620 S   0.9   2.7  11:42.11 falcon-sensor-b
   1337 fastx     20   0   11.0g 200256  36612 S   0.9   0.8   3:27.57 fastx3
   2282 root      20   0 1573228  97672  17964 S   0.5   0.4   4:08.79 /opt/saltstack/
   1639 splunkf+  20   0  429724 214888  66792 S   0.4   0.9   1:28.50 splunkd
 249456 nathan37  20   0  712248  54236  39504 S   0.4   0.2   0:17.45 gnome-terminal-
 253950 nathan37  20   0 1394.1g 215964 136632 S   0.3   0.9   0:09.89 code
   1920 zabbix    20   0 2436588  35220  19576 S   0.2   0.1   1:38.03 zabbix_agent2
 249033 nathan37  20   0  397880  40356  33360 S   0.2   0.2   0:04.87 vmtoolsd
 254155 nathan37  20   0   32.6g  79964  68656 S   0.2   0.3   0:00.54 code
 254532 nathan37  20   0 1409.9g 116944  81656 S   0.2   0.5   0:07.81 code
 322194 nathan37  20   0  235308   4972   3776 R   0.2   0.0   0:00.20 top
--
    PID USER      PR  NI    VIRT    RES    SHR S  %CPU  %MEM     TIME+ COMMAND
 296021 nathan37  20   0  235160   7448   4380 S   6.1   0.0   1:28.80 htop
 308004 nathan37  20   0  235136   7444   4360 S   6.0   0.0   0:47.56 htop
 248687 nathan37  20   0 6492060 361208 145908 S   1.8   1.5   4:41.77 gnome-shell
 248116 nathan37  20   0 4183092 194856  62144 S   0.7   0.8   2:05.20 Xorg
   1076 root      20   0 2694144 667888 347620 S   0.6   2.7  11:42.17 falcon-sensor-b
   1337 fastx     20   0   11.0g 200792  36612 S   0.5   0.8   3:27.62 fastx3
   2282 root      20   0 1573228  97672  17964 S   0.5   0.4   4:08.84 /opt/saltstack/
 254213 nathan37  20   0 1395.8g 445456 172664 S   0.4   1.8   1:02.52 code
 249456 nathan37  20   0  712632  54272  39504 S   0.3   0.2   0:17.48 gnome-terminal-
   1920 zabbix    20   0 2436588  36404  19576 S   0.2   0.1   1:38.05 zabbix_agent2
 254532 nathan37  20   0 1409.9g 116944  81656 S   0.2   0.5   0:07.83 code
     17 root      20   0       0      0      0 I   0.1   0.0   0:08.24 rcu_preempt
   1168 root      20   0  460996  12516   8020 S   0.1   0.1   0:28.78 vmtoolsd
   1639 splunkf+  20   0  429724 214880  66792 S   0.1   0.9   1:28.51 splunkd
   1672 apache    20   0 2180672   8188   4456 S   0.1   0.0   0:05.88 httpd
 248737 nathan37  20   0  536736  12828   7112 S   0.1   0.1   0:00.68 ibus-daemon
 248742 nathan37  20   0  669860  34648  23472 S   0.1   0.1   0:01.50 ibus-extension-
--
    PID USER      PR  NI    VIRT    RES    SHR S  %CPU  %MEM     TIME+ COMMAND
 248687 nathan37  20   0 6492060 361204 145908 S  12.1   1.5   4:42.98 gnome-shell
 296021 nathan37  20   0  235160   7448   4380 S   6.0   0.0   1:29.40 htop
 308004 nathan37  20   0  235136   7444   4360 S   6.0   0.0   0:48.16 htop
 254147 nathan37  20   0   33.1g 249832 147780 S   4.9   1.0   2:51.87 code
 254213 nathan37  20   0 1395.9g 452612 178856 R   4.4   1.9   1:02.96 code
 248116 nathan37  20   0 4183092 194856  62144 S   3.7   0.8   2:05.57 Xorg
   1076 root      20   0 2694144 667936 347620 S   1.0   2.7  11:42.27 falcon-sensor-b
   1337 fastx     20   0   11.0g 200880  36612 S   0.8   0.8   3:27.70 fastx3
 253950 nathan37  20   0 1394.1g 216100 136632 S   0.6   0.9   0:09.96 code
   2282 root      20   0 1573228  97672  17964 S   0.5   0.4   4:08.89 /opt/saltstack/
   1920 zabbix    20   0 2436588  35524  19576 S   0.3   0.1   1:38.08 zabbix_agent2
 254532 nathan37  20   0 1409.9g 117004  81656 S   0.3   0.5   0:07.86 code
 249033 nathan37  20   0  397880  40356  33360 S   0.2   0.2   0:04.90 vmtoolsd
 249456 nathan37  20   0  712888  54500  39504 S   0.2   0.2   0:17.50 gnome-terminal-
     39 root      20   0       0      0      0 S   0.1   0.0   0:00.27 ksoftirqd/3
     45 root      20   0       0      0      0 S   0.1   0.0   0:00.34 ksoftirqd/4
   1418 root      20   0   30780  13080  10244 S   0.1   0.1   0:01.56 httpd
--
    PID USER      PR  NI    VIRT    RES    SHR S  %CPU  %MEM     TIME+ COMMAND
 254147 nathan37  20   0   33.1g 245568 143604 S  64.1   1.0   2:58.30 code
 248687 nathan37  20   0 6492060 361204 145908 S  16.8   1.5   4:44.67 gnome-shell
 254213 nathan37  20   0 1395.8g 451596 174624 S  13.0   1.9   1:04.26 code
 296021 nathan37  20   0  235160   7448   4380 S   7.2   0.0   1:30.12 htop
 248116 nathan37  20   0 4183092 194856  62144 S   6.5   0.8   2:06.22 Xorg
 308004 nathan37  20   0  235136   7444   4360 S   5.9   0.0   0:48.75 htop
   1076 root      20   0 2694144 667964 347620 S   1.6   2.7  11:42.43 falcon-sensor-b
 253950 nathan37  20   0 1394.1g 218712 136632 S   1.5   0.9   0:10.11 code
   1337 fastx     20   0   11.0g 200676  36612 S   1.1   0.8   3:27.81 fastx3
 254405 nathan37  20   0 1393.9g 276668  86376 S   0.6   1.1   0:10.21 code
 254532 nathan37  20   0 1409.9g 118052  81656 S   0.6   0.5   0:07.92 code
   2282 root      20   0 1573228  97672  17964 S   0.5   0.4   4:08.94 /opt/saltstack/
 249456 nathan37  20   0  712760  54448  39504 S   0.4   0.2   0:17.54 gnome-terminal-
   1920 zabbix    20   0 2436588  36272  19576 S   0.3   0.1   1:38.11 zabbix_agent2
 322194 nathan37  20   0  235308   4972   3776 R   0.3   0.0   0:00.25 top
 254432 nathan37  20   0 1393.9g 126380  82740 S   0.2   0.5   0:03.96 code
     63 root      20   0       0      0      0 S   0.1   0.0   0:00.23 ksoftirqd/7
--
    PID USER      PR  NI    VIRT    RES    SHR S  %CPU  %MEM     TIME+ COMMAND
 254147 nathan37  20   0   33.1g 255864 148836 S  72.1   1.1   3:05.53 code
 248687 nathan37  20   0 6492060 361204 145908 S  10.3   1.5   4:45.70 gnome-shell
 254213 nathan37  20   0 1395.9g 458476 180056 S   9.9   1.9   1:05.25 code
 326206 root      20   0  437752  59788  18016 S   9.9   0.2   0:00.99 SetroubleshootP
 326152 setroub+  25   5  546244  89992  23288 S   8.9   0.4   0:00.89 setroubleshootd
 308004 nathan37  20   0  235136   7468   4360 R   7.0   0.0   0:49.45 htop
 296021 nathan37  20   0  235160   7468   4380 S   6.3   0.0   1:30.75 htop
   1076 root      20   0 2694144 667744 347620 S   6.2   2.7  11:43.05 falcon-sensor-b
 248115 nathan37  20   0  319260  93788   6072 S   5.2   0.4   0:22.95 FastX monitor 1
 248116 nathan37  20   0 4183092 194860  62144 S   4.1   0.8   2:06.63 Xorg
   1337 fastx     20   0   11.0g 201568  36612 S   3.7   0.8   3:28.18 fastx3
      1 root      20   0  176612  19328  11352 S   1.5   0.1   2:07.36 systemd
 253950 nathan37  20   0 1394.1g 212048 136632 S   1.4   0.9   0:10.25 code
 254405 nathan37  20   0 1393.9g 276968  86376 S   0.7   1.1   0:10.28 code
 254532 nathan37  20   0 1409.9g 117940  81656 S   0.7   0.5   0:07.99 code
   2282 root      20   0 1573228  97672  17964 S   0.5   0.4   4:08.99 /opt/saltstack/
 312692 root      20   0       0      0      0 I   0.5   0.0   0:00.08 kworker/u516:4-flush-0:44
--
    PID USER      PR  NI    VIRT    RES    SHR S  %CPU  %MEM     TIME+ COMMAND
 254147 nathan37  20   0   33.1g 258644 151340 S  60.2   1.1   3:11.57 code
 248687 nathan37  20   0 6492060 361204 145908 S  43.1   1.5   4:50.02 gnome-shell
 254213 nathan37  20   0 1395.9g 454700 182216 S  15.0   1.9   1:06.75 code
 248116 nathan37  20   0 4183092 194860  62144 S  13.0   0.8   2:07.93 Xorg
 308004 nathan37  20   0  235136   7468   4360 S   6.4   0.0   0:50.09 htop
 296021 nathan37  20   0  235160   7468   4380 S   6.2   0.0   1:31.37 htop
   1337 fastx     20   0   11.0g 200604  36612 S   1.9   0.8   3:28.37 fastx3
 253950 nathan37  20   0 1394.1g 211164 136632 S   1.8   0.9   0:10.43 code
   1076 root      20   0 2694144 667680 347620 S   1.4   2.7  11:43.19 falcon-sensor-b
   1639 splunkf+  20   0  429724 214152  66792 S   0.7   0.9   1:28.61 splunkd
   2282 root      20   0 1573228  97672  17964 S   0.5   0.4   4:09.04 /opt/saltstack/
 249456 nathan37  20   0  712760  54448  39504 S   0.4   0.2   0:17.61 gnome-terminal-
 254405 nathan37  20   0 1393.9g 276740  86376 S   0.3   1.1   0:10.31 code
 322194 nathan37  20   0  235308   4972   3776 R   0.3   0.0   0:00.29 top
      1 root      20   0  176612  19328  11352 S   0.2   0.1   2:07.38 systemd
   1375 root      20   0  908576  23576  11516 S   0.2   0.1   0:27.05 fail2ban-server
   1920 zabbix    20   0 2436588  35748  19576 S   0.2   0.1   1:38.15 zabbix_agent2
--
    PID USER      PR  NI    VIRT    RES    SHR S  %CPU  %MEM     TIME+ COMMAND
 296021 nathan37  20   0  235160   7468   4380 S   6.0   0.0   1:31.97 htop
 308004 nathan37  20   0  235136   7468   4360 S   5.9   0.0   0:50.68 htop
 248687 nathan37  20   0 6492060 361204 145908 S   2.3   1.5   4:50.25 gnome-shell
 248116 nathan37  20   0 4183092 194860  62144 S   0.7   0.8   2:08.00 Xorg
   1076 root      20   0 2694144 667708 347620 S   0.6   2.7  11:43.25 falcon-sensor-b
   2282 root      20   0 1573228  97672  17964 S   0.5   0.4   4:09.09 /opt/saltstack/
   1337 fastx     20   0   11.0g 201036  36612 S   0.3   0.8   3:28.40 fastx3
 249456 nathan37  20   0  712760  54544  39504 S   0.3   0.2   0:17.64 gnome-terminal-
 254213 nathan37  20   0 1395.9g 449844 177368 S   0.3   1.9   1:06.78 code
 254532 nathan37  20   0 1409.9g 117896  81656 S   0.3   0.5   0:08.04 code
   1920 zabbix    20   0 2436588  36272  19576 S   0.2   0.1   1:38.17 zabbix_agent2
 249033 nathan37  20   0  397880  40356  33360 S   0.2   0.2   0:04.94 vmtoolsd
   1670 apache    20   0 2442880   8428   4476 S   0.1   0.0   0:06.79 httpd
 249191 nathan37  20   0 2506116 102012  63148 S   0.1   0.4   0:00.97 xdg-desktop-por
 253950 nathan37  20   0 1394.1g 211096 136632 S   0.1   0.9   0:10.44 code
 254147 nathan37  20   0   33.1g 252568 146660 S   0.1   1.0   3:11.58 code
 254432 nathan37  20   0 1393.9g 127104  82740 S   0.1   0.5   0:03.98 code
--
    PID USER      PR  NI    VIRT    RES    SHR S  %CPU  %MEM     TIME+ COMMAND
 296021 nathan37  20   0  235160   7468   4380 S   7.0   0.0   1:32.67 htop
 308004 nathan37  20   0  235136   7468   4360 S   6.0   0.0   0:51.28 htop
 248687 nathan37  20   0 6492060 361204 145908 S   1.8   1.5   4:50.43 gnome-shell
   1076 root      20   0 2694144 667600 347620 S   0.5   2.7  11:43.30 falcon-sensor-b
   2282 root      20   0 1573228  97672  17964 S   0.5   0.4   4:09.14 /opt/saltstack/
 248116 nathan37  20   0 4183092 194860  62144 S   0.5   0.8   2:08.05 Xorg
   1337 fastx     20   0   11.0g 200668  36612 S   0.4   0.8   3:28.44 fastx3
 254213 nathan37  20   0 1395.9g 449560 177368 S   0.3   1.8   1:06.81 code
   1168 root      20   0  460996  12516   8020 S   0.2   0.1   0:28.82 vmtoolsd
   1639 splunkf+  20   0  429724 214156  66792 S   0.2   0.9   1:28.63 splunkd
 249456 nathan37  20   0  712760  54664  39504 S   0.2   0.2   0:17.66 gnome-terminal-
 254532 nathan37  20   0 1409.9g 117896  81656 S   0.2   0.5   0:08.06 code
 322194 nathan37  20   0  235308   4972   3776 R   0.2   0.0   0:00.32 top
     63 root      20   0       0      0      0 S   0.1   0.0   0:00.25 ksoftirqd/7
   1375 root      20   0  908576  23576  11516 S   0.1   0.1   0:27.06 fail2ban-server
   1920 zabbix    20   0 2436588  36428  19576 S   0.1   0.1   1:38.18 zabbix_agent2
 249033 nathan37  20   0  397880  40356  33360 S   0.1   0.2   0:04.95 vmtoolsd
--
    PID USER      PR  NI    VIRT    RES    SHR S  %CPU  %MEM     TIME+ COMMAND
 308004 nathan37  20   0  235136   7468   4360 R   6.7   0.0   0:51.95 htop
 296021 nathan37  20   0  235160   7468   4380 S   5.9   0.0   1:33.26 htop
 248687 nathan37  20   0 6492060 361204 145908 S   1.8   1.5   4:50.61 gnome-shell
 254405 nathan37  20   0 1393.9g 278280  86376 S   0.8   1.1   0:10.39 code
   1076 root      20   0 2694144 667588 347620 S   0.7   2.7  11:43.37 falcon-sensor-b
 248116 nathan37  20   0 4183092 194860  62144 S   0.6   0.8   2:08.11 Xorg
   1337 fastx     20   0   11.0g 200468  36612 S   0.5   0.8   3:28.49 fastx3
   1920 zabbix    20   0 2436588  37444  19576 S   0.5   0.2   1:38.23 zabbix_agent2
   2282 root      20   0 1573228  97672  17964 S   0.5   0.4   4:09.19 /opt/saltstack/
 254213 nathan37  20   0 1395.9g 450456 177368 S   0.4   1.9   1:06.85 code
 249456 nathan37  20   0  712760  54664  39504 S   0.3   0.2   0:17.69 gnome-terminal-
 254147 nathan37  20   0   33.1g 252568 146660 S   0.2   1.0   3:11.60 code
 254155 nathan37  20   0   32.6g  80136  68656 S   0.2   0.3   0:00.56 code
 322194 nathan37  20   0  235308   4972   3776 R   0.2   0.0   0:00.34 top
     17 root      20   0       0      0      0 I   0.1   0.0   0:08.27 rcu_preempt
   1361 root      20   0  484784  30416  16088 S   0.1   0.1   0:06.54 tuned
   1639 splunkf+  20   0  429724 214156  66792 S   0.1   0.9   1:28.64 splunkd
--
    PID USER      PR  NI    VIRT    RES    SHR S  %CPU  %MEM     TIME+ COMMAND
 308004 nathan37  20   0  235136   7468   4360 S   6.1   0.0   0:52.56 htop
 296021 nathan37  20   0  235160   7468   4380 S   5.9   0.0   1:33.85 htop
 248687 nathan37  20   0 6492060 361204 145908 S   2.3   1.5   4:50.84 gnome-shell
 248116 nathan37  20   0 4183092 194860  62144 S   0.7   0.8   2:08.18 Xorg
   2282 root      20   0 1573228  97672  17964 S   0.6   0.4   4:09.25 /opt/saltstack/
   1076 root      20   0 2694144 667396 347620 S   0.4   2.7  11:43.41 falcon-sensor-b
 254405 nathan37  20   0 1393.9g 278632  86376 S   0.4   1.1   0:10.43 code
   1337 fastx     20   0   11.0g 200924  36612 S   0.3   0.8   3:28.52 fastx3
 249456 nathan37  20   0  712760  54664  39504 S   0.3   0.2   0:17.72 gnome-terminal-
 249033 nathan37  20   0  397880  40356  33360 S   0.2   0.2   0:04.98 vmtoolsd
 254213 nathan37  20   0 1395.9g 450008 177368 S   0.2   1.9   1:06.87 code
 322194 nathan37  20   0  235308   4972   3776 R   0.2   0.0   0:00.36 top
     63 root      20   0       0      0      0 S   0.1   0.0   0:00.26 ksoftirqd/7
     69 root      20   0       0      0      0 S   0.1   0.0   0:00.39 ksoftirqd/8
    780 root      20   0       0      0      0 S   0.1   0.0   0:04.33 xfsaild/dm-0
   1375 root      20   0  908576  23576  11516 S   0.1   0.1   0:27.07 fail2ban-server
   1671 apache    20   0 2246208   8188   4452 S   0.1   0.0   0:05.89 httpd
--
    PID USER      PR  NI    VIRT    RES    SHR S  %CPU  %MEM     TIME+ COMMAND
 327557 root      20   0  437428  59452  18024 S   9.8   0.2   0:00.98 SetroubleshootP
 327508 setroub+  25   5  544708  86004  23300 S   8.6   0.4   0:00.86 setroubleshootd
 296021 nathan37  20   0  235160   7468   4380 S   6.0   0.0   1:34.45 htop
 308004 nathan37  20   0  235136   7468   4360 S   6.0   0.0   0:53.16 htop
 248115 nathan37  20   0  319260  93788   6072 S   5.9   0.4   0:23.54 FastX monitor 1
   1337 fastx     20   0   11.0g 202452  36612 S   3.3   0.8   3:28.85 fastx3
   1076 root      20   0 2694144 667508 347620 S   3.1   2.7  11:43.72 falcon-sensor-b
 248687 nathan37  20   0 6492060 361204 145908 S   1.8   1.5   4:51.02 gnome-shell
      1 root      20   0  176612  19328  11352 S   1.5   0.1   2:07.53 systemd
   1639 splunkf+  20   0  429724 214960  66792 S   0.6   0.9   1:28.70 splunkd
 248116 nathan37  20   0 4183092 194860  62144 S   0.6   0.8   2:08.24 Xorg
   1143 dbus      20   0    8436   6272   2564 S   0.5   0.0   0:33.15 dbus-broker
   2282 root      20   0 1573228  97672  17964 S   0.5   0.4   4:09.30 /opt/saltstack/
 254213 nathan37  20   0 1395.9g 449932 177368 S   0.4   1.9   1:06.91 code
   1920 zabbix    20   0 2436588  36316  19576 S   0.3   0.1   1:38.27 zabbix_agent2
 249456 nathan37  20   0  712760  54664  39504 S   0.3   0.2   0:17.75 gnome-terminal-
 254532 nathan37  20   0 1409.9g 117896  81656 S   0.3   0.5   0:08.11 code
--
    PID USER      PR  NI    VIRT    RES    SHR S  %CPU  %MEM     TIME+ COMMAND
 296021 nathan37  20   0  235160   7468   4380 S   6.9   0.0   1:35.14 htop
 308004 nathan37  20   0  235136   7468   4360 S   5.8   0.0   0:53.74 htop
 248687 nathan37  20   0 6492060 361204 145908 S   1.9   1.5   4:51.21 gnome-shell
 248116 nathan37  20   0 4183092 194860  62144 S   0.6   0.8   2:08.30 Xorg
   2282 root      20   0 1573228  97672  17964 S   0.5   0.4   4:09.35 /opt/saltstack/
   1076 root      20   0 2694144 667384 347620 S   0.4   2.7  11:43.76 falcon-sensor-b
   1639 splunkf+  20   0  429724 214256  66792 S   0.4   0.9   1:28.74 splunkd
   1337 fastx     20   0   11.0g 202392  36612 S   0.3   0.8   3:28.88 fastx3
 249456 nathan37  20   0  712376  54364  39504 S   0.3   0.2   0:17.78 gnome-terminal-
 322194 nathan37  20   0  235308   4972   3776 R   0.3   0.0   0:00.40 top
   1920 zabbix    20   0 2436588  36360  19576 S   0.2   0.1   1:38.29 zabbix_agent2
 254213 nathan37  20   0 1395.9g 449932 177368 S   0.2   1.9   1:06.93 code
     45 root      20   0       0      0      0 S   0.1   0.0   0:00.35 ksoftirqd/4
     69 root      20   0       0      0      0 S   0.1   0.0   0:00.40 ksoftirqd/8
    872 root      20   0   37812  24272  21732 S   0.1   0.1   0:02.96 systemd-journal
   1375 root      20   0  908576  23576  11516 S   0.1   0.1   0:27.08 fail2ban-server
   1401 root      20   0  173236  14368  12948 S   0.1   0.1   0:02.94 rsyslogd
--
    PID USER      PR  NI    VIRT    RES    SHR S  %CPU  %MEM     TIME+ COMMAND
 308004 nathan37  20   0  235136   7468   4360 S   7.1   0.0   0:54.45 htop
 296021 nathan37  20   0  235160   7468   4380 S   6.2   0.0   1:35.76 htop
 248687 nathan37  20   0 6492060 361204 145908 S   2.3   1.5   4:51.44 gnome-shell
 248116 nathan37  20   0 4183092 194860  62144 S   0.7   0.8   2:08.37 Xorg
   1076 root      20   0 2694144 667400 347620 S   0.5   2.7  11:43.81 falcon-sensor-b
   2282 root      20   0 1573228  97672  17964 S   0.5   0.4   4:09.40 /opt/saltstack/
   1337 fastx     20   0   11.0g 202852  36612 S   0.4   0.8   3:28.92 fastx3
   1639 splunkf+  20   0  429724 215152  66792 S   0.4   0.9   1:28.78 splunkd
 249456 nathan37  20   0  712760  54496  39504 S   0.3   0.2   0:17.81 gnome-terminal-
 254213 nathan37  20   0 1395.9g 449932 177368 S   0.3   1.9   1:06.96 code
   1920 zabbix    20   0 2436588  36480  19576 S   0.2   0.2   1:38.31 zabbix_agent2
 249033 nathan37  20   0  397880  40356  33360 S   0.2   0.2   0:05.02 vmtoolsd
 254532 nathan37  20   0 1409.9g 117892  81656 S   0.2   0.5   0:08.14 code
      1 root      20   0  176612  19328  11352 S   0.1   0.1   2:07.54 systemd
   1386 root      19  -1  222532   3668   3400 S   0.1   0.0   0:00.74 ews-renicer.sh
 253950 nathan37  20   0 1394.1g 211204 136632 S   0.1   0.9   0:10.47 code
 322194 nathan37  20   0  235308   4972   3776 R   0.1   0.0   0:00.41 top
--
    PID USER      PR  NI    VIRT    RES    SHR S  %CPU  %MEM     TIME+ COMMAND
 296021 nathan37  20   0  235160   7468   4380 S   5.9   0.0   1:36.35 htop
 308004 nathan37  20   0  235136   7468   4360 S   5.9   0.0   0:55.04 htop
 248687 nathan37  20   0 6492060 361204 145908 S   2.4   1.5   4:51.68 gnome-shell
 248116 nathan37  20   0 4183092 194860  62144 S   0.6   0.8   2:08.43 Xorg
   1076 root      20   0 2694144 667064 347620 S   0.5   2.7  11:43.86 falcon-sensor-b
   2282 root      20   0 1573228  97672  17964 S   0.5   0.4   4:09.45 /opt/saltstack/
   1337 fastx     20   0   11.0g 202544  36612 S   0.3   0.8   3:28.95 fastx3
   1639 splunkf+  20   0  429724 214260  66792 S   0.3   0.9   1:28.81 splunkd
 254213 nathan37  20   0 1395.9g 449932 177368 S   0.3   1.9   1:06.99 code
   1168 root      20   0  460996  12516   8020 S   0.2   0.1   0:28.86 vmtoolsd
 249456 nathan37  20   0  712632  54244  39504 S   0.2   0.2   0:17.83 gnome-terminal-
 322194 nathan37  20   0  235308   4972   3776 R   0.2   0.0   0:00.43 top
     45 root      20   0       0      0      0 S   0.1   0.0   0:00.36 ksoftirqd/4
     69 root      20   0       0      0      0 S   0.1   0.0   0:00.41 ksoftirqd/8
   1375 root      20   0  908576  23576  11516 S   0.1   0.1   0:27.09 fail2ban-server
   1920 zabbix    20   0 2436588  34512  19576 S   0.1   0.1   1:38.32 zabbix_agent2
 248754 nathan37  20   0  449060   7368   6544 S   0.1   0.0   0:00.12 ibus-portal
--
    PID USER      PR  NI    VIRT    RES    SHR S  %CPU  %MEM     TIME+ COMMAND
 296021 nathan37  20   0  235160   7468   4380 S   5.9   0.0   1:36.94 htop
 308004 nathan37  20   0  235136   7468   4360 S   5.9   0.0   0:55.63 htop
 248687 nathan37  20   0 6492060 361204 145908 S   1.8   1.5   4:51.86 gnome-shell
 248116 nathan37  20   0 4183092 194860  62144 S   0.6   0.8   2:08.49 Xorg
   2282 root      20   0 1573228  97672  17964 S   0.5   0.4   4:09.50 /opt/saltstack/
   1337 fastx     20   0   11.0g 202456  36612 S   0.4   0.8   3:28.99 fastx3
   1920 zabbix    20   0 2436588  35360  19576 S   0.4   0.1   1:38.36 zabbix_agent2
   1076 root      20   0 2694144 667056 347620 S   0.3   2.7  11:43.89 falcon-sensor-b
 249456 nathan37  20   0  712632  54372  39504 S   0.3   0.2   0:17.86 gnome-terminal-
 254213 nathan37  20   0 1395.9g 450216 177368 S   0.3   1.9   1:07.02 code
 254147 nathan37  20   0   33.1g 252556 146660 S   0.2   1.0   3:11.66 code
 254532 nathan37  20   0 1409.9g 117892  81656 S   0.2   0.5   0:08.17 code
     17 root      20   0       0      0      0 I   0.1   0.0   0:08.29 rcu_preempt
   1639 splunkf+  20   0  429724 214260  66792 S   0.1   0.9   1:28.82 splunkd
   1672 apache    20   0 2180672   8188   4456 S   0.1   0.0   0:05.90 httpd
 249033 nathan37  20   0  397880  40356  33360 S   0.1   0.2   0:05.04 vmtoolsd
 254405 nathan37  20   0 1393.9g 278624  86376 S   0.1   1.1   0:10.45 code
--
    PID USER      PR  NI    VIRT    RES    SHR S  %CPU  %MEM     TIME+ COMMAND
 296021 nathan37  20   0  235160   7468   4380 S   6.9   0.0   1:37.63 htop
 308004 nathan37  20   0  235136   7468   4360 S   5.9   0.0   0:56.22 htop
 248687 nathan37  20   0 6492060 361204 145908 S   1.8   1.5   4:52.04 gnome-shell
 248116 nathan37  20   0 4183092 194860  62144 S   0.6   0.8   2:08.55 Xorg
   2282 root      20   0 1573228  97672  17964 S   0.5   0.4   4:09.55 /opt/saltstack/
   1076 root      20   0 2694144 667044 347620 S   0.3   2.7  11:43.92 falcon-sensor-b
   1337 fastx     20   0   11.0g 202928  36612 S   0.3   0.8   3:29.02 fastx3
   1920 zabbix    20   0 2436588  36276  19576 S   0.3   0.1   1:38.39 zabbix_agent2
 249456 nathan37  20   0  712632  54244  39504 S   0.2   0.2   0:17.88 gnome-terminal-
 254213 nathan37  20   0 1395.9g 450104 177368 S   0.2   1.9   1:07.04 code
 254532 nathan37  20   0 1409.9g 117856  81656 S   0.2   0.5   0:08.19 code
 322194 nathan37  20   0  235308   4972   3776 R   0.2   0.0   0:00.46 top
   1375 root      20   0  908576  23576  11516 S   0.1   0.1   0:27.10 fail2ban-server
   1639 splunkf+  20   0  429724 214260  66792 S   0.1   0.9   1:28.83 splunkd
 248934 nathan37  20   0  738504  28784  22532 S   0.1   0.1   0:00.60 gsd-xsettings
 249033 nathan37  20   0  397880  40356  33360 S   0.1   0.2   0:05.05 vmtoolsd
 249191 nathan37  20   0 2506116 102012  63148 S   0.1   0.4   0:00.98 xdg-desktop-por
--
    PID USER      PR  NI    VIRT    RES    SHR S  %CPU  %MEM     TIME+ COMMAND
 327932 root      20   0  437428  59408  17980 S   9.8   0.2   0:00.98 SetroubleshootP
 327887 setroub+  25   5  544708  86032  23324 S   8.6   0.4   0:00.86 setroubleshootd
 308004 nathan37  20   0  235136   7468   4360 S   7.0   0.0   0:56.92 htop
 296021 nathan37  20   0  235160   7468   4380 S   6.2   0.0   1:38.25 htop
 248115 nathan37  20   0  319260  93788   6072 S   5.8   0.4   0:24.12 FastX monitor 1
   1337 fastx     20   0   11.0g 202444  36612 S   3.3   0.8   3:29.35 fastx3
   1076 root      20   0 2694144 667528 347620 S   2.9   2.7  11:44.21 falcon-sensor-b
 248687 nathan37  20   0 6492060 361204 145908 S   2.4   1.5   4:52.28 gnome-shell
      1 root      20   0  176612  19328  11352 S   1.6   0.1   2:07.70 systemd
 248116 nathan37  20   0 4183092 194860  62144 S   0.8   0.8   2:08.63 Xorg
   1143 dbus      20   0    8436   6272   2564 S   0.5   0.0   0:33.20 dbus-broker
   1639 splunkf+  20   0  429724 215108  66792 S   0.5   0.9   1:28.88 splunkd
   2282 root      20   0 1573228  97672  17964 S   0.5   0.4   4:09.60 /opt/saltstack/
 249456 nathan37  20   0  712952  54572  39504 S   0.4   0.2   0:17.92 gnome-terminal-
 249033 nathan37  20   0  397880  40356  33360 S   0.3   0.2   0:05.08 vmtoolsd
 254213 nathan37  20   0 1395.9g 450104 177368 S   0.3   1.9   1:07.07 code
   1168 root      20   0  460996  12516   8020 S   0.2   0.1   0:28.88 vmtoolsd
--
    PID USER      PR  NI    VIRT    RES    SHR S  %CPU  %MEM     TIME+ COMMAND
 296021 nathan37  20   0  235160   7468   4380 S   6.0   0.0   1:38.85 htop
 308004 nathan37  20   0  235136   7468   4360 S   6.0   0.0   0:57.52 htop
 248687 nathan37  20   0 6492060 361204 145908 S   1.6   1.5   4:52.44 gnome-shell
 328035 root      20   0 1452380  92188  12484 S   0.9   0.4   0:00.09 /opt/saltstack/
   1639 splunkf+  20   0  429724 214940  66792 S   0.7   0.9   1:28.95 splunkd
   1076 root      20   0 2694144 667492 347620 S   0.6   2.7  11:44.27 falcon-sensor-b
   2282 root      20   0 1573228  97672  17964 S   0.5   0.4   4:09.65 /opt/saltstack/
 248116 nathan37  20   0 4183092 194860  62144 S   0.5   0.8   2:08.68 Xorg
   1337 fastx     20   0   11.0g 203156  36612 S   0.4   0.8   3:29.39 fastx3
   1375 root      20   0  908576  23576  11516 S   0.2   0.1   0:27.12 fail2ban-server
   1920 zabbix    20   0 2436588  36320  19576 S   0.2   0.1   1:38.43 zabbix_agent2
 249456 nathan37  20   0  712696  54432  39504 S   0.2   0.2   0:17.94 gnome-terminal-
 254213 nathan37  20   0 1395.9g 450104 177368 S   0.2   1.9   1:07.09 code
 322194 nathan37  20   0  235308   4972   3776 R   0.2   0.0   0:00.50 top
 249033 nathan37  20   0  397880  40356  33360 S   0.1   0.2   0:05.09 vmtoolsd
 254147 nathan37  20   0   33.1g 252556 146660 S   0.1   1.0   3:11.68 code
 254432 nathan37  20   0 1393.9g 127660  82740 S   0.1   0.5   0:04.00 code
--
    PID USER      PR  NI    VIRT    RES    SHR S  %CPU  %MEM     TIME+ COMMAND
 328035 root      20   0 1522528 144016  16524 S  58.0   0.6   0:05.91 /opt/saltstack/
   1076 root      20   0 2694144 667324 347620 S  11.4   2.7  11:45.41 falcon-sensor-b
   2282 root      20   0 1573228  97680  17964 S   6.4   0.4   4:10.29 /opt/saltstack/
 296021 nathan37  20   0  235160   7468   4380 S   6.2   0.0   1:39.47 htop
 308004 nathan37  20   0  235136   7468   4360 S   6.1   0.0   0:58.13 htop
 248687 nathan37  20   0 6492060 361204 145908 S   1.8   1.5   4:52.62 gnome-shell
      1 root      20   0  176612  19328  11352 S   0.7   0.1   2:07.77 systemd
 248116 nathan37  20   0 4183092 194860  62144 S   0.5   0.8   2:08.73 Xorg
   1337 fastx     20   0   11.0g 202720  36612 S   0.3   0.8   3:29.42 fastx3
 249456 nathan37  20   0  712696  54432  39504 S   0.3   0.2   0:17.97 gnome-terminal-
 254213 nathan37  20   0 1395.9g 450104 177368 S   0.3   1.9   1:07.12 code
 254532 nathan37  20   0 1409.9g 117896  81656 S   0.3   0.5   0:08.25 code
   1343 root      20   0  303988  59820  56268 S   0.2   0.2   0:03.67 sssd_nss
 254147 nathan37  20   0   33.1g 252556 146660 S   0.2   1.0   3:11.70 code
 322194 nathan37  20   0  235308   4972   3776 R   0.2   0.0   0:00.52 top
     12 root      20   0       0      0      0 I   0.1   0.0   0:00.18 kworker/u512:1-efi_rts_wq
     17 root      20   0       0      0      0 I   0.1   0.0   0:08.31 rcu_preempt
--
    PID USER      PR  NI    VIRT    RES    SHR S  %CPU  %MEM     TIME+ COMMAND
 329204 root      20   0  700980 309272  34608 R  72.2   1.3   0:07.24 dnf
 296021 nathan37  20   0  235160   7468   4380 S   7.0   0.0   1:40.17 htop
 308004 nathan37  20   0  235136   7468   4360 S   6.0   0.0   0:58.73 htop
 328035 root      20   0 1522528 144324  16524 S   3.5   0.6   0:06.26 /opt/saltstack/
   1076 root      20   0 2694144 667356 347620 S   2.7   2.7  11:45.68 falcon-sensor-b
 248687 nathan37  20   0 6492060 361204 145908 S   2.3   1.5   4:52.85 gnome-shell
 248116 nathan37  20   0 4183092 194860  62144 S   0.8   0.8   2:08.81 Xorg
      1 root      20   0  176612  19328  11352 S   0.7   0.1   2:07.84 systemd
   1639 splunkf+  20   0  429724 214996  66792 S   0.6   0.9   1:29.02 splunkd
   1337 fastx     20   0   11.0g 202364  36612 S   0.5   0.8   3:29.47 fastx3
   2282 root      20   0 1573228  97680  17964 S   0.5   0.4   4:10.34 /opt/saltstack/
 249456 nathan37  20   0  712696  54432  39504 S   0.3   0.2   0:18.00 gnome-terminal-
   1168 root      20   0  460996  12516   8020 S   0.2   0.1   0:28.90 vmtoolsd
   1920 zabbix    20   0 2436588  36552  19576 S   0.2   0.2   1:38.46 zabbix_agent2
 249033 nathan37  20   0  397880  40356  33360 S   0.2   0.2   0:05.12 vmtoolsd
 249319 nathan37  20   0  737948  28564  22712 S   0.2   0.1   0:00.82 xdg-desktop-por
 254213 nathan37  20   0 1395.9g 449992 177368 S   0.2   1.9   1:07.14 code
--
    PID USER      PR  NI    VIRT    RES    SHR S  %CPU  %MEM     TIME+ COMMAND
 329325 root      20   0  592896 279108  34664 R  26.8   1.1   0:02.69 dnf
 308004 nathan37  20   0  235136   7468   4360 S   7.0   0.0   0:59.43 htop
 296021 nathan37  20   0  235160   7468   4380 S   6.0   0.0   1:40.77 htop
   1076 root      20   0 2694144 667492 347620 S   2.0   2.7  11:45.88 falcon-sensor-b
 248687 nathan37  20   0 6492060 361204 145908 S   1.8   1.5   4:53.03 gnome-shell
   2282 root      20   0 1573228  97680  17964 S   0.6   0.4   4:10.40 /opt/saltstack/
   1920 zabbix    20   0 2436588  35864  19576 S   0.5   0.1   1:38.51 zabbix_agent2
 248116 nathan37  20   0 4183092 194860  62144 S   0.4   0.8   2:08.85 Xorg
 254213 nathan37  20   0 1395.9g 450068 177368 S   0.4   1.9   1:07.18 code
   1337 fastx     20   0   11.0g 203060  36612 S   0.3   0.8   3:29.50 fastx3
 249456 nathan37  20   0  712760  54520  39504 S   0.3   0.2   0:18.03 gnome-terminal-
 254532 nathan37  20   0 1409.9g 117896  81656 S   0.2   0.5   0:08.28 code
 328035 root      20   0 1522528 144332  16524 S   0.2   0.6   0:06.28 /opt/saltstack/
      1 root      20   0  176612  19328  11352 S   0.1   0.1   2:07.85 systemd
     45 root      20   0       0      0      0 S   0.1   0.0   0:00.38 ksoftirqd/4
    780 root      20   0       0      0      0 S   0.1   0.0   0:04.34 xfsaild/dm-0
   1670 apache    20   0 2442880   8428   4476 S   0.1   0.0   0:06.81 httpd
--
    PID USER      PR  NI    VIRT    RES    SHR S  %CPU  %MEM     TIME+ COMMAND
 296021 nathan37  20   0  235160   7468   4380 S   6.0   0.0   1:41.37 htop
 308004 nathan37  20   0  235136   7468   4360 S   6.0   0.0   1:00.03 htop
   1076 root      20   0 2694144 667152 347620 S   5.5   2.7  11:46.43 falcon-sensor-b
      1 root      20   0  176612  19328  11352 S   1.9   0.1   2:08.04 systemd
 248687 nathan37  20   0 6492060 361204 145908 S   1.9   1.5   4:53.22 gnome-shell
   2282 root      20   0 1572172  97592  17964 S   1.1   0.4   4:10.51 /opt/saltstack/
 248116 nathan37  20   0 4183092 194860  62144 S   0.6   0.8   2:08.91 Xorg
   1337 fastx     20   0   11.0g 202604  36612 S   0.3   0.8   3:29.53 fastx3
 249456 nathan37  20   0  712760  54520  39504 S   0.3   0.2   0:18.06 gnome-terminal-
 254213 nathan37  20   0 1395.9g 450068 177368 S   0.3   1.9   1:07.21 code
 322194 nathan37  20   0  235308   4972   3776 R   0.3   0.0   0:00.58 top
   1343 root      20   0  303988  59820  56268 S   0.2   0.2   0:03.69 sssd_nss
   1639 splunkf+  20   0  429724 214996  66792 S   0.2   0.9   1:29.04 splunkd
 253950 nathan37  20   0 1394.1g 211360 136632 S   0.2   0.9   0:10.50 code
     17 root      20   0       0      0      0 I   0.1   0.0   0:08.33 rcu_preempt
     75 root      20   0       0      0      0 S   0.1   0.0   0:00.27 ksoftirqd/9
   1375 root      20   0  908576  23576  11516 S   0.1   0.1   0:27.14 fail2ban-server
--
    PID USER      PR  NI    VIRT    RES    SHR S  %CPU  %MEM     TIME+ COMMAND
 254147 nathan37  20   0   33.1g 258560 152532 S  36.2   1.1   3:15.35 code
 248687 nathan37  20   0 6492060 361208 145908 S  18.5   1.5   4:55.07 gnome-shell
 329768 root      20   0  437428  59468  18040 S  10.1   0.2   0:01.01 SetroubleshootP
 254213 nathan37  20   0 1395.9g 459608 183804 S   9.8   1.9   1:08.19 code
 329734 setroub+  25   5  544708  85980  23280 S   8.3   0.4   0:00.83 setroubleshootd
 248116 nathan37  20   0 4183092 194860  62144 S   6.6   0.8   2:09.57 Xorg
 308004 nathan37  20   0  235136   7468   4360 S   6.3   0.0   1:00.66 htop
 296021 nathan37  20   0  235160   7468   4380 S   6.1   0.0   1:41.98 htop
   1076 root      20   0 2694144 668528 347620 S   4.5   2.8  11:46.88 falcon-sensor-b
 248115 nathan37  20   0  319260  93788   6072 S   4.1   0.4   0:24.53 FastX monitor 1
   1337 fastx     20   0   11.0g 202408  36612 S   4.0   0.8   3:29.93 fastx3
      1 root      20   0  176612  19328  11352 S   1.7   0.1   2:08.21 systemd
   1639 splunkf+  20   0  429724 214804  66792 S   1.1   0.9   1:29.15 splunkd
 253950 nathan37  20   0 1394.1g 211184 136632 S   0.8   0.9   0:10.58 code
   1143 dbus      20   0    8436   6272   2564 S   0.5   0.0   0:33.25 dbus-broker
   2282 root      20   0 1572172  97592  17964 S   0.5   0.4   4:10.56 /opt/saltstack/
 249456 nathan37  20   0  712760  54644  39504 S   0.4   0.2   0:18.10 gnome-terminal-
--
    PID USER      PR  NI    VIRT    RES    SHR S  %CPU  %MEM     TIME+ COMMAND
 254147 nathan37  20   0   33.1g 258240 152112 S  60.1   1.1   3:21.38 code
 248687 nathan37  20   0 6492060 361208 145908 S  16.6   1.5   4:56.73 gnome-shell
 254213 nathan37  20   0 1394.2g 455452 183564 S  12.8   1.9   1:09.47 code
 296021 nathan37  20   0  235160   7468   4380 S   7.1   0.0   1:42.69 htop
 248116 nathan37  20   0 4183092 194860  62144 S   6.2   0.8   2:10.19 Xorg
 308004 nathan37  20   0  235136   7468   4360 S   6.0   0.0   1:01.26 htop
   1076 root      20   0 2694144 668300 347620 S   2.2   2.7  11:47.10 falcon-sensor-b
   1337 fastx     20   0   11.0g 202252  36612 S   1.3   0.8   3:30.06 fastx3
 253950 nathan37  20   0 1394.1g 211404 136632 S   1.3   0.9   0:10.71 code
   2282 root      20   0 1572172  97592  17964 S   0.6   0.4   4:10.62 /opt/saltstack/
 254532 nathan37  20   0 1409.9g 117980  81720 S   0.5   0.5   0:08.36 code
 254405 nathan37  20   0 1393.9g 278624  86376 S   0.4   1.1   0:10.52 code
   1920 zabbix    20   0 2436588  36532  19576 S   0.3   0.2   1:38.58 zabbix_agent2
 249456 nathan37  20   0  712760  54644  39504 S   0.3   0.2   0:18.13 gnome-terminal-
 322194 nathan37  20   0  235308   4972   3776 R   0.3   0.0   0:00.62 top
   1639 splunkf+  20   0  429724 214272  66792 S   0.2   0.9   1:29.17 splunkd
     17 root      20   0       0      0      0 I   0.1   0.0   0:08.34 rcu_preempt
--
    PID USER      PR  NI    VIRT    RES    SHR S  %CPU  %MEM     TIME+ COMMAND
 254147 nathan37  20   0   33.1g 258756 152764 S  40.7   1.1   3:25.47 code
 248687 nathan37  20   0 6492060 361204 145908 S   9.4   1.5   4:57.67 gnome-shell
 308004 nathan37  20   0  235136   7468   4360 S   7.0   0.0   1:01.96 htop
 254213 nathan37  20   0 1394.2g 461340 183592 S   6.4   1.9   1:10.11 code
 296021 nathan37  20   0  235160   7468   4380 S   6.0   0.0   1:43.29 htop
 248116 nathan37  20   0 4183092 194860  62144 S   3.5   0.8   2:10.54 Xorg
   1076 root      20   0 2694144 668288 347620 S   2.2   2.7  11:47.32 falcon-sensor-b
 253950 nathan37  20   0 1394.1g 213856 136632 S   1.3   0.9   0:10.84 code
   1337 fastx     20   0   11.0g 202840  36612 S   0.8   0.8   3:30.14 fastx3
 254532 nathan37  20   0 1409.9g 118732  81720 S   0.8   0.5   0:08.44 code
   1639 splunkf+  20   0  429724 215136  66792 S   0.5   0.9   1:29.22 splunkd
   2282 root      20   0 1572172  97592  17964 S   0.5   0.4   4:10.67 /opt/saltstack/
 249456 nathan37  20   0  712944  54564  39504 S   0.3   0.2   0:18.16 gnome-terminal-
 254405 nathan37  20   0 1393.9g 278664  86376 S   0.2   1.1   0:10.54 code
 255305 nathan37  20   0  238084  10740   3956 S   0.2   0.0   0:00.13 bash
   1168 root      20   0  460996  12516   8020 S   0.1   0.1   0:28.93 vmtoolsd
   1671 apache    20   0 2246208   8188   4452 S   0.1   0.0   0:05.91 httpd
--
    PID USER      PR  NI    VIRT    RES    SHR S  %CPU  %MEM     TIME+ COMMAND
 254147 nathan37  20   0   33.1g 265832 160020 S  37.1   1.1   3:29.19 code
 331432 setroub+  25   5  546756  88988  23312 S  34.6   0.4   0:03.47 setroubleshootd
 248687 nathan37  20   0 6492060 361928 145908 S  20.5   1.5   4:59.72 gnome-shell
 331450 root      20   0  437752  59792  18020 S   9.9   0.2   0:00.99 SetroubleshootP
 254213 nathan37  20   0 1394.2g 462240 190920 S   8.7   1.9   1:10.98 code
 331537 nathan37  20   0  170072  50220  33676 R   7.5   0.2   0:00.75 vivado
 296021 nathan37  20   0  235160   7468   4380 S   6.0   0.0   1:43.89 htop
 308004 nathan37  20   0  235136   7468   4360 S   6.0   0.0   1:02.56 htop
 248116 nathan37  20   0 4183092 194860  62144 S   5.6   0.8   2:11.10 Xorg
   1076 root      20   0 2694144 668388 347620 S   3.7   2.7  11:47.69 falcon-sensor-b
   1337 fastx     20   0   11.0g 199340  36612 S   3.2   0.8   3:30.46 fastx3
   1220 root      20   0  353000  28848  20712 S   0.9   0.1   0:52.49 sssd_be
 253950 nathan37  20   0 1394.1g 214072 136632 S   0.7   0.9   0:10.91 code
 254532 nathan37  20   0 1409.9g 118532  81720 S   0.6   0.5   0:08.50 code
   2282 root      20   0 1572172  97592  17964 S   0.5   0.4   4:10.72 /opt/saltstack/
 249456 nathan37  20   0  712792  54516  39504 S   0.3   0.2   0:18.19 gnome-terminal-
      1 root      20   0  176612  19328  11352 S   0.2   0.1   2:08.23 systemd
--
    PID USER      PR  NI    VIRT    RES    SHR S  %CPU  %MEM     TIME+ COMMAND
 331432 setroub+  25   5  548036  90076  23312 S  99.4   0.4   0:13.45 setroubleshootd
 331537 nathan37  20   0 1675720 941876 512404 S  75.2   3.9   0:08.30 vivado
 308004 nathan37  20   0  235136   7468   4360 S   6.1   0.0   1:03.17 htop
 296021 nathan37  20   0  235160   7468   4380 S   6.0   0.0   1:44.49 htop
 248687 nathan37  20   0 6492060 361956 145908 S   4.7   1.5   5:00.19 gnome-shell
 254147 nathan37  20   0   33.1g 265708 159952 S   2.7   1.1   3:29.46 code
 248116 nathan37  20   0 4183092 194860  62144 S   1.7   0.8   2:11.27 Xorg
 254213 nathan37  20   0 1394.2g 462388 190844 S   1.2   1.9   1:11.10 code
   1076 root      20   0 2694144 668368 347620 S   1.1   2.7  11:47.80 falcon-sensor-b
   1337 fastx     20   0   11.0g 199444  36612 S   0.5   0.8   3:30.51 fastx3
   2282 root      20   0 1572172  97592  17964 S   0.5   0.4   4:10.77 /opt/saltstack/
   1920 zabbix    20   0 2436588  36248  19576 S   0.4   0.1   1:38.65 zabbix_agent2
 249456 nathan37  20   0  712792  54536  39504 S   0.3   0.2   0:18.22 gnome-terminal-
 254532 nathan37  20   0 1409.9g 118584  81720 S   0.3   0.5   0:08.53 code
   1375 root      20   0  908576  23576  11516 S   0.2   0.1   0:27.17 fail2ban-server
 198136 root      20   0       0      0      0 I   0.2   0.0   0:00.95 kworker/u518:4-fscache
 265512 root      20   0       0      0      0 I   0.2   0.0   0:00.34 kworker/u518:1-events_unbound
--
    PID USER      PR  NI    VIRT    RES    SHR S  %CPU  %MEM     TIME+ COMMAND
 254147 nathan37  20   0   33.1g 266464 160680 S  20.2   1.1   3:31.48 code
 331432 setroub+  25   5  549572  91676  23312 S  16.8   0.4   0:15.13 setroubleshootd
 248687 nathan37  20   0 6492060 361956 145908 S  12.9   1.5   5:01.48 gnome-shell
 296021 nathan37  20   0  235160   7468   4380 R   6.6   0.0   1:45.15 htop
 308004 nathan37  20   0  235136   7468   4360 S   5.9   0.0   1:03.76 htop
 254213 nathan37  20   0 1394.2g 466676 191680 S   3.9   1.9   1:11.49 code
 331537 nathan37  20   0 1675720 942960 513468 S   3.9   3.9   0:08.69 vivado
 248116 nathan37  20   0 4183092 194860  62144 S   3.7   0.8   2:11.64 Xorg
   1076 root      20   0 2694144 668432 347620 S   0.9   2.7  11:47.89 falcon-sensor-b
   1337 fastx     20   0   11.0g 199076  36612 S   0.7   0.8   3:30.58 fastx3
   1639 splunkf+  20   0  429724 214988  66792 S   0.5   0.9   1:29.29 splunkd
   2282 root      20   0 1572172  97592  17964 S   0.5   0.4   4:10.82 /opt/saltstack/
 253950 nathan37  20   0 1394.1g 214264 136632 S   0.5   0.9   0:10.96 code
 254532 nathan37  20   0 1409.9g 119064  81720 S   0.4   0.5   0:08.57 code
 249456 nathan37  20   0  712888  54508  39504 S   0.3   0.2   0:18.25 gnome-terminal-
 322194 nathan37  20   0  235308   4972   3776 R   0.3   0.0   0:00.70 top
   1920 zabbix    20   0 2436588  37644  19576 S   0.2   0.2   1:38.67 zabbix_agent2
--
    PID USER      PR  NI    VIRT    RES    SHR S  %CPU  %MEM     TIME+ COMMAND
 248687 nathan37  20   0 6492060 361956 145908 S  13.3   1.5   5:02.82 gnome-shell
 254147 nathan37  20   0   33.1g 268900 162920 S   9.8   1.1   3:32.46 code
 331963 root      20   0  437432  59372  17936 S   9.8   0.2   0:00.98 SetroubleshootP
 308004 nathan37  20   0  235136   7468   4360 S   7.1   0.0   1:04.47 htop
 296021 nathan37  20   0  235160   7468   4380 S   6.6   0.0   1:45.81 htop
   1076 root      20   0 2694144 668672 347620 S   4.4   2.8  11:48.33 falcon-sensor-b
 248115 nathan37  20   0  319260  93788   6072 S   4.2   0.4   0:24.95 FastX monitor 1
 248116 nathan37  20   0 4183092 194860  62144 S   3.7   0.8   2:12.01 Xorg
   1337 fastx     20   0   11.0g 199904  36612 S   3.5   0.8   3:30.93 fastx3
 254213 nathan37  20   0 1394.2g 470756 193812 S   3.2   1.9   1:11.81 code
      1 root      20   0  176612  19328  11352 S   1.6   0.1   2:08.39 systemd
 331432 setroub+  25   5  550100  93444  23312 S   0.8   0.4   0:15.21 setroubleshootd
   1639 splunkf+  20   0  429724 214736  66792 S   0.5   0.9   1:29.34 splunkd
   2282 root      20   0 1572172  97592  17964 S   0.5   0.4   4:10.87 /opt/saltstack/
 254532 nathan37  20   0 1409.9g 118644  81720 S   0.5   0.5   0:08.62 code
   1143 dbus      20   0    8436   6272   2564 S   0.4   0.0   0:33.30 dbus-broker
 249456 nathan37  20   0  712632  54244  39504 S   0.4   0.2   0:18.29 gnome-terminal-
--
    PID USER      PR  NI    VIRT    RES    SHR S  %CPU  %MEM     TIME+ COMMAND
 248687 nathan37  20   0 6492060 361976 145908 S  27.6   1.5   5:05.59 gnome-shell
 248116 nathan37  20   0 4183092 194876  62144 S   7.2   0.8   2:12.73 Xorg
 254213 nathan37  20   0 1394.2g 467148 194912 S   6.4   1.9   1:12.45 code
 308004 nathan37  20   0  235136   7468   4360 S   6.1   0.0   1:05.08 htop
 296021 nathan37  20   0  235160   7468   4380 S   6.0   0.0   1:46.41 htop
 254147 nathan37  20   0   33.1g 269752 163604 S   4.0   1.1   3:32.86 code
 249456 nathan37  20   0  713144  54864  39504 S   1.2   0.2   0:18.41 gnome-terminal-
   1337 fastx     20   0   11.0g 200272  36612 S   1.1   0.8   3:31.04 fastx3
   1076 root      20   0 2694144 668556 347620 S   0.9   2.8  11:48.42 falcon-sensor-b
   1639 splunkf+  20   0  429724 214332  66792 S   0.8   0.9   1:29.42 splunkd
   2282 root      20   0 1572172  97592  17964 S   0.5   0.4   4:10.92 /opt/saltstack/
 253950 nathan37  20   0 1394.1g 212440 136680 S   0.4   0.9   0:11.02 code
   1920 zabbix    20   0 2436588  36256  19576 S   0.2   0.1   1:38.72 zabbix_agent2
 254532 nathan37  20   0 1409.9g 118596  81720 S   0.2   0.5   0:08.64 code
     17 root      20   0       0      0      0 I   0.1   0.0   0:08.38 rcu_preempt
   1401 root      20   0  173236  14400  12980 S   0.1   0.1   0:02.95 rsyslogd
   1670 apache    20   0 2442880   8428   4476 S   0.1   0.0   0:06.82 httpd
--
    PID USER      PR  NI    VIRT    RES    SHR S  %CPU  %MEM     TIME+ COMMAND
 248687 nathan37  20   0 6492060 361976 145908 S  10.3   1.5   5:06.62 gnome-shell
 308004 nathan37  20   0  235136   7468   4360 S   6.1   0.0   1:05.69 htop
 296021 nathan37  20   0  235160   7468   4380 S   5.9   0.0   1:47.00 htop
 248116 nathan37  20   0 4183092 194876  62144 S   5.0   0.8   2:13.23 Xorg
   1337 fastx     20   0   11.0g 199488  36612 S   3.5   0.8   3:31.39 fastx3
 249456 nathan37  20   0  713144  54884  39504 S   1.2   0.2   0:18.53 gnome-terminal-
   1076 root      20   0 2694144 668540 347620 S   0.5   2.8  11:48.47 falcon-sensor-b
   2282 root      20   0 1572172  97592  17964 S   0.5   0.4   4:10.97 /opt/saltstack/
 322194 nathan37  20   0  235308   4972   3776 R   0.3   0.0   0:00.76 top
   1168 root      20   0  460996  12516   8020 S   0.2   0.1   0:28.98 vmtoolsd
   1920 zabbix    20   0 2436588  36780  19576 S   0.2   0.2   1:38.74 zabbix_agent2
     45 root      20   0       0      0      0 S   0.1   0.0   0:00.41 ksoftirqd/4
   1361 root      20   0  484784  30416  16088 S   0.1   0.1   0:06.57 tuned
   1375 root      20   0  908576  23576  11516 S   0.1   0.1   0:27.19 fail2ban-server
   1639 splunkf+  20   0  429724 214320  66792 S   0.1   0.9   1:29.43 splunkd
 248737 nathan37  20   0  536736  12828   7112 S   0.1   0.1   0:00.70 ibus-daemon
 248939 nathan37  20   0  604312  13004  10800 S   0.1   0.1   0:00.21 gsd-smartcard
--
    PID USER      PR  NI    VIRT    RES    SHR S  %CPU  %MEM     TIME+ COMMAND
 248687 nathan37  20   0 6492060 361996 145908 S  31.7   1.5   5:09.80 gnome-shell
 332820 root      20   0  437696  59740  18024 S  10.0   0.2   0:01.00 SetroubleshootP
 332795 setroub+  25   5  544708  85948  23244 S   8.6   0.4   0:00.86 setroubleshootd
 248116 nathan37  20   0 4183092 194880  62148 S   8.4   0.8   2:14.07 Xorg
 296021 nathan37  20   0  235160   7468   4380 R   6.4   0.0   1:47.64 htop
 308004 nathan37  20   0  235136   7468   4360 S   5.0   0.0   1:06.19 htop
 254147 nathan37  20   0   33.1g 269036 163076 S   4.4   1.1   3:33.30 code
 254213 nathan37  20   0 1394.2g 467328 194624 S   4.1   1.9   1:12.86 code
   1337 fastx     20   0   11.0g 202460  36612 S   3.9   0.8   3:31.78 fastx3
 248115 nathan37  20   0  319260  93788   6072 S   3.8   0.4   0:25.33 FastX monitor 1
   1076 root      20   0 2694144 668700 347620 S   2.0   2.8  11:48.67 falcon-sensor-b
 249456 nathan37  20   0  713016  54636  39508 S   1.5   0.2   0:18.68 gnome-terminal-
 253950 nathan37  20   0 1394.1g 212520 136680 S   0.6   0.9   0:11.09 code
   1639 splunkf+  20   0  429724 214916  66792 S   0.5   0.9   1:29.48 splunkd
   2282 root      20   0 1572172  97592  17964 S   0.5   0.4   4:11.02 /opt/saltstack/
 254532 nathan37  20   0 1409.9g 118600  81720 S   0.3   0.5   0:08.68 code
      1 root      20   0  176612  19328  11352 S   0.2   0.1   2:08.41 systemd
--
    PID USER      PR  NI    VIRT    RES    SHR S  %CPU  %MEM     TIME+ COMMAND
 254147 nathan37  20   0   33.1g 267088 161116 S  19.0   1.1   3:35.21 code
 248687 nathan37  20   0 6492060 361996 145908 S   9.5   1.5   5:10.75 gnome-shell
 296021 nathan37  20   0  235160   7468   4380 S   6.8   0.0   1:48.32 htop
 308004 nathan37  20   0  235136   7468   4360 S   6.1   0.0   1:06.80 htop
 254213 nathan37  20   0 1394.2g 467804 192208 S   4.0   1.9   1:13.26 code
 248116 nathan37  20   0 4183092 194880  62148 S   3.1   0.8   2:14.38 Xorg
   1076 root      20   0 2694144 668556 347620 S   0.9   2.8  11:48.76 falcon-sensor-b
   1337 fastx     20   0   11.0g 203120  36612 S   0.7   0.8   3:31.85 fastx3
   1639 splunkf+  20   0  429724 214928  66792 S   0.5   0.9   1:29.53 splunkd
   2282 root      20   0 1572172  97592  17964 S   0.5   0.4   4:11.07 /opt/saltstack/
 253950 nathan37  20   0 1394.1g 212432 136632 S   0.5   0.9   0:11.14 code
 254532 nathan37  20   0 1409.9g 118640  81720 S   0.5   0.5   0:08.73 code
 249456 nathan37  20   0  712888  54564  39508 S   0.4   0.2   0:18.72 gnome-terminal-
   1920 zabbix    20   0 2436588  35784  19576 S   0.3   0.1   1:38.79 zabbix_agent2
 254405 nathan37  20   0 1393.9g 278680  86376 S   0.2   1.1   0:10.64 code
 322194 nathan37  20   0  235308   4972   3776 R   0.2   0.0   0:00.79 top
     17 root      20   0       0      0      0 I   0.1   0.0   0:08.39 rcu_preempt
--
    PID USER      PR  NI    VIRT    RES    SHR S  %CPU  %MEM     TIME+ COMMAND
 254147 nathan37  20   0   33.1g 267168 161272 S  46.2   1.1   3:39.84 code
 248687 nathan37  20   0 6492060 361952 145908 S  10.9   1.5   5:11.84 gnome-shell
 308004 nathan37  20   0  235136   7468   4360 R   6.8   0.0   1:07.48 htop
 296021 nathan37  20   0  235160   7468   4380 S   6.0   0.0   1:48.92 htop
 254213 nathan37  20   0 1394.2g 472012 192364 S   4.6   1.9   1:13.72 code
 248116 nathan37  20   0 4183092 194880  62148 S   3.8   0.8   2:14.76 Xorg
   1076 root      20   0 2694144 668560 347620 S   1.4   2.8  11:48.90 falcon-sensor-b
 254532 nathan37  20   0 1409.9g 119280  81720 S   0.7   0.5   0:08.80 code
   1337 fastx     20   0   11.0g 201084  36612 S   0.6   0.8   3:31.91 fastx3
   2282 root      20   0 1572172  97592  17964 S   0.5   0.4   4:11.12 /opt/saltstack/
 253950 nathan37  20   0 1394.1g 212660 136632 S   0.5   0.9   0:11.19 code
 249456 nathan37  20   0  712760  54584  39508 S   0.4   0.2   0:18.76 gnome-terminal-
 254405 nathan37  20   0 1393.9g 278692  86376 S   0.4   1.1   0:10.68 code
   1920 zabbix    20   0 2436588  36412  19576 S   0.3   0.1   1:38.82 zabbix_agent2
 331537 nathan37  20   0 1675720 942960 513468 S   0.2   3.9   0:08.72 vivado
     63 root      20   0       0      0      0 S   0.1   0.0   0:00.28 ksoftirqd/7
   1168 root      20   0  460996  12516   8020 S   0.1   0.1   0:28.99 vmtoolsd
--
    PID USER      PR  NI    VIRT    RES    SHR S  %CPU  %MEM     TIME+ COMMAND
 254147 nathan37  20   0   33.1g 270544 164580 S  58.5   1.1   3:45.71 code
 248687 nathan37  20   0 6492060 361952 145908 S  20.2   1.5   5:13.87 gnome-shell
 254213 nathan37  20   0 1394.2g 468004 195924 S  11.5   1.9   1:14.87 code
 334301 root      20   0  437752  59716  17948 S   9.8   0.2   0:00.98 SetroubleshootP
 334259 setroub+  25   5  544708  85904  23208 S   8.2   0.4   0:00.82 setroubleshootd
 248116 nathan37  20   0 4183092 194880  62148 S   6.9   0.8   2:15.45 Xorg
 308004 nathan37  20   0  235136   7468   4360 S   6.5   0.0   1:08.13 htop
 296021 nathan37  20   0  235160   7468   4380 S   6.1   0.0   1:49.53 htop
   1076 root      20   0 2694144 668424 347620 S   4.0   2.7  11:49.30 falcon-sensor-b
   1337 fastx     20   0   11.0g 201464  36612 S   3.9   0.8   3:32.30 fastx3
 248115 nathan37  20   0  319260  93788   6072 S   2.0   0.4   0:25.53 FastX monitor 1
      1 root      20   0  176612  19328  11352 S   1.6   0.1   2:08.57 systemd
 253950 nathan37  20   0 1394.1g 212792 136632 S   0.9   0.9   0:11.28 code
   1143 dbus      20   0    8436   6272   2564 S   0.5   0.0   0:33.35 dbus-broker
   2282 root      20   0 1572172  97592  17964 S   0.5   0.4   4:11.17 /opt/saltstack/
 249456 nathan37  20   0  712760  54696  39508 S   0.5   0.2   0:18.81 gnome-terminal-
 254532 nathan37  20   0 1409.9g 119224  81720 S   0.4   0.5   0:08.84 code
--
    PID USER      PR  NI    VIRT    RES    SHR S  %CPU  %MEM     TIME+ COMMAND
 248687 nathan37  20   0 6492060 361956 145908 S  18.4   1.5   5:15.72 gnome-shell
 308004 nathan37  20   0  235136   7468   4360 S   6.0   0.0   1:08.73 htop
 296021 nathan37  20   0  235160   7468   4380 S   5.9   0.0   1:50.12 htop
 248116 nathan37  20   0 4183092 194880  62148 S   4.6   0.8   2:15.91 Xorg
 254147 nathan37  20   0   33.1g 267184 161216 S   2.4   1.1   3:45.95 code
 254213 nathan37  20   0 1394.2g 464856 192448 S   2.3   1.9   1:15.10 code
   1076 root      20   0 2694144 668420 347620 S   0.8   2.7  11:49.38 falcon-sensor-b
   1639 splunkf+  20   0  429724 214316  66792 S   0.8   0.9   1:29.62 splunkd
   1337 fastx     20   0   11.0g 201152  36612 S   0.7   0.8   3:32.37 fastx3
   2282 root      20   0 1572172  97592  17964 S   0.6   0.4   4:11.23 /opt/saltstack/
 249456 nathan37  20   0  712760  54696  39508 S   0.4   0.2   0:18.85 gnome-terminal-
   1920 zabbix    20   0 2436588  36436  19576 S   0.3   0.1   1:38.87 zabbix_agent2
 322194 nathan37  20   0  235308   4972   3776 R   0.3   0.0   0:00.85 top
   1672 apache    20   0 2180672   8188   4456 S   0.2   0.0   0:05.93 httpd
 253950 nathan37  20   0 1394.1g 212804 136632 S   0.2   0.9   0:11.30 code
      1 root      20   0  176612  19328  11352 S   0.1   0.1   2:08.58 systemd
   1456 root      20   0  476764  11024   9304 S   0.1   0.0   0:00.68 accounts-daemon
--
    PID USER      PR  NI    VIRT    RES    SHR S  %CPU  %MEM     TIME+ COMMAND
 296021 nathan37  20   0  235160   7468   4380 S   6.9   0.0   1:50.81 htop
 308004 nathan37  20   0  235136   7468   4360 S   5.9   0.0   1:09.32 htop
 248687 nathan37  20   0 6492060 361956 145908 S   3.4   1.5   5:16.06 gnome-shell
 248116 nathan37  20   0 4183092 194880  62148 S   1.0   0.8   2:16.01 Xorg
   2282 root      20   0 1572172  97592  17964 S   0.5   0.4   4:11.28 /opt/saltstack/
   1639 splunkf+  20   0  429724 215136  66792 S   0.4   0.9   1:29.66 splunkd
   1076 root      20   0 2694144 668412 347620 S   0.3   2.7  11:49.41 falcon-sensor-b
   1337 fastx     20   0   11.0g 200880  36612 S   0.3   0.8   3:32.40 fastx3
 249456 nathan37  20   0  712760  54696  39508 S   0.3   0.2   0:18.88 gnome-terminal-
 254213 nathan37  20   0 1394.2g 464852 192448 S   0.3   1.9   1:15.13 code
 254532 nathan37  20   0 1409.9g 119220  81720 S   0.2   0.5   0:08.87 code
     17 root      20   0       0      0      0 I   0.1   0.0   0:08.41 rcu_preempt
     33 root      20   0       0      0      0 S   0.1   0.0   0:00.39 ksoftirqd/2
    886 root      20   0   41092  15556   9756 S   0.1   0.1   0:01.95 systemd-udevd
   1168 root      20   0  460996  12516   8020 S   0.1   0.1   0:29.01 vmtoolsd
   1375 root      20   0  908576  23576  11516 S   0.1   0.1   0:27.22 fail2ban-server
   1920 zabbix    20   0 2436588  35068  19576 S   0.1   0.1   1:38.88 zabbix_agent2
--
    PID USER      PR  NI    VIRT    RES    SHR S  %CPU  %MEM     TIME+ COMMAND
 334892 root      20   0  437428  59412  17980 S   9.9   0.2   0:00.99 SetroubleshootP
 248687 nathan37  20   0 6492060 361952 145908 S   9.8   1.5   5:17.04 gnome-shell
 334867 setroub+  25   5  544708  85984  23296 S   8.1   0.4   0:00.81 setroubleshootd
 308004 nathan37  20   0  235136   7468   4360 R   6.7   0.0   1:09.99 htop
 296021 nathan37  20   0  235160   7468   4380 S   6.0   0.0   1:51.41 htop
 254147 nathan37  20   0   33.1g 267592 161604 S   3.7   1.1   3:46.33 code
 248116 nathan37  20   0 4183092 194880  62148 S   2.9   0.8   2:16.30 Xorg
 254213 nathan37  20   0 1394.2g 468328 193140 S   2.1   1.9   1:15.34 code
 248115 nathan37  20   0  319260  93788   6072 S   1.9   0.4   0:25.72 FastX monitor 1
   1076 root      20   0 2694144 668444 347620 S   1.3   2.7  11:49.54 falcon-sensor-b
   1337 fastx     20   0   11.0g 202644  36612 S   0.8   0.8   3:32.48 fastx3
   2282 root      20   0 1572172  97592  17964 S   0.5   0.4   4:11.33 /opt/saltstack/
 249456 nathan37  20   0  712760  54696  39508 S   0.3   0.2   0:18.91 gnome-terminal-
 253950 nathan37  20   0 1394.1g 212904 136632 S   0.3   0.9   0:11.33 code
   1920 zabbix    20   0 2436588  35672  19576 S   0.2   0.1   1:38.90 zabbix_agent2
 249033 nathan37  20   0  397880  40356  33360 S   0.2   0.2   0:05.35 vmtoolsd
 254532 nathan37  20   0 1409.9g 119184  81720 S   0.2   0.5   0:08.89 code
--
    PID USER      PR  NI    VIRT    RES    SHR S  %CPU  %MEM     TIME+ COMMAND
 254147 nathan37  20   0   33.1g 269416 163196 S 118.9   1.1   3:58.26 code
 248687 nathan37  20   0 6492060 361952 145908 S  19.5   1.5   5:19.00 gnome-shell
 254213 nathan37  20   0 1394.2g 470912 194408 S  12.0   1.9   1:16.54 code
 248116 nathan37  20   0 4183092 194880  62148 S   8.3   0.8   2:17.13 Xorg
 308004 nathan37  20   0  235136   7468   4360 S   6.3   0.0   1:10.62 htop
 296021 nathan37  20   0  235160   7468   4380 S   6.1   0.0   1:52.02 htop
   1076 root      20   0 2694144 668380 347620 S   5.4   2.7  11:50.08 falcon-sensor-b
 253950 nathan37  20   0 1394.1g 213080 136632 S   1.6   0.9   0:11.49 code
   1337 fastx     20   0   11.0g 202932  36612 S   1.2   0.8   3:32.60 fastx3
 254532 nathan37  20   0 1409.9g 120072  81720 S   1.1   0.5   0:09.00 code
   1639 splunkf+  20   0  429724 214672  66792 S   0.5   0.9   1:29.72 splunkd
   2282 root      20   0 1572172  97592  17964 S   0.5   0.4   4:11.38 /opt/saltstack/
 249456 nathan37  20   0  712888  54508  39508 S   0.5   0.2   0:18.96 gnome-terminal-
   1920 zabbix    20   0 2436588  36728  19576 S   0.4   0.2   1:38.94 zabbix_agent2
 254405 nathan37  20   0 1393.9g 278884  86376 S   0.3   1.1   0:10.74 code
 254433 nathan37  20   0 1393.9g 127048  76200 S   0.2   0.5   0:02.68 code
 322194 nathan37  20   0  235308   4972   3776 R   0.2   0.0   0:00.90 top
--
    PID USER      PR  NI    VIRT    RES    SHR S  %CPU  %MEM     TIME+ COMMAND
 254147 nathan37  20   0   33.1g 267712 161688 S  47.8   1.1   4:03.05 code
 248687 nathan37  20   0 6492060 361952 145908 S   7.7   1.5   5:19.77 gnome-shell
 308004 nathan37  20   0  235136   7468   4360 S   6.0   0.0   1:11.22 htop
 296021 nathan37  20   0  235160   7468   4380 S   5.9   0.0   1:52.61 htop
 254213 nathan37  20   0 1394.2g 468892 192792 S   4.4   1.9   1:16.98 code
 248116 nathan37  20   0 4183092 194892  62148 S   4.0   0.8   2:17.53 Xorg
   1337 fastx     20   0   11.0g 198764  36612 S   3.2   0.8   3:32.92 fastx3
 253950 nathan37  20   0 1394.1g 212468 136632 S   1.4   0.9   0:11.63 code
   1076 root      20   0 2694144 668392 347620 S   0.9   2.7  11:50.17 falcon-sensor-b
   1639 splunkf+  20   0  429724 215064  66792 S   0.5   0.9   1:29.77 splunkd
   2282 root      20   0 1572172  97592  17964 S   0.5   0.4   4:11.43 /opt/saltstack/
 249456 nathan37  20   0  712920  54656  39508 S   0.4   0.2   0:19.00 gnome-terminal-
 254532 nathan37  20   0 1409.9g 119600  81720 S   0.3   0.5   0:09.03 code
   1920 zabbix    20   0 2436588  36532  19576 S   0.2   0.2   1:38.96 zabbix_agent2
 248779 nathan37  20   0  161700   8436   7536 S   0.2   0.0   0:00.40 at-spi2-registr
 254405 nathan37  20   0 1393.9g 278720  86376 S   0.2   1.1   0:10.76 code
     17 root      20   0       0      0      0 I   0.1   0.0   0:08.42 rcu_preempt
--
    PID USER      PR  NI    VIRT    RES    SHR S  %CPU  %MEM     TIME+ COMMAND
 254147 nathan37  20   0   33.1g 271556 165816 S  72.1   1.1   4:10.28 code
 248687 nathan37  20   0 6492060 361952 145908 S  36.8   1.5   5:23.46 gnome-shell
 254213 nathan37  20   0 1394.2g 469908 194928 R  12.9   1.9   1:18.27 code
 248116 nathan37  20   0 4183092 194900  62148 S  10.5   0.8   2:18.58 Xorg
 296021 nathan37  20   0  235160   7468   4380 S   7.1   0.0   1:53.32 htop
 308004 nathan37  20   0  235136   7468   4360 S   6.1   0.0   1:11.83 htop
   1076 root      20   0 2694144 668264 347620 S   2.1   2.7  11:50.38 falcon-sensor-b
   1337 fastx     20   0   11.0g 199052  36612 S   1.6   0.8   3:33.08 fastx3
      1 root      20   0  176612  19328  11352 S   1.5   0.1   2:08.75 systemd
 253950 nathan37  20   0 1394.1g 212584 136632 S   1.5   0.9   0:11.78 code
   2282 root      20   0 1572172  97592  17964 S   0.6   0.4   4:11.49 /opt/saltstack/
   1143 dbus      20   0    8436   6272   2564 S   0.4   0.0   0:33.40 dbus-broker
 249456 nathan37  20   0  712760  54516  39508 S   0.4   0.2   0:19.04 gnome-terminal-
   1920 zabbix    20   0 2436588  35336  19576 S   0.3   0.1   1:38.99 zabbix_agent2
 322194 nathan37  20   0  235308   4972   3776 R   0.3   0.0   0:00.94 top
   1375 root      20   0  908576  23576  11516 S   0.2   0.1   0:27.25 fail2ban-server
   1639 splunkf+  20   0  429724 214288  66792 S   0.2   0.9   1:29.79 splunkd
--
    PID USER      PR  NI    VIRT    RES    SHR S  %CPU  %MEM     TIME+ COMMAND
 248687 nathan37  20   0 6492060 361952 145908 S  10.3   1.5   5:24.49 gnome-shell
 336675 root      20   0  437424  59524  18092 S   9.8   0.2   0:00.98 SetroubleshootP
 336645 setroub+  25   5  544708  85944  23248 S   8.3   0.4   0:00.83 setroubleshootd
 296021 nathan37  20   0  235160   7468   4380 S   6.1   0.0   1:53.93 htop
 308004 nathan37  20   0  235136   7468   4360 S   5.9   0.0   1:12.42 htop
   1337 fastx     20   0   11.0g 200568  36612 S   3.0   0.8   3:33.38 fastx3
 248116 nathan37  20   0 4183092 194900  62148 S   3.0   0.8   2:18.88 Xorg
 254213 nathan37  20   0 1394.2g 466836 193188 S   2.2   1.9   1:18.49 code
 248115 nathan37  20   0  319260  93788   6072 S   2.0   0.4   0:25.92 FastX monitor 1
   1076 root      20   0 2694144 668212 347620 S   1.6   2.7  11:50.54 falcon-sensor-b
 254147 nathan37  20   0   33.1g 268224 162964 S   1.3   1.1   4:10.41 code
   1639 splunkf+  20   0  429724 214348  66792 S   0.5   0.9   1:29.84 splunkd
   2282 root      20   0 1572172  97592  17964 S   0.5   0.4   4:11.54 /opt/saltstack/
 249456 nathan37  20   0  712768  54388  39508 S   0.4   0.2   0:19.08 gnome-terminal-
   1920 zabbix    20   0 2436588  36032  19576 S   0.2   0.1   1:39.01 zabbix_agent2
 254532 nathan37  20   0 1409.9g 119644  81720 S   0.2   0.5   0:09.06 code
     17 root      20   0       0      0      0 I   0.1   0.0   0:08.43 rcu_preempt
--
    PID USER      PR  NI    VIRT    RES    SHR S  %CPU  %MEM     TIME+ COMMAND
 308004 nathan37  20   0  235136   7468   4360 S   7.0   0.0   1:13.12 htop
 296021 nathan37  20   0  235160   7468   4380 S   5.9   0.0   1:54.52 htop
 248687 nathan37  20   0 6492060 361952 145908 S   4.0   1.5   5:24.89 gnome-shell
 248116 nathan37  20   0 4183092 194900  62148 S   1.0   0.8   2:18.98 Xorg
   1639 splunkf+  20   0  429724 215204  66792 S   0.5   0.9   1:29.89 splunkd
   2282 root      20   0 1572172  97592  17964 S   0.5   0.4   4:11.59 /opt/saltstack/
   1076 root      20   0 2694144 668232 347620 S   0.4   2.7  11:50.58 falcon-sensor-b
 254213 nathan37  20   0 1394.2g 466496 193108 S   0.4   1.9   1:18.53 code
   1337 fastx     20   0   11.0g 201068  36612 S   0.3   0.8   3:33.41 fastx3
 249456 nathan37  20   0  712536  54396  39508 S   0.3   0.2   0:19.11 gnome-terminal-
 322194 nathan37  20   0  235308   4972   3776 R   0.3   0.0   0:00.98 top
      1 root      20   0  176612  19328  11352 S   0.2   0.1   2:08.77 systemd
 249033 nathan37  20   0  397880  40356  33360 S   0.2   0.2   0:05.41 vmtoolsd
 249319 nathan37  20   0  737948  28568  22712 S   0.2   0.1   0:00.86 xdg-desktop-por
   1168 root      20   0  460996  12516   8020 S   0.1   0.1   0:29.05 vmtoolsd
   1418 root      20   0   30780  13080  10244 S   0.1   0.1   0:01.57 httpd
   1671 apache    20   0 2246208   8188   4452 S   0.1   0.0   0:05.94 httpd
--
    PID USER      PR  NI    VIRT    RES    SHR S  %CPU  %MEM     TIME+ COMMAND
 296021 nathan37  20   0  235160   7468   4380 S   5.9   0.0   1:55.11 htop
 308004 nathan37  20   0  235136   7468   4360 S   5.9   0.0   1:13.71 htop
 248687 nathan37  20   0 6492060 361952 145908 S   3.5   1.5   5:25.24 gnome-shell
 248116 nathan37  20   0 4183092 194900  62148 S   0.9   0.8   2:19.07 Xorg
   1639 splunkf+  20   0  429724 214320  66792 S   0.6   0.9   1:29.95 splunkd
   2282 root      20   0 1572172  97592  17964 S   0.5   0.4   4:11.64 /opt/saltstack/
   1076 root      20   0 2694144 668180 347620 S   0.4   2.7  11:50.62 falcon-sensor-b
   1337 fastx     20   0   11.0g 200848  36612 S   0.4   0.8   3:33.45 fastx3
 249456 nathan37  20   0  712776  54516  39508 S   0.3   0.2   0:19.14 gnome-terminal-
 254213 nathan37  20   0 1394.2g 466496 193108 S   0.3   1.9   1:18.56 code
   1920 zabbix    20   0 2436588  35520  19576 S   0.2   0.1   1:39.04 zabbix_agent2
 249033 nathan37  20   0  397880  40356  33360 S   0.2   0.2   0:05.43 vmtoolsd
 254532 nathan37  20   0 1409.9g 119676  81720 S   0.2   0.5   0:09.09 code
 322194 nathan37  20   0  235308   4972   3776 R   0.2   0.0   0:01.00 top
     27 root      20   0       0      0      0 S   0.1   0.0   0:00.27 ksoftirqd/1
     63 root      20   0       0      0      0 S   0.1   0.0   0:00.29 ksoftirqd/7
   1168 root      20   0  460996  12516   8020 S   0.1   0.1   0:29.06 vmtoolsd
--
    PID USER      PR  NI    VIRT    RES    SHR S  %CPU  %MEM     TIME+ COMMAND
 296021 nathan37  20   0  235160   7468   4380 S   7.1   0.0   1:55.82 htop
 308004 nathan37  20   0  235136   7468   4360 S   6.1   0.0   1:14.32 htop
 248687 nathan37  20   0 6492060 361952 145908 S   4.4   1.5   5:25.68 gnome-shell
 254213 nathan37  20   0 1394.2g 468984 194772 S   1.5   1.9   1:18.71 code
 248116 nathan37  20   0 4183092 194900  62148 S   1.3   0.8   2:19.20 Xorg
   1076 root      20   0 2694144 668180 347620 S   0.5   2.7  11:50.67 falcon-sensor-b
   1337 fastx     20   0   11.0g 200992  36612 S   0.5   0.8   3:33.50 fastx3
   2282 root      20   0 1572172  97592  17964 S   0.5   0.4   4:11.69 /opt/saltstack/
   1920 zabbix    20   0 2436588  35400  19576 S   0.4   0.1   1:39.08 zabbix_agent2
 249456 nathan37  20   0  712760  54608  39508 S   0.4   0.2   0:19.18 gnome-terminal-
 254147 nathan37  20   0   33.1g 268868 163608 S   0.3   1.1   4:10.45 code
     17 root      20   0       0      0      0 I   0.1   0.0   0:08.44 rcu_preempt
    780 root      20   0       0      0      0 S   0.1   0.0   0:04.36 xfsaild/dm-0
   1361 root      20   0  484784  30416  16088 S   0.1   0.1   0:06.59 tuned
 249033 nathan37  20   0  397880  40356  33360 S   0.1   0.2   0:05.44 vmtoolsd
 254433 nathan37  20   0 1393.9g 127064  76200 S   0.1   0.5   0:02.69 code
 254532 nathan37  20   0 1409.9g 119740  81720 S   0.1   0.5   0:09.10 code
--
    PID USER      PR  NI    VIRT    RES    SHR S  %CPU  %MEM     TIME+ COMMAND
 296021 nathan37  20   0  235160   7468   4380 S   5.9   0.0   1:56.41 htop
 308004 nathan37  20   0  235136   7468   4360 S   5.9   0.0   1:14.91 htop
 248687 nathan37  20   0 6492060 361952 145908 S   3.5   1.5   5:26.03 gnome-shell
 248116 nathan37  20   0 4183092 194900  62148 S   1.1   0.8   2:19.31 Xorg
   2282 root      20   0 1572172  97592  17964 S   0.5   0.4   4:11.74 /opt/saltstack/
   1076 root      20   0 2694144 668168 347620 S   0.3   2.7  11:50.70 falcon-sensor-b
   1337 fastx     20   0   11.0g 200668  36612 S   0.3   0.8   3:33.53 fastx3
 249456 nathan37  20   0  712760  54608  39508 S   0.3   0.2   0:19.21 gnome-terminal-
 254213 nathan37  20   0 1394.2g 467332 193124 S   0.3   1.9   1:18.74 code
   1639 splunkf+  20   0  429724 214320  66792 S   0.2   0.9   1:29.97 splunkd
   1920 zabbix    20   0 2436588  37484  19576 S   0.2   0.2   1:39.10 zabbix_agent2
 254532 nathan37  20   0 1409.9g 119700  81720 S   0.2   0.5   0:09.12 code
 322194 nathan37  20   0  235308   4972   3776 R   0.2   0.0   0:01.03 top
     27 root      20   0       0      0      0 S   0.1   0.0   0:00.28 ksoftirqd/1
     63 root      20   0       0      0      0 S   0.1   0.0   0:00.30 ksoftirqd/7
   1168 root      20   0  460996  12516   8020 S   0.1   0.1   0:29.07 vmtoolsd
   1375 root      20   0  908576  23576  11516 S   0.1   0.1   0:27.27 fail2ban-server
--
    PID USER      PR  NI    VIRT    RES    SHR S  %CPU  %MEM     TIME+ COMMAND
 248687 nathan37  20   0 6492060 361952 145908 R  10.7   1.5   5:27.10 gnome-shell
 337113 root      20   0  437428  59388  17960 S   9.8   0.2   0:00.98 SetroubleshootP
 337089 setroub+  25   5  544708  85968  23264 S   8.5   0.4   0:00.85 setroubleshootd
 308004 nathan37  20   0  235136   7468   4360 S   7.1   0.0   1:15.62 htop
 248115 nathan37  20   0  319260  93788   6072 S   6.0   0.4   0:26.52 FastX monitor 1
 254213 nathan37  20   0 1394.2g 468808 194772 S   6.0   1.9   1:19.34 code
 296021 nathan37  20   0  235160   7468   4380 S   6.0   0.0   1:57.01 htop
   1337 fastx     20   0   11.0g 203020  36612 S   3.5   0.8   3:33.88 fastx3
   1076 root      20   0 2694144 668256 347620 S   3.1   2.7  11:51.01 falcon-sensor-b
 248116 nathan37  20   0 4183092 194900  62148 S   2.8   0.8   2:19.59 Xorg
 254147 nathan37  20   0   33.1g 269364 163648 S   1.7   1.1   4:10.63 code
      1 root      20   0  176612  19328  11352 S   1.5   0.1   2:08.92 systemd
   2282 root      20   0 1572172  97592  17964 S   0.5   0.4   4:11.79 /opt/saltstack/
   1143 dbus      20   0    8436   6272   2564 S   0.4   0.0   0:33.45 dbus-broker
   1639 splunkf+  20   0  429724 215272  66792 S   0.4   0.9   1:30.01 splunkd
 249456 nathan37  20   0  712760  54676  39508 S   0.4   0.2   0:19.25 gnome-terminal-
 253950 nathan37  20   0 1394.1g 213408 136632 S   0.4   0.9   0:11.83 code
--
    PID USER      PR  NI    VIRT    RES    SHR S  %CPU  %MEM     TIME+ COMMAND
 254147 nathan37  20   0   33.1g 269412 163868 S  75.1   1.1   4:18.16 code
 248687 nathan37  20   0 6492060 361952 145908 S  49.0   1.5   5:32.01 gnome-shell
 248116 nathan37  20   0 4183092 194900  62148 S  12.1   0.8   2:20.80 Xorg
 254213 nathan37  20   0 1394.2g 474800 194936 S   9.9   2.0   1:20.33 code
 296021 nathan37  20   0  235160   7468   4380 S   6.2   0.0   1:57.63 htop
 308004 nathan37  20   0  235136   7468   4360 S   6.2   0.0   1:16.24 htop
   1076 root      20   0 2694144 668224 347620 S   1.6   2.7  11:51.17 falcon-sensor-b
   1337 fastx     20   0   11.0g 202676  36612 S   1.6   0.8   3:34.04 fastx3
 253950 nathan37  20   0 1394.1g 214552 136632 S   1.3   0.9   0:11.96 code
   1639 splunkf+  20   0  429724 217800  66792 S   0.5   0.9   1:30.06 splunkd
   2282 root      20   0 1572172  97592  17964 S   0.5   0.4   4:11.84 /opt/saltstack/
 254405 nathan37  20   0 1393.9g 278732  86376 S   0.5   1.1   0:10.85 code
 254532 nathan37  20   0 1409.9g 119976  81720 S   0.5   0.5   0:09.19 code
 249456 nathan37  20   0  712760  54732  39508 S   0.4   0.2   0:19.29 gnome-terminal-
 322194 nathan37  20   0  235308   4972   3776 R   0.3   0.0   0:01.07 top
   1920 zabbix    20   0 2436588  36416  19576 S   0.2   0.1   1:39.15 zabbix_agent2
     16 root      20   0       0      0      0 S   0.1   0.0   0:00.28 ksoftirqd/0
--
    PID USER      PR  NI    VIRT    RES    SHR S  %CPU  %MEM     TIME+ COMMAND
 254147 nathan37  20   0   33.1g 273528 167776 S  39.8   1.1   4:22.15 code
 248687 nathan37  20   0 6492060 361952 145908 S  18.1   1.5   5:33.83 gnome-shell
 254213 nathan37  20   0 1394.3g 475116 199148 S  10.7   2.0   1:21.40 code
 296021 nathan37  20   0  235160   7468   4380 S   7.0   0.0   1:58.33 htop
 248116 nathan37  20   0 4183092 194900  62148 S   6.2   0.8   2:21.42 Xorg
 308004 nathan37  20   0  235136   7468   4360 S   6.1   0.0   1:16.85 htop
   1076 root      20   0 2694144 668200 347620 S   1.5   2.7  11:51.32 falcon-sensor-b
   1337 fastx     20   0   11.0g 202820  36612 S   0.9   0.8   3:34.13 fastx3
 253950 nathan37  20   0 1394.1g 214744 136632 S   0.9   0.9   0:12.05 code
   2282 root      20   0 1572172  97592  17964 S   0.5   0.4   4:11.89 /opt/saltstack/
 254532 nathan37  20   0 1409.9g 120164  81720 S   0.4   0.5   0:09.23 code
   1639 splunkf+  20   0  429724 214896  66792 S   0.3   0.9   1:30.09 splunkd
 249456 nathan37  20   0  713016  54656  39508 S   0.3   0.2   0:19.32 gnome-terminal-
 254405 nathan37  20   0 1393.9g 278752  86376 S   0.3   1.1   0:10.88 code
   1920 zabbix    20   0 2436588  34492  19576 S   0.2   0.1   1:39.17 zabbix_agent2
      1 root      20   0  176612  19328  11352 S   0.1   0.1   2:08.93 systemd
     17 root      20   0       0      0      0 I   0.1   0.0   0:08.46 rcu_preempt
--
    PID USER      PR  NI    VIRT    RES    SHR S  %CPU  %MEM     TIME+ COMMAND
 254147 nathan37  20   0   33.1g 270800 165040 S  24.6   1.1   4:24.62 code
 248687 nathan37  20   0 6492060 361952 145908 S  10.1   1.5   5:34.84 gnome-shell
 308004 nathan37  20   0  235136   7468   4360 S   6.1   0.0   1:17.46 htop
 296021 nathan37  20   0  235160   7468   4380 S   6.0   0.0   1:58.93 htop
 254213 nathan37  20   0 1394.2g 475172 196300 S   5.7   2.0   1:21.97 code
 248116 nathan37  20   0 4183092 194900  62148 S   4.1   0.8   2:21.83 Xorg
   1076 root      20   0 2694144 668240 347620 S   1.7   2.7  11:51.49 falcon-sensor-b
 253950 nathan37  20   0 1394.1g 215232 136632 S   1.2   0.9   0:12.17 code
   1337 fastx     20   0   11.0g 202916  36612 S   1.1   0.8   3:34.24 fastx3
   2282 root      20   0 1572172  97592  17964 S   0.6   0.4   4:11.95 /opt/saltstack/
 254532 nathan37  20   0 1409.9g 120260  81720 S   0.6   0.5   0:09.29 code
 249456 nathan37  20   0  713016  54660  39508 S   0.3   0.2   0:19.35 gnome-terminal-
 254405 nathan37  20   0 1393.9g 278764  86376 S   0.3   1.1   0:10.91 code
 249033 nathan37  20   0  397880  40356  33360 S   0.2   0.2   0:05.50 vmtoolsd
 254432 nathan37  20   0 1393.9g 130964  82740 S   0.2   0.5   0:04.06 code
 322194 nathan37  20   0  235308   4972   3776 R   0.2   0.0   0:01.10 top
   1168 root      20   0  460996  12516   8020 S   0.1   0.1   0:29.10 vmtoolsd
--
    PID USER      PR  NI    VIRT    RES    SHR S  %CPU  %MEM     TIME+ COMMAND
 254147 nathan37  20   0   33.1g 267624 161856 S  52.5   1.1   4:29.88 code
 248687 nathan37  20   0 6492060 361952 145908 S  10.5   1.5   5:35.89 gnome-shell
 254213 nathan37  20   0 1394.2g 468016 192944 S   7.1   1.9   1:22.68 code
 308004 nathan37  20   0  235136   7468   4360 S   7.0   0.0   1:18.16 htop
 296021 nathan37  20   0  235160   7468   4380 S   5.9   0.0   1:59.52 htop
 248116 nathan37  20   0 4183092 194900  62148 S   3.6   0.8   2:22.19 Xorg
   1076 root      20   0 2694144 668152 347620 S   1.1   2.7  11:51.60 falcon-sensor-b
   1337 fastx     20   0   11.0g 202812  36612 S   0.7   0.8   3:34.31 fastx3
   1920 zabbix    20   0 2436588  36696  19576 S   0.5   0.2   1:39.23 zabbix_agent2
   2282 root      20   0 1572172  97592  17964 S   0.5   0.4   4:12.00 /opt/saltstack/
 253950 nathan37  20   0 1394.1g 214724 136632 S   0.5   0.9   0:12.22 code
 249456 nathan37  20   0  713016  54660  39508 S   0.4   0.2   0:19.39 gnome-terminal-
 254532 nathan37  20   0 1409.9g 120420  81720 S   0.4   0.5   0:09.33 code
   1639 splunkf+  20   0  429724 214896  66792 S   0.2   0.9   1:30.12 splunkd
 254405 nathan37  20   0 1393.9g 278772  86376 S   0.2   1.1   0:10.93 code
 322194 nathan37  20   0  235308   4972   3776 R   0.2   0.0   0:01.12 top
 331537 nathan37  20   0 1675720 942960 513468 S   0.2   3.9   0:08.75 vivado
